07-10 02:12:35.322 I/cnss-daemon( 1917): nl80211 response handler invoked
07-10 02:12:35.322 I/cnss-daemon( 1917): nl80211_response_handler: cmd 103, vendorID 4980, subcmd 13  received
07-10 02:12:35.353 I/SmartPower.com.miui.gallery/10083(28827)( 1970): background->idle(3003ms) R(broadcast start Intent { act=android.intent.action.BATTERY_CHANGED flg=0x60000010 (has extras) }) adj=901.
07-10 02:12:35.354 I/SmartPower.com.whatsapp/10806(5173)( 1970): background->idle(3002ms) R(broadcast start Intent { act=android.intent.action.BATTERY_CHANGED flg=0x60000010 (has extras) }) adj=900.
07-10 02:12:35.354 I/SmartPower.com.xiaomi.discover/10103(25154)( 1970): background->idle(3001ms) R(broadcast start Intent { act=android.intent.action.BATTERY_CHANGED flg=0x60000010 (has extras) }) adj=500.
07-10 02:12:35.356 I/SmartPower.com.miui.global.packageinstaller/10101(9120)( 1970): background->idle(3001ms) R(broadcast start Intent { act=android.intent.action.BATTERY_CHANGED flg=0x60000010 (has extras) }) adj=915.
07-10 02:12:36.056 I/CNSS    ( 1781): /sys/wifi/dump_in_progress doesn't exist
07-10 02:12:36.115 D/CompatibilityChangeReporter( 1970): Compat change id reported: 135634846; UID 10188; state: DISABLED
07-10 02:12:36.118 D/CompatibilityChangeReporter( 1970): Compat change id reported: 143937733; UID 10188; state: ENABLED
07-10 02:12:36.156 D/Zygote  ( 1139): Forked child process 10232
07-10 02:12:36.157 D/Boost   ( 1970): hostingType=broadcast, hostingName={com.android.chrome/com.google.firebase.iid.FirebaseInstanceIdReceiver}, callerPackage=com.google.android.gms, isSystem=true, isBoostNeeded=false.
07-10 02:12:36.158 I/ActivityManager( 1970): Start proc 10232:com.android.chrome/u0a188 for broadcast {com.android.chrome/com.google.firebase.iid.FirebaseInstanceIdReceiver} caller=com.google.android.gms
07-10 02:12:36.174 E/Zygote  (10232): process_name_ptr:10232 com.android.chrome
07-10 02:12:36.185 I/.android.chrome(10232): Using generational CollectorTypeCC GC.
07-10 02:12:36.200 D/nativeloader(10232): Load libframework-connectivity-tiramisu-jni.so using APEX ns com_android_tethering for caller /apex/com.android.tethering/javalib/framework-connectivity-t.jar: ok
07-10 02:12:36.205 W/System.err(10232): android.system.ErrnoException: open failed: ENOENT (No such file or directory)
07-10 02:12:36.205 W/System.err(10232): 	at libcore.io.Linux.open(Native Method)
07-10 02:12:36.205 W/System.err(10232): 	at libcore.io.ForwardingOs.open(ForwardingOs.java:579)
07-10 02:12:36.205 W/System.err(10232): 	at libcore.io.BlockGuardOs.open(BlockGuardOs.java:274)
07-10 02:12:36.205 W/System.err(10232): 	at libcore.io.ForwardingOs.open(ForwardingOs.java:579)
07-10 02:12:36.205 W/System.err(10232): 	at android.app.ActivityThread$AndroidOs.open(ActivityThread.java:8381)
07-10 02:12:36.205 W/System.err(10232): 	at android.system.Os.open(Os.java:524)
07-10 02:12:36.205 W/System.err(10232): 	at android.os.perfdebug.PerfDebugMonitorImpl.monitorVersionControl(PerfDebugMonitorImpl.java:206)
07-10 02:12:36.205 W/System.err(10232): 	at android.os.perfdebug.PerfDebugMonitorImpl.prepareMonitor(PerfDebugMonitorImpl.java:187)
07-10 02:12:36.205 W/System.err(10232): 	at android.app.ActivityThread.main(ActivityThread.java:8468)
07-10 02:12:36.205 W/System.err(10232): 	at java.lang.reflect.Method.invoke(Native Method)
07-10 02:12:36.206 W/System.err(10232): 	at com.android.internal.os.RuntimeInit$MethodAndArgsCaller.run(RuntimeInit.java:561)
07-10 02:12:36.206 W/System.err(10232): 	at com.android.internal.os.ZygoteInit.main(ZygoteInit.java:954)
07-10 02:12:36.206 I/MessageMonitor(10232): Load libmiui_runtime
07-10 02:12:36.210 D/SymlinkUtils( 1970): attachApplication file op go pass: 0 ms
07-10 02:12:36.211 I/SmartPower.com.android.chrome/10188(10232)( 1970): died->background(765221ms) R(process start ) adj=-10000.
07-10 02:12:36.215 D/CompatibilityChangeReporter( 1970): Compat change id reported: 168419799; UID 10188; state: DISABLED
07-10 02:12:36.215 D/CompatibilityInfo( 1970): mCompatibilityFlags - 0
07-10 02:12:36.215 D/CompatibilityInfo( 1970): applicationDensity - 440
07-10 02:12:36.215 D/CompatibilityInfo( 1970): applicationScale - 1.0
07-10 02:12:36.222 D/CompatibilityInfo( 1970): mCompatibilityFlags - 0
07-10 02:12:36.222 D/CompatibilityInfo( 1970): applicationDensity - 440
07-10 02:12:36.222 D/CompatibilityInfo( 1970): applicationScale - 1.0
07-10 02:12:36.227 I/MiuiNetworkPolicy( 1970): updateUidState uid = 10188, uidState = 11
07-10 02:12:36.227 D/CompatibilityChangeReporter(10232): Compat change id reported: 171979766; UID 10188; state: ENABLED
07-10 02:12:36.239 W/System  ( 1970): A resource failed to call close. 
07-10 02:12:36.239 W/System  ( 1970): A resource failed to call close. 
07-10 02:12:36.245 W/.android.chrome(10232): Failed to find entry 'classes.dex': Entry not found
07-10 02:12:36.248 D/nativeloader(10232): Configuring clns-4 for other apk /data/app/~~P1lFazOXf6L_-557DWbxDA==/com.google.android.trichromelibrary_787106333-Ix-ifP0sW5uhsqiAyTkxAw==/base.apk. target_sdk_version=36, uses_libraries=ALL, library_path=/data/app/~~1cdEexmdouSJ0FF47w5lbg==/com.android.chrome-w7dqLZmngKXhCZYNOI038Q==/lib/arm64:/data/app/~~1cdEexmdouSJ0FF47w5lbg==/com.android.chrome-w7dqLZmngKXhCZYNOI038Q==/base.apk!/lib/arm64-v8a:/data/app/~~P1lFazOXf6L_-557DWbxDA==/com.google.android.trichromelibrary_787106333-Ix-ifP0sW5uhsqiAyTkxAw==/base.apk!/lib/arm64-v8a, permitted_path=/data:/mnt/expand:/data/user/0/com.android.chrome
07-10 02:12:36.248 D/nativeloader(10232): Extending system_exposed_libraries: libmisys_jni.xiaomi.so:libbinauralrenderer_wrapper.qti.so:libhoaeffects.qti.so:libQOC.qti.so:libupdateprof.qti.so:libthermalclient.qti.so:libQOC.qti.so:libdiag_system.qti.so:libqape.qti.so:liblistenjni.qti.so:libxiaomi_modemdumpsdx55_jni.modem.so:libxiaomi_modemdump_jni.modem.so
07-10 02:12:36.273 D/nativeloader(10232): Configuring clns-5 for other apk /data/app/~~1cdEexmdouSJ0FF47w5lbg==/com.android.chrome-w7dqLZmngKXhCZYNOI038Q==/base.apk. target_sdk_version=36, uses_libraries=, library_path=/data/app/~~1cdEexmdouSJ0FF47w5lbg==/com.android.chrome-w7dqLZmngKXhCZYNOI038Q==/lib/arm64:/data/app/~~1cdEexmdouSJ0FF47w5lbg==/com.android.chrome-w7dqLZmngKXhCZYNOI038Q==/base.apk!/lib/arm64-v8a:/data/app/~~P1lFazOXf6L_-557DWbxDA==/com.google.android.trichromelibrary_787106333-Ix-ifP0sW5uhsqiAyTkxAw==/base.apk!/lib/arm64-v8a, permitted_path=/data:/mnt/expand:/data/user/0/com.android.chrome
07-10 02:12:36.311 D/nativeloader(10232): Load libframework-connectivity-jni.so using APEX ns com_android_tethering for caller /apex/com.android.tethering/javalib/framework-connectivity.jar: ok
07-10 02:12:36.314 I/Perf    (10232): Connecting to perf service.
07-10 02:12:36.324 V/GraphicsEnvironment(10232): ANGLE Developer option for 'com.android.chrome' set to: 'default'
07-10 02:12:36.325 V/GraphicsEnvironment(10232): ANGLE GameManagerService for com.android.chrome: false
07-10 02:12:36.325 V/GraphicsEnvironment(10232): App is not on the allowlist for updatable production driver.
07-10 02:12:36.332 I/ForceDarkHelperStubImpl(10232): initialize for com.android.chrome , ForceDarkOrigin
07-10 02:12:36.335 D/nativeloader(10232): Load libforcedarkimpl.so using system ns (caller=/system_ext/framework/miui-framework.jar): ok
07-10 02:12:36.336 D/.android.chrome(10232): JNI_OnLoad success
07-10 02:12:36.336 I/MiuiForceDarkConfig(10232): setConfig density:2.750000, mainRule:0, secondaryRule:0, tertiaryRule:0
07-10 02:12:36.341 I/LoadedApk(10232): No resource references to update in package com.google.android.trichromelibrary
07-10 02:12:36.342 D/NetworkSecurityConfig(10232): Using Network Security Config from resource 0_resource_name_obfuscated debugBuild: false
07-10 02:12:36.345 D/NetworkSecurityConfig(10232): Using Network Security Config from resource 0_resource_name_obfuscated debugBuild: false
07-10 02:12:36.364 I/cr_SplitCompatApp(10232): version=150.0.7871.63 (787106333) minSdkVersion=29 processName=com.android.chrome isIsolatedProcess=false splits=chrome,config.en,dev_ui,on_demand,stack_unwinder
07-10 02:12:36.405 I/cr_LibraryLoader(10232): Loading monochrome_64 from within /data/app/~~1cdEexmdouSJ0FF47w5lbg==/com.android.chrome-w7dqLZmngKXhCZYNOI038Q==/base.apk
07-10 02:12:36.420 D/nativeloader(10232): Load /data/app/~~1cdEexmdouSJ0FF47w5lbg==/com.android.chrome-w7dqLZmngKXhCZYNOI038Q==/base.apk!/lib/arm64-v8a/libchromium_android_linker.so using class loader ns clns-5 (caller=/data/app/~~1cdEexmdouSJ0FF47w5lbg==/com.android.chrome-w7dqLZmngKXhCZYNOI038Q==/base.apk): ok
07-10 02:12:36.421 I/cr_Linker(10232): loadLibraryImplLocked: monochrome_64, relroMode=1
07-10 02:12:36.445 D/DisplayFeatureHal( 1329): SensorRecordCallbackFunction
07-10 02:12:36.445 D/DisplayFeatureHal( 1329): DataCallback enter mLightRun 1  mInteracted_bl 196 mDisplayState 1  kStateOn 1
07-10 02:12:36.445 D/DisplayFeatureHal( 1329): DataCallback enter  mInteracted_bl: 196 lux:  140.5600
07-10 02:12:36.532 D/nativeloader(10232): Load /data/app/~~P1lFazOXf6L_-557DWbxDA==/com.google.android.trichromelibrary_787106333-Ix-ifP0sW5uhsqiAyTkxAw==/base.apk!/lib/arm64-v8a/libmonochrome_64.so using class loader ns clns-5 (caller=/data/app/~~1cdEexmdouSJ0FF47w5lbg==/com.android.chrome-w7dqLZmngKXhCZYNOI038Q==/base.apk): ok
07-10 02:12:36.607 I/cr_LibraryLoader(10232): Successfully loaded native library
07-10 02:12:36.619 I/cr_CachingUmaRecorder(10232): Flushed 8 samples from 8 histograms, 0 samples were dropped.
07-10 02:12:36.731 I/cr_CombinedPProvider(10232): #linkNativeInternal() 0
07-10 02:12:36.731 I/cr_PolicyProvider(10232): #setManagerAndSource() 0
07-10 02:12:36.737 I/cr_PolicyCacheProvider(10232): #refresh() true
07-10 02:12:36.753 D/DisplayFeatureHal( 1329): SensorRecordCallbackFunction
07-10 02:12:36.753 D/DisplayFeatureHal( 1329): DataCallback enter mLightRun 1  mInteracted_bl 196 mDisplayState 1  kStateOn 1
07-10 02:12:36.754 D/DisplayFeatureHal( 1329): DataCallback enter  mInteracted_bl: 196 lux:  138.9650
07-10 02:12:36.900 I/cr_SplitCompatClassLoader(10232): Splits: null
07-10 02:12:36.917 D/CompatibilityChangeReporter( 1970): Compat change id reported: 161145287; UID 10188; state: DISABLED
07-10 02:12:36.935 D/CompatibilityInfo( 1970): mCompatibilityFlags - 0
07-10 02:12:36.936 D/CompatibilityInfo( 1970): applicationDensity - 440
07-10 02:12:36.936 D/CompatibilityInfo( 1970): applicationScale - 1.0
07-10 02:12:36.942 D/CompatibilityInfo( 1970): mCompatibilityFlags - 0
07-10 02:12:36.943 D/CompatibilityInfo( 1970): applicationDensity - 440
07-10 02:12:36.943 D/CompatibilityInfo( 1970): applicationScale - 1.0
07-10 02:12:36.952 I/FirebaseMessaging(10232): FirebaseApp has not being initialized. Device might be in direct boot mode. Skip exporting delivery metrics to Big Query
07-10 02:12:36.971 I/MiuiNetworkPolicy( 1970): updateUidState uid = 10188, uidState = 19
07-10 02:12:37.114 D/BoundBrokerSvc(19252): onRebind: Intent { act=com.google.android.gms.libs.gmscorelogger.service.START dat=chimera-action:/... cmp=com.google.android.gms/.chimera.PersistentDirectBootAwareApiService }
07-10 02:12:37.327 D/LOWI-9.0.0.87( 1952): [LOWI-Scan] wait_event:Wait done with Cmd 103
07-10 02:12:37.327 D/LOWI-9.0.0.87( 1952): [LOWI-Scan] do_listen_events: Rcvd valid Netlink Cmd 0 Err 0
07-10 02:12:37.328 I/WifiHAL ( 1281): event received NL80211_CMD_VENDOR, vendor_id = 0x1374, subcmd = 0xd
07-10 02:12:37.328 I/cnss-daemon( 1917): nl80211 response handler invoked
07-10 02:12:37.329 I/cnss-daemon( 1917): nl80211_response_handler: cmd 103, vendorID 4980, subcmd 13  received
07-10 02:12:37.354 D/ProcessMemoryCleaner( 1970): Compact memory: com.whatsapp/10806(5173) state=hibernation adj=900 pri=311 usage=5 isKilled=false pss:113479 swap:93159
07-10 02:12:37.476 D/DisplayFeatureHal( 1329): SensorRecordCallbackFunction
07-10 02:12:37.476 D/DisplayFeatureHal( 1329): DataCallback enter mLightRun 1  mInteracted_bl 196 mDisplayState 1  kStateOn 1
07-10 02:12:37.476 D/DisplayFeatureHal( 1329): DataCallback enter  mInteracted_bl: 196 lux:  136.7312
07-10 02:12:37.581 D/DisplayFeatureHal( 1329): SensorRecordCallbackFunction
07-10 02:12:37.581 D/DisplayFeatureHal( 1329): DataCallback enter mLightRun 1  mInteracted_bl 196 mDisplayState 1  kStateOn 1
07-10 02:12:37.581 D/DisplayFeatureHal( 1329): DataCallback enter  mInteracted_bl: 196 lux:  138.0075
07-10 02:12:37.993 D/DisplayFeatureHal( 1329): SensorRecordCallbackFunction
07-10 02:12:37.993 D/DisplayFeatureHal( 1329): DataCallback enter mLightRun 1  mInteracted_bl 196 mDisplayState 1  kStateOn 1
07-10 02:12:37.993 D/DisplayFeatureHal( 1329): DataCallback enter  mInteracted_bl: 196 lux:  136.7312
07-10 02:12:38.096 D/DisplayFeatureHal( 1329): SensorRecordCallbackFunction
07-10 02:12:38.096 D/DisplayFeatureHal( 1329): DataCallback enter mLightRun 1  mInteracted_bl 196 mDisplayState 1  kStateOn 1
07-10 02:12:38.096 D/DisplayFeatureHal( 1329): DataCallback enter  mInteracted_bl: 196 lux:  138.0075
07-10 02:12:39.328 D/LOWI-9.0.0.87( 1952): [LOWI-Scan] wait_event:Wait done with Cmd 103
07-10 02:12:39.328 D/LOWI-9.0.0.87( 1952): [LOWI-Scan] do_listen_events: Rcvd valid Netlink Cmd 0 Err 0
07-10 02:12:39.329 I/cnss-daemon( 1917): nl80211 response handler invoked
07-10 02:12:39.329 I/cnss-daemon( 1917): nl80211_response_handler: cmd 103, vendorID 4980, subcmd 13  received
07-10 02:12:39.331 I/WifiHAL ( 1281): event received NL80211_CMD_VENDOR, vendor_id = 0x1374, subcmd = 0xd
07-10 02:12:39.435 D/DisplayFeatureHal( 1329): SensorRecordCallbackFunction
07-10 02:12:39.435 D/DisplayFeatureHal( 1329): DataCallback enter mLightRun 1  mInteracted_bl 196 mDisplayState 1  kStateOn 1
07-10 02:12:39.435 D/DisplayFeatureHal( 1329): DataCallback enter  mInteracted_bl: 196 lux:  136.7312
07-10 02:12:39.639 D/DisplayFeatureHal( 1329): SensorRecordCallbackFunction
07-10 02:12:39.639 D/DisplayFeatureHal( 1329): DataCallback enter mLightRun 1  mInteracted_bl 196 mDisplayState 1  kStateOn 1
07-10 02:12:39.639 D/DisplayFeatureHal( 1329): DataCallback enter  mInteracted_bl: 196 lux:  138.9650
07-10 02:12:39.950 D/DisplayFeatureHal( 1329): SensorRecordCallbackFunction
07-10 02:12:39.950 D/DisplayFeatureHal( 1329): DataCallback enter mLightRun 1  mInteracted_bl 196 mDisplayState 1  kStateOn 1
07-10 02:12:39.950 D/DisplayFeatureHal( 1329): DataCallback enter  mInteracted_bl: 196 lux:  136.7312
07-10 02:12:39.951 I/SmartPower.com.android.chrome/10188(10232)( 1970): background->idle(3739ms) R(service end com.android.chrome/org.chromium.chrome.browser.services.gcm.ChromeGcmListenerService) adj=905.
07-10 02:12:40.154 D/DisplayFeatureHal( 1329): SensorRecordCallbackFunction
07-10 02:12:40.154 D/DisplayFeatureHal( 1329): DataCallback enter mLightRun 1  mInteracted_bl 196 mDisplayState 1  kStateOn 1
07-10 02:12:40.154 D/DisplayFeatureHal( 1329): DataCallback enter  mInteracted_bl: 196 lux:  138.0075
07-10 02:12:40.464 D/DisplayFeatureHal( 1329): SensorRecordCallbackFunction
07-10 02:12:40.464 D/DisplayFeatureHal( 1329): DataCallback enter mLightRun 1  mInteracted_bl 196 mDisplayState 1  kStateOn 1
07-10 02:12:40.464 D/DisplayFeatureHal( 1329): DataCallback enter  mInteracted_bl: 196 lux:  140.5600
07-10 02:12:40.509 D/UiModeManager( 1970): updateConfigurationLocked: mDockState=0; mCarMode=false; mCar=false; mPowerSave=false; mComputedNightMode=true; mNightMode=2; uiMode=33
07-10 02:12:40.512 D/DynamicServiceK6( 3470): onEventReceive6 : USB plug = 2
07-10 02:12:40.513 D/DynamicService_WifiBt( 3470):  ACTION_BATTERY_CHANGED change,USB plug = 2
07-10 02:12:40.515 D/QtiCarrierConfigHelper( 3442): WARNING, no carrier configs on phone Id: 1
07-10 02:12:40.516 I/PowerUtils( 5771): getSurfaceTemprature temp: 36
07-10 02:12:40.518 D/PowerCheckerService( 7573): onBatteryChanged, mBatteryLevel = 66, status = 2, level = 66, plug = 2, scale = 100
07-10 02:12:40.519 I/PowerSaveService( 5771): onReceive: android.intent.action.BATTERY_CHANGED
07-10 02:12:40.519 I/PowerNoticeUI( 5771): handleBatteryChanged oldPlugType 2 mPlugType 2 oldBatteryLevel 66 mBatteryLevel 66 temperature 353
07-10 02:12:40.520 I/ChargerBatteryIntelligenceReceiver( 5771): onBatteryChanged temperature：35,plugType:2
07-10 02:12:40.520 D/PowerKeeper.Thermal( 7573): mBatteryTemperature: 35
07-10 02:12:40.521 D/PowerKeeper.FrozenApp( 7573): onBatteryChanged plug=true mBatteryPlugged=2
07-10 02:12:40.521 I/SmartPower.com.miui.gallery/10083(28827)( 1970): idle->background(5168ms) R(broadcast start Intent { act=android.intent.action.BATTERY_CHANGED flg=0x60000010 (has extras) }) adj=901.
07-10 02:12:40.524 V/DeviceStatisticsService( 1500): chargerType=2 batteryLevel=66 totalBatteryCapacity=4146900
07-10 02:12:40.525 I/SmartPower.com.whatsapp/10806(5173)( 1970): idle->background(5171ms) R(broadcast start Intent { act=android.intent.action.BATTERY_CHANGED flg=0x60000010 (has extras) }) adj=900.
07-10 02:12:40.527 I/SmartPower.com.xiaomi.discover/10103(25154)( 1970): idle->background(5172ms) R(broadcast start Intent { act=android.intent.action.BATTERY_CHANGED flg=0x60000010 (has extras) }) adj=500.
07-10 02:12:40.529 I/SmartPower.com.miui.global.packageinstaller/10101(9120)( 1970): idle->background(5173ms) R(broadcast start Intent { act=android.intent.action.BATTERY_CHANGED flg=0x60000010 (has extras) }) adj=915.
07-10 02:12:40.774 D/DisplayFeatureHal( 1329): SensorRecordCallbackFunction
07-10 02:12:40.774 D/DisplayFeatureHal( 1329): DataCallback enter mLightRun 1  mInteracted_bl 196 mDisplayState 1  kStateOn 1
07-10 02:12:40.774 D/DisplayFeatureHal( 1329): DataCallback enter  mInteracted_bl: 196 lux:  138.9650
07-10 02:12:40.967 D/MiuiNetworkPolicy( 1970): updateLimit mLimitEnabled=true,enabled=false,mNetworkPriorityMode=255,mThermalForceMode=0
07-10 02:12:40.969 I/MiuiNetworkPolicy( 1970): getDisableLimitTimeout when thermal mode is:0
07-10 02:12:41.230 D/SLM-SRV-SLAService( 1970): checktemp temperature = 36265 temperature_average = 36590 isPerformanceMode = false thermal_enable_slm = true
07-10 02:12:41.336 I/WifiHAL ( 1281): event received NL80211_CMD_VENDOR, vendor_id = 0x1374, subcmd = 0xd
07-10 02:12:41.336 D/LOWI-9.0.0.87( 1952): [LOWI-Scan] wait_event:Wait done with Cmd 103
07-10 02:12:41.336 D/LOWI-9.0.0.87( 1952): [LOWI-Scan] do_listen_events: Rcvd valid Netlink Cmd 0 Err 0
07-10 02:12:41.337 I/cnss-daemon( 1917): nl80211 response handler invoked
07-10 02:12:41.337 I/cnss-daemon( 1917): nl80211_response_handler: cmd 103, vendorID 4980, subcmd 13  received
07-10 02:12:41.451 I/.gms.persistent(19252): Explicit concurrent copying GC freed 7635KB AllocSpace bytes, 0(0B) LOS objects, 46% free, 27MB/51MB, paused 389us,41us total 196.507ms
07-10 02:12:42.506 D/HeapUsage Monitor( 1970): HeapAllocSize : 127MB; monitorSize : 500MB
07-10 02:12:43.276 W/ThreadPoolForeg(30049): type=1400 audit(0.0:293208): avc: denied { write } for name="traced_producer" dev="tmpfs" ino=15226 scontext=u:r:gmscore_app:s0:c512,c768 tcontext=u:object_r:traced_producer_socket:s0 tclass=sock_file permissive=0 app=com.google.android.gms
07-10 02:12:43.340 D/LOWI-9.0.0.87( 1952): [LOWI-Scan] wait_event:Wait done with Cmd 103
07-10 02:12:43.340 D/LOWI-9.0.0.87( 1952): [LOWI-Scan] do_listen_events: Rcvd valid Netlink Cmd 0 Err 0
07-10 02:12:43.341 I/cnss-daemon( 1917): nl80211 response handler invoked
07-10 02:12:43.341 I/cnss-daemon( 1917): nl80211_response_handler: cmd 103, vendorID 4980, subcmd 13  received
07-10 02:12:43.342 I/WifiHAL ( 1281): event received NL80211_CMD_VENDOR, vendor_id = 0x1374, subcmd = 0xd
07-10 02:12:43.525 I/SmartPower.com.miui.gallery/10083(28827)( 1970): background->idle(3004ms) R(broadcast start Intent { act=android.intent.action.BATTERY_CHANGED flg=0x60000010 (has extras) }) adj=901.
07-10 02:12:43.525 I/SmartPower.com.whatsapp/10806(5173)( 1970): background->idle(3001ms) R(broadcast start Intent { act=android.intent.action.BATTERY_CHANGED flg=0x60000010 (has extras) }) adj=900.
07-10 02:12:43.528 I/SmartPower.com.xiaomi.discover/10103(25154)( 1970): background->idle(3001ms) R(broadcast start Intent { act=android.intent.action.BATTERY_CHANGED flg=0x60000010 (has extras) }) adj=500.
07-10 02:12:43.530 I/SmartPower.com.miui.global.packageinstaller/10101(9120)( 1970): background->idle(3002ms) R(broadcast start Intent { act=android.intent.action.BATTERY_CHANGED flg=0x60000010 (has extras) }) adj=915.
07-10 02:12:44.006 D/DynamicServiceK6( 3470): onEventReceive6 : USB plug = 2
07-10 02:12:44.007 D/DynamicService_WifiBt( 3470):  ACTION_BATTERY_CHANGED change,USB plug = 2
07-10 02:12:44.007 D/QtiCarrierConfigHelper( 3442): WARNING, no carrier configs on phone Id: 1
07-10 02:12:44.008 I/PowerUtils( 5771): getSurfaceTemprature temp: 36
07-10 02:12:44.009 D/UiModeManager( 1970): updateConfigurationLocked: mDockState=0; mCarMode=false; mCar=false; mPowerSave=false; mComputedNightMode=true; mNightMode=2; uiMode=33
07-10 02:12:44.015 I/PowerSaveService( 5771): onReceive: android.intent.action.BATTERY_CHANGED
07-10 02:12:44.016 I/PowerNoticeUI( 5771): handleBatteryChanged oldPlugType 2 mPlugType 2 oldBatteryLevel 66 mBatteryLevel 66 temperature 352
07-10 02:12:44.017 I/ChargerBatteryIntelligenceReceiver( 5771): onBatteryChanged temperature：35,plugType:2
07-10 02:12:44.017 D/PowerCheckerService( 7573): onBatteryChanged, mBatteryLevel = 66, status = 2, level = 66, plug = 2, scale = 100
07-10 02:12:44.018 D/PowerKeeper.Thermal( 7573): mBatteryTemperature: 35
07-10 02:12:44.018 D/PowerKeeper.FrozenApp( 7573): onBatteryChanged plug=true mBatteryPlugged=2
07-10 02:12:44.019 I/android_os_HwBinder( 1970): HwBinder: Starting thread pool for getting: vendor.xiaomi.hardware.micharge@1.0::IMiCharge/default
07-10 02:12:44.019 E/vendor.xiaomi.hardware.micharge@1.0-service( 1332): Failed to open node /sys/class/power_supply/wireless/reverse_chg_mode
07-10 02:12:44.019 I/vendor.xiaomi.hardware.micharge@1.0-service( 1332): ReadFilePathValue path = /sys/class/power_supply/wireless/reverse_chg_mode value = 
07-10 02:12:44.020 V/DeviceStatisticsService( 1500): chargerType=2 batteryLevel=66 totalBatteryCapacity=4148400
07-10 02:12:44.023 I/android_os_HwBinder( 1970): HwBinder: Starting thread pool for getting: vendor.xiaomi.hardware.micharge@1.0::IMiCharge/default
07-10 02:12:44.024 I/vendor.xiaomi.hardware.micharge@1.0-service( 1332): ReadFilePathValue path = /sys/class/power_supply/bms/fastcharge_mode value = 0
07-10 02:12:44.353 D/UiModeManager( 1970): updateConfigurationLocked: mDockState=0; mCarMode=false; mCar=false; mPowerSave=false; mComputedNightMode=true; mNightMode=2; uiMode=33
07-10 02:12:44.354 D/DynamicServiceK6( 3470): onEventReceive6 : USB plug = 2
07-10 02:12:44.354 D/DynamicService_WifiBt( 3470):  ACTION_BATTERY_CHANGED change,USB plug = 2
07-10 02:12:44.355 D/QtiCarrierConfigHelper( 3442): WARNING, no carrier configs on phone Id: 1
07-10 02:12:44.358 I/PowerUtils( 5771): getSurfaceTemprature temp: 36
07-10 02:12:44.359 I/PowerSaveService( 5771): onReceive: android.intent.action.BATTERY_CHANGED
07-10 02:12:44.359 I/PowerNoticeUI( 5771): handleBatteryChanged oldPlugType 2 mPlugType 2 oldBatteryLevel 66 mBatteryLevel 66 temperature 352
07-10 02:12:44.360 I/ChargerBatteryIntelligenceReceiver( 5771): onBatteryChanged temperature：35,plugType:2
07-10 02:12:44.360 D/PowerCheckerService( 7573): onBatteryChanged, mBatteryLevel = 66, status = 2, level = 66, plug = 2, scale = 100
07-10 02:12:44.364 D/PowerKeeper.Thermal( 7573): mBatteryTemperature: 35
07-10 02:12:44.367 V/DeviceStatisticsService( 1500): chargerType=2 batteryLevel=66 totalBatteryCapacity=4148400
07-10 02:12:44.368 D/PowerKeeper.FrozenApp( 7573): onBatteryChanged plug=true mBatteryPlugged=2
07-10 02:12:44.588 D/DisplayFeatureHal( 1329): SensorRecordCallbackFunction
07-10 02:12:44.588 D/DisplayFeatureHal( 1329): DataCallback enter mLightRun 1  mInteracted_bl 196 mDisplayState 1  kStateOn 1
07-10 02:12:44.588 D/DisplayFeatureHal( 1329): DataCallback enter  mInteracted_bl: 196 lux:  140.5600
07-10 02:12:44.794 D/DisplayFeatureHal( 1329): SensorRecordCallbackFunction
07-10 02:12:44.794 D/DisplayFeatureHal( 1329): DataCallback enter mLightRun 1  mInteracted_bl 196 mDisplayState 1  kStateOn 1
07-10 02:12:44.795 D/DisplayFeatureHal( 1329): DataCallback enter  mInteracted_bl: 196 lux:  138.6462
07-10 02:12:45.346 D/LOWI-9.0.0.87( 1952): [LOWI-Scan] wait_event:Wait done with Cmd 103
07-10 02:12:45.346 D/LOWI-9.0.0.87( 1952): [LOWI-Scan] do_listen_events: Rcvd valid Netlink Cmd 0 Err 0
07-10 02:12:45.347 I/cnss-daemon( 1917): nl80211 response handler invoked
07-10 02:12:45.347 I/cnss-daemon( 1917): nl80211_response_handler: cmd 103, vendorID 4980, subcmd 13  received
07-10 02:12:45.348 I/WifiHAL ( 1281): event received NL80211_CMD_VENDOR, vendor_id = 0x1374, subcmd = 0xd
07-10 02:12:45.399 D/QCNEJ/WlanStaInfoRelay( 3416): Received action: android.net.wifi.RSSI_CHANGED
07-10 02:12:45.410 W/Settings(16095): Setting device_provisioned has moved from android.provider.Settings.Secure to android.provider.Settings.Global.
07-10 02:12:45.411 I/JoyoseCloudControlManager3(16095): network metered changed, network metered: false, deviceProvisioned: true, scAllowConn: true, try to setNetworkAccessEnabled: true
07-10 02:12:45.422 I/BugleRcsEngine(31479): handleMessage processing message:[NOTIFY_UPTIME_IGNORE_STATE_CHANGED] with [non-null]:RcsEngineImpl reference [CONTEXT log_prefix="RcsEngineImpl[DUAL_REG]:[b8106a40-a1ab]>Handler" thread_id=637 ]
07-10 02:12:45.432 I/BugleRcsEngine(31479): Connected state: [1], networkType: [WIFI] [CONTEXT thread_id=630 ]
07-10 02:12:45.435 D/WM-WorkConstraintsTrack( 4516): NetworkRequestConstraintController onCapabilitiesChanged callback
07-10 02:12:45.439 I/SmartPower.com.google.android.apps.messaging/10194(4516)( 1970): idle->background(81974ms) R(content provider start ContentProviderRecord{d023222 u0 com.google.android.apps.messaging/.shared.datamodel.provider.sharedstorage.SharedStorageProvider}) adj=200.
07-10 02:12:45.449 D/ConnectivityService( 1970): NetReassign [no changes] [c 1] [a 4] [i 5]
07-10 02:12:45.452 I/NearbyMediums(19252): Wifi changed new SSID: "SRH Gast Wifi"
07-10 02:12:45.452 I/NearbyMediums(19252): WifiLanConnectivityInfo is not changed, skip notify.
07-10 02:12:45.516 D/DisplayFeatureHal( 1329): SensorRecordCallbackFunction
07-10 02:12:45.516 D/DisplayFeatureHal( 1329): DataCallback enter mLightRun 1  mInteracted_bl 196 mDisplayState 1  kStateOn 1
07-10 02:12:45.516 D/DisplayFeatureHal( 1329): DataCallback enter  mInteracted_bl: 196 lux:  136.7312
07-10 02:12:45.526 D/ProcessMemoryCleaner( 1970): Compact memory: com.whatsapp/10806(5173) state=hibernation adj=900 pri=311 usage=5 isKilled=false pss:113479 swap:93159
07-10 02:12:45.618 D/DisplayFeatureHal( 1329): SensorRecordCallbackFunction
07-10 02:12:45.618 D/DisplayFeatureHal( 1329): DataCallback enter mLightRun 1  mInteracted_bl 196 mDisplayState 1  kStateOn 1
07-10 02:12:45.618 D/DisplayFeatureHal( 1329): DataCallback enter  mInteracted_bl: 196 lux:  138.0075
07-10 02:12:45.673 I/keystore2(  718): keystore2::watchdog: Watchdog thread idle -> terminating. Have a great day.
07-10 02:12:45.932 I/NearbySharing(19252): Network state changed: NetworkState(isRestricted=false, isOnline=true, isCongested=false, isMetered=false, isWifiConnected=true)
07-10 02:12:45.975 D/MiuiNetworkPolicy( 1970): updateLimit mLimitEnabled=false,enabled=true,mNetworkPriorityMode=255,mThermalForceMode=0
07-10 02:12:45.976 I/MiuiNetworkPolicy( 1970): getEnableLimitTimeout when thermal mode is:0
07-10 02:12:46.500 I/CNSS    ( 1781): /sys/wifi/dump_in_progress doesn't exist
07-10 02:12:46.544 D/DisplayFeatureHal( 1329): SensorRecordCallbackFunction
07-10 02:12:46.544 D/DisplayFeatureHal( 1329): DataCallback enter mLightRun 1  mInteracted_bl 196 mDisplayState 1  kStateOn 1
07-10 02:12:46.544 D/DisplayFeatureHal( 1329): DataCallback enter  mInteracted_bl: 196 lux:  136.7312
07-10 02:12:46.600 I/vendor.rmt_storage( 1396): rmt_storage_connect_cb: clnt_h=0x480 conn_h=0xb4000078a9205020
07-10 02:12:46.601 I/vendor.rmt_storage( 1396): rmt_storage_rw_iovec_cb: /boot/modem_fs2: req_h=0x480 msg_id=3: R/W request received (wr_count 1145)
07-10 02:12:46.601 I/vendor.rmt_storage( 1396): wakelock acquired: 1, error no: 11
07-10 02:12:46.601 I/vendor.rmt_storage( 1396): rmt_storage_client_thread: /boot/modem_fs2: Unblock worker thread (th_id: 516077640880)
07-10 02:12:46.740 I/vendor.rmt_storage( 1396): rmt_storage_client_thread: /boot/modem_fs2: req_h=0x480 msg_id=3: Bytes written = 3145728, wr_count 1145
07-10 02:12:46.740 I/vendor.rmt_storage( 1396): rmt_storage_client_thread: /boot/modem_fs2: req_h=0x480 msg_id=3: Send response: res=0 err=0, wr_count 1145
07-10 02:12:46.741 I/vendor.rmt_storage( 1396): rmt_storage_client_thread: /boot/modem_fs2: About to block rmt_storage client thread (th_id: 516077640880) wakelock released: 1, error no: 0
07-10 02:12:46.741 I/vendor.rmt_storage( 1396): 
07-10 02:12:46.743 I/vendor.rmt_storage( 1396): rmt_storage_disconnect_cb: clnt_h=0x480 conn_h=0xb4000078a9205020
07-10 02:12:46.748 D/DisplayFeatureHal( 1329): SensorRecordCallbackFunction
07-10 02:12:46.748 D/DisplayFeatureHal( 1329): DataCallback enter mLightRun 1  mInteracted_bl 196 mDisplayState 1  kStateOn 1
07-10 02:12:46.748 D/DisplayFeatureHal( 1329): DataCallback enter  mInteracted_bl: 196 lux:  138.6462
07-10 02:12:47.348 D/LOWI-9.0.0.87( 1952): [LOWI-Scan] wait_event:Wait done with Cmd 103
07-10 02:12:47.348 D/LOWI-9.0.0.87( 1952): [LOWI-Scan] do_listen_events: Rcvd valid Netlink Cmd 0 Err 0
07-10 02:12:47.348 I/cnss-daemon( 1917): nl80211 response handler invoked
07-10 02:12:47.348 I/cnss-daemon( 1917): nl80211_response_handler: cmd 103, vendorID 4980, subcmd 13  received
07-10 02:12:47.349 I/WifiHAL ( 1281): event received NL80211_CMD_VENDOR, vendor_id = 0x1374, subcmd = 0xd
07-10 02:12:47.985 D/DisplayFeatureHal( 1329): SensorRecordCallbackFunction
07-10 02:12:47.985 D/DisplayFeatureHal( 1329): DataCallback enter mLightRun 1  mInteracted_bl 196 mDisplayState 1  kStateOn 1
07-10 02:12:47.985 D/DisplayFeatureHal( 1329): DataCallback enter  mInteracted_bl: 196 lux:  136.7312
07-10 02:12:48.294 D/DisplayFeatureHal( 1329): SensorRecordCallbackFunction
07-10 02:12:48.295 D/DisplayFeatureHal( 1329): DataCallback enter mLightRun 1  mInteracted_bl 196 mDisplayState 1  kStateOn 1
07-10 02:12:48.295 D/DisplayFeatureHal( 1329): DataCallback enter  mInteracted_bl: 196 lux:  138.0075
07-10 02:12:48.442 I/SmartPower.com.google.android.apps.messaging/10194(4516)( 1970): background->idle(3003ms) R(content provider start ContentProviderRecord{d023222 u0 com.google.android.apps.messaging/.shared.datamodel.provider.sharedstorage.SharedStorageProvider}) adj=200.
07-10 02:12:48.444 D/QCNEJ/WlanStaInfoRelay( 3416): Received action: android.net.wifi.RSSI_CHANGED
07-10 02:12:48.450 W/Settings(16095): Setting device_provisioned has moved from android.provider.Settings.Secure to android.provider.Settings.Global.
07-10 02:12:48.450 I/JoyoseCloudControlManager3(16095): network metered changed, network metered: false, deviceProvisioned: true, scAllowConn: true, try to setNetworkAccessEnabled: true
07-10 02:12:48.458 I/BugleRcsEngine(31479): handleMessage processing message:[NOTIFY_UPTIME_IGNORE_STATE_CHANGED] with [non-null]:RcsEngineImpl reference [CONTEXT log_prefix="RcsEngineImpl[DUAL_REG]:[b8106a40-a1ab]>Handler" thread_id=637 ]
07-10 02:12:48.458 I/BugleRcsEngine(31479): Connected state: [1], networkType: [WIFI] [CONTEXT thread_id=630 ]
07-10 02:12:48.477 D/WM-WorkConstraintsTrack( 4516): NetworkRequestConstraintController onCapabilitiesChanged callback
07-10 02:12:48.488 I/NearbyMediums(19252): Wifi changed new SSID: "SRH Gast Wifi"
07-10 02:12:48.488 I/NearbyMediums(19252): WifiLanConnectivityInfo is not changed, skip notify.
07-10 02:12:48.492 D/ConnectivityService( 1970): NetReassign [no changes] [c 1] [a 3] [i 6]
07-10 02:12:48.672 D/UiModeManager( 1970): updateConfigurationLocked: mDockState=0; mCarMode=false; mCar=false; mPowerSave=false; mComputedNightMode=true; mNightMode=2; uiMode=33
07-10 02:12:48.673 D/DynamicServiceK6( 3470): onEventReceive6 : USB plug = 2
07-10 02:12:48.674 D/DynamicService_WifiBt( 3470):  ACTION_BATTERY_CHANGED change,USB plug = 2
07-10 02:12:48.676 D/QtiCarrierConfigHelper( 3442): WARNING, no carrier configs on phone Id: 1
07-10 02:12:48.678 I/PowerUtils( 5771): getSurfaceTemprature temp: 36
07-10 02:12:48.679 I/PowerSaveService( 5771): onReceive: android.intent.action.BATTERY_CHANGED
07-10 02:12:48.679 D/PowerCheckerService( 7573): onBatteryChanged, mBatteryLevel = 66, status = 2, level = 66, plug = 2, scale = 100
07-10 02:12:48.679 I/PowerNoticeUI( 5771): handleBatteryChanged oldPlugType 2 mPlugType 2 oldBatteryLevel 66 mBatteryLevel 66 temperature 352
07-10 02:12:48.680 I/ChargerBatteryIntelligenceReceiver( 5771): onBatteryChanged temperature：35,plugType:2
07-10 02:12:48.680 D/PowerKeeper.Thermal( 7573): mBatteryTemperature: 35
07-10 02:12:48.681 I/SmartPower.com.miui.gallery/10083(28827)( 1970): idle->background(5156ms) R(broadcast start Intent { act=android.intent.action.BATTERY_CHANGED flg=0x60000010 (has extras) }) adj=901.
07-10 02:12:48.682 I/SmartPower.com.whatsapp/10806(5173)( 1970): idle->background(5157ms) R(broadcast start Intent { act=android.intent.action.BATTERY_CHANGED flg=0x60000010 (has extras) }) adj=900.
07-10 02:12:48.683 I/SmartPower.com.xiaomi.discover/10103(25154)( 1970): idle->background(5155ms) R(broadcast start Intent { act=android.intent.action.BATTERY_CHANGED flg=0x60000010 (has extras) }) adj=500.
07-10 02:12:48.684 I/SmartPower.com.miui.global.packageinstaller/10101(9120)( 1970): idle->background(5153ms) R(broadcast start Intent { act=android.intent.action.BATTERY_CHANGED flg=0x60000010 (has extras) }) adj=905.
07-10 02:12:48.684 D/PowerKeeper.FrozenApp( 7573): onBatteryChanged plug=true mBatteryPlugged=2
07-10 02:12:48.685 V/DeviceStatisticsService( 1500): chargerType=2 batteryLevel=66 totalBatteryCapacity=4148400
07-10 02:12:48.968 D/MIUIInput( 1970): [MotionEvent] publisher action=0x4, 292132485, channel '8500e84 NavigationBar0 (server)'
07-10 02:12:48.968 D/MIUIInput( 1970): [MotionEvent] publisher action=0x4, 292132485, channel '1453ccc GoogleDiscoverWindow (server)'
07-10 02:12:48.968 D/MIUIInput( 1970): [MotionEvent] publisher action=0x0, 292132485, channel '59d95de com.miui.home/com.miui.home.launcher.Launcher (server)'
07-10 02:12:48.968 D/MIUIInput( 1970): [MotionEvent] publisher action=0x0, 292132485, channel '[Gesture Monitor] miui-gesture (server)'
07-10 02:12:48.970 D/EventBus( 3534): No subscribers registered for event class com.miui.home.launcher.common.messages.EndSpringAnimatorMessage
07-10 02:12:48.971 D/EventBus( 3534): No subscribers registered for event class org.greenrobot.eventbus.NoSubscriberEvent
07-10 02:12:48.972 D/FeedSwipeController( 3534): touchState : 0 scrolling : false normalEditing : false WidgetThumbnailViewShowing : false UninstallDialogShowing : false isMinusScreenShowing: false
07-10 02:12:48.972 D/FeedSwipeController( 3534): can not use
07-10 02:12:48.973 E/vendor.qti.hardware.perf@2.2-service( 1301): Unknown params
07-10 02:12:48.973 D/Launcher.StatusBarController( 3534): try intercept touch, isProxySurvive=true
07-10 02:12:48.975 D/Launcher.Workspace( 3534): Workspace touch down
07-10 02:12:48.975 D/ScreenView_Workspace( 3534): onIntercept:0.0
07-10 02:12:48.975 D/ScreenView_Workspace( 3534): not intercept
07-10 02:12:48.975 D/Launcher.CellLayout( 3534): touch item:ShortcutInfo, id=950, itemType=0, user=UserHandle{0}, mIconType=0, pkgName=com.android.camera, className=com.android.camera.Camera, screenId=1, container=-100, cellX=3, cellY=5, spanX=1, spanY=1
07-10 02:12:48.975 D/Launcher.Boost( 3534): bindcore 200
07-10 02:12:48.976 D/Launcher.itemIcon( 3534): folmeDown
07-10 02:12:48.978 I/NearbySharing(19252): Network state changed: NetworkState(isRestricted=false, isOnline=true, isCongested=false, isMetered=false, isWifiConnected=true)
07-10 02:12:49.012 D/DisplayFeatureHal( 1329): SensorRecordCallbackFunction
07-10 02:12:49.012 D/DisplayFeatureHal( 1329): DataCallback enter mLightRun 1  mInteracted_bl 196 mDisplayState 1  kStateOn 1
07-10 02:12:49.012 D/DisplayFeatureHal( 1329): DataCallback enter  mInteracted_bl: 196 lux:  136.7312
07-10 02:12:49.025 E/vendor.qti.hardware.perf@2.2-service( 1301): Unknown params
07-10 02:12:49.025 E/vendor.qti.hardware.perf@2.2-service( 1301): Unknown params
07-10 02:12:49.025 E/vendor.qti.hardware.perf@2.2-service( 1301): Unknown params
07-10 02:12:49.026 E/vendor.qti.hardware.perf@2.2-service( 1301): Unknown params
07-10 02:12:49.034 E/StateManager( 3534): setWorkspaceProperty  state=AllAppsState
07-10 02:12:49.034 E/StateManager( 3534): setShortcutMenuLayerProperty  state=AllAppsState   alpha=1.0   scale=1.0
07-10 02:12:49.035 D/StateManager( 3534): setHotseatsProperty: hotseats.Visiblity = 0 ,hotseats.Alpha = 1.0 ,hotseats.TranslationY = 0.0 ,hotseats.TranslationX = 0.0 ,isInNormalEditing = false
07-10 02:12:49.035 E/RecentsViewStateController( 3534): setState: state=AllAppsState   mIsIgnoreOverviewAnim=false
07-10 02:12:49.035 D/StateManager( 3534): LauncherState changed, from com.miui.home.launcher.LauncherState@e6ee160 to com.miui.home.launcher.uioverrides.AllAppsState@81f8667
07-10 02:12:49.035 D/Launcher( 3534): notifyBackGestureStatus
07-10 02:12:49.036 E/RotationHelper( 3534): setCurrentStateRequest: request=0
07-10 02:12:49.036 D/LauncherAssistantCompatGoogle( 3534): onStateChanged com.google.android.libraries.gsa.launcherclient.LauncherClient@3be19af
07-10 02:12:49.037 E/BranchAllAppsIndicator( 3534): changedByBranch: callBack = null
07-10 02:12:49.037 E/Launcher( 3534): notifyBackGestureStatus:run usingFsGesture=false   show=true   focus=true   pause=false
07-10 02:12:49.038 D/Launcher.DragLayer( 3534): findActiveController, com.miui.home.launcher.uioverrides.AllAppsSwipeController@b09cc14
07-10 02:12:49.038 D/Launcher.Workspace( 3534): Workspace touch up or cancel
07-10 02:12:49.038 E/BranchAllAppsIndicator( 3534): changedByBranch: callBack = null
07-10 02:12:49.038 D/Launcher.itemIcon( 3534): folmeUp
07-10 02:12:49.041 D/RecentsContainer( 3534): onApplyWindowInsets, insets=WindowInsets{
07-10 02:12:49.041 D/RecentsContainer( 3534):     statusBars=Insets{left=0, top=93, right=0, bottom=0} max=Insets{left=0, top=93, right=0, bottom=0} vis=true
07-10 02:12:49.041 D/RecentsContainer( 3534):     navigationBars=Insets{left=0, top=0, right=0, bottom=130} max=Insets{left=0, top=0, right=0, bottom=130} vis=true
07-10 02:12:49.041 D/RecentsContainer( 3534):     captionBar=Insets{left=0, top=0, right=0, bottom=0} max=null vis=false
07-10 02:12:49.041 D/RecentsContainer( 3534):     ime=Insets{left=0, top=0, right=0, bottom=0} max=null vis=false
07-10 02:12:49.041 D/RecentsContainer( 3534):     systemGestures=Insets{left=0, top=126, right=0, bottom=130} max=Insets{left=0, top=126, right=0, bottom=130} vis=true
07-10 02:12:49.041 D/RecentsContainer( 3534):     mandatorySystemGestures=Insets{left=0, top=126, right=0, bottom=130} max=Insets{left=0, top=126, right=0, bottom=130} vis=true
07-10 02:12:49.041 D/RecentsContainer( 3534):     tappableElement=Insets{left=0, top=93, right=0, bottom=130} max=Insets{left=0, top=93, right=0, bottom=130} vis=true
07-10 02:12:49.041 D/RecentsContainer( 3534):     displayCutout=Insets{left=0, top=93, right=0, bottom=0} max=Insets{left=0, top=93, right=0, bottom=0} vis=true
07-10 02:12:49.041 D/RecentsContainer( 3534):     windowDecor=null max=null vis=false
07-10 02:12:49.041 D/RecentsContainer( 3534):     cutout=DisplayCutout{insets=Rect(0, 93 - 0, 0) waterfall=Insets{left=0, top=0, right=0, bottom=0} boundingRect={Bounds=[Rect(0, 0 - 0, 0), Rect(503, 0 - 577, 93), Rect(0, 0 - 0, 0), Rect(0, 0 - 0, 0)]} cutoutPathParserInfo={CutoutPathParserInfo{displayWidth=1080 displayHeight=2400 physicalDisplayWidth=1080 physicalDisplayHeight=2400 density={2.75} cutoutSpec={M 0,0 H -37 V 93 H 37 V 0 H 0 Z} rotation={0} scale={1.0} physicalPixelDisplaySizeRatio={1.0}}}}
07-10 02:12:49.041 D/RecentsContainer( 3534):     roundedCorners=RoundedCorners{[RoundedCorner{position=TopLeft, radius=102, center=Point(102, 102)}, RoundedCorner{position=TopRight, radius=102, center=Point(978, 102)}, RoundedCorner{position=BottomRight, radius=102, center=Point(978, 2298)}, RoundedCorner{position=BottomLeft, radius=102, center=Point(102, 2298)}]}
07-10 02:12:49.041 D/RecentsContainer( 3534):     privacyIndicatorBounds=PrivacyIndicatorBounds {static bounds=Rect(34, 0 - 70, 93) rotation=0}
07-10 02:12:49.041 D/RecentsContainer( 3534):     compatInsetsTypes=143
07-10 02:12:49.041 D/RecentsContainer( 3534):     compatIgnoreVisibility=true
07-10 02:12:49.041 D/RecentsContainer( 3534):     systemWindowInsetsConsumed=false
07-10 02:12:49.041 D/RecentsContainer( 3534):     stableInsetsConsumed=false
07-10 02:12:49.041 D/RecentsContainer( 3534):     displayCutoutConsumed=false
07-10 02:12:49.041 D/RecentsContainer( 3534):     }, rotation=0
07-10 02:12:49.065 D/MIUIInput( 1970): [MotionEvent] publisher action=0x1, 292132583, channel '59d95de com.miui.home/com.miui.home.launcher.Launcher (server)'
07-10 02:12:49.065 D/MIUIInput( 1970): [MotionEvent] publisher action=0x1, 292132583, channel '[Gesture Monitor] miui-gesture (server)'
07-10 02:12:49.067 E/vendor.qti.hardware.perf@2.2-service( 1301): Unknown params
07-10 02:12:49.067 E/vendor.qti.hardware.perf@2.2-service( 1301): Unknown params
07-10 02:12:49.069 E/vendor.qti.hardware.perf@2.2-service( 1301): Unknown params
07-10 02:12:49.069 E/vendor.qti.hardware.perf@2.2-service( 1301): Unknown params
07-10 02:12:49.070 E/vendor.qti.hardware.perf@2.2-service( 1301): Unknown params
07-10 02:12:49.071 E/vendor.qti.hardware.perf@2.2-service( 1301): Unknown params
07-10 02:12:49.084 E/RotationHelper( 3534): setCurrentStateRequest: request=0
07-10 02:12:49.084 D/LauncherAssistantCompatGoogle( 3534): onStateChanged com.google.android.libraries.gsa.launcherclient.LauncherClient@3be19af
07-10 02:12:49.176 D/Launcher.Boost( 3534): bindcore 64
07-10 02:12:49.265 E/RotationHelper( 3534): setCurrentStateRequest: request=0
07-10 02:12:49.267 D/StateManager( 3534): goToState  state=AllAppsState   anim=false
07-10 02:12:49.267 I/HandWritingStubImpl( 3534): refreshLastKeyboardType: 1
07-10 02:12:49.268 I/HandWritingStubImpl( 3534): getCurrentKeyboardType: 1
07-10 02:12:49.269 W/InputMethodManagerService( 1970): Clear show forced flag.
07-10 02:12:49.271 I/GoogleInputMethodService(18503): GoogleInputMethodService.onFinishInput():2276 
07-10 02:12:49.272 I/Module  (18503): DeviceLockedStatusModuleProvider$Module.updateDeviceLockedStatusInternal():129 repeatCheckTimes = 0, locked = false
07-10 02:12:49.273 I/GoogleInputMethodService(18503): GoogleInputMethodService.onStartInput():1460 onStartInput(EditorInfo{EditorInfo{packageName=com.miui.home, inputType=0, inputTypeString=NULL, enableLearning=false, autoCorrection=false, autoComplete=false, imeOptions=0, privateImeOptions=null, actionName=UNSPECIFIED, actionLabel=null, initialSelStart=-1, initialSelEnd=-1, initialCapsMode=0, label=null, fieldId=2131361908, fieldName=null, extras=Bundle[mParcelledData.dataSize=72], hintText=null, hintLocales=[]}}, false)
07-10 02:12:49.274 I/LatinIMEBase(18503): LatinIMEBase.updateInputViewCoverNavigation():317 Update input view padding, isNavbarOverInputWindow=false, bottom inset=130
07-10 02:12:49.275 I/Module  (18503): DeviceLockedStatusModuleProvider$Module.updateDeviceLockedStatusInternal():129 repeatCheckTimes = 1, locked = false
07-10 02:12:49.348 I/WifiHAL ( 1281): event received NL80211_CMD_VENDOR, vendor_id = 0x1374, subcmd = 0xd
07-10 02:12:49.348 D/LOWI-9.0.0.87( 1952): [LOWI-Scan] wait_event:Wait done with Cmd 103
07-10 02:12:49.348 D/LOWI-9.0.0.87( 1952): [LOWI-Scan] do_listen_events: Rcvd valid Netlink Cmd 0 Err 0
07-10 02:12:49.348 I/cnss-daemon( 1917): nl80211 response handler invoked
07-10 02:12:49.348 I/cnss-daemon( 1917): nl80211_response_handler: cmd 103, vendorID 4980, subcmd 13  received
07-10 02:12:49.367 D/StatusBarController( 3534): handleMessage: flag 800000  disable false
07-10 02:12:49.834 D/DisplayFeatureHal( 1329): SensorRecordCallbackFunction
07-10 02:12:49.835 D/DisplayFeatureHal( 1329): DataCallback enter mLightRun 1  mInteracted_bl 196 mDisplayState 1  kStateOn 1
07-10 02:12:49.835 D/DisplayFeatureHal( 1329): DataCallback enter  mInteracted_bl: 196 lux:  134.1800
07-10 02:12:50.039 D/DisplayFeatureHal( 1329): SensorRecordCallbackFunction
07-10 02:12:50.039 D/DisplayFeatureHal( 1329): DataCallback enter mLightRun 1  mInteracted_bl 196 mDisplayState 1  kStateOn 1
07-10 02:12:50.040 D/DisplayFeatureHal( 1329): DataCallback enter  mInteracted_bl: 196 lux:  132.9037
07-10 02:12:50.658 D/DisplayFeatureHal( 1329): SensorRecordCallbackFunction
07-10 02:12:50.658 D/DisplayFeatureHal( 1329): DataCallback enter mLightRun 1  mInteracted_bl 196 mDisplayState 1  kStateOn 1
07-10 02:12:50.658 D/DisplayFeatureHal( 1329): DataCallback enter  mInteracted_bl: 196 lux:  134.1800
07-10 02:12:50.866 D/DisplayFeatureHal( 1329): SensorRecordCallbackFunction
07-10 02:12:50.866 D/DisplayFeatureHal( 1329): DataCallback enter mLightRun 1  mInteracted_bl 196 mDisplayState 1  kStateOn 1
07-10 02:12:50.866 D/DisplayFeatureHal( 1329): DataCallback enter  mInteracted_bl: 196 lux:  136.0938
07-10 02:12:51.244 D/SLM-SRV-SLAService( 1970): checktemp temperature = 36223 temperature_average = 36459 isPerformanceMode = false thermal_enable_slm = true
07-10 02:12:51.353 I/WifiHAL ( 1281): event received NL80211_CMD_VENDOR, vendor_id = 0x1374, subcmd = 0xd
07-10 02:12:51.353 D/LOWI-9.0.0.87( 1952): [LOWI-Scan] wait_event:Wait done with Cmd 103
07-10 02:12:51.353 D/LOWI-9.0.0.87( 1952): [LOWI-Scan] do_listen_events: Rcvd valid Netlink Cmd 0 Err 0
07-10 02:12:51.354 I/cnss-daemon( 1917): nl80211 response handler invoked
07-10 02:12:51.354 I/cnss-daemon( 1917): nl80211_response_handler: cmd 103, vendorID 4980, subcmd 13  received
07-10 02:12:51.380 D/DisplayFeatureHal( 1329): SensorRecordCallbackFunction
07-10 02:12:51.380 D/DisplayFeatureHal( 1329): DataCallback enter mLightRun 1  mInteracted_bl 196 mDisplayState 1  kStateOn 1
07-10 02:12:51.380 D/DisplayFeatureHal( 1329): DataCallback enter  mInteracted_bl: 196 lux:  134.8175
07-10 02:12:51.636 W/PerfettoTrace(13466): type=1400 audit(0.0:293209): avc: denied { write } for name="traced_producer" dev="tmpfs" ino=15226 scontext=u:r:gmscore_app:s0:c512,c768 tcontext=u:object_r:traced_producer_socket:s0 tclass=sock_file permissive=0 app=com.google.android.gms
07-10 02:12:51.683 I/SmartPower.com.miui.gallery/10083(28827)( 1970): background->idle(3002ms) R(broadcast start Intent { act=android.intent.action.BATTERY_CHANGED flg=0x60000010 (has extras) }) adj=901.
07-10 02:12:51.684 I/SmartPower.com.whatsapp/10806(5173)( 1970): background->idle(3001ms) R(broadcast start Intent { act=android.intent.action.BATTERY_CHANGED flg=0x60000010 (has extras) }) adj=900.
07-10 02:12:51.687 I/SmartPower.com.xiaomi.discover/10103(25154)( 1970): background->idle(3004ms) R(broadcast start Intent { act=android.intent.action.BATTERY_CHANGED flg=0x60000010 (has extras) }) adj=500.
07-10 02:12:51.687 I/SmartPower.com.miui.global.packageinstaller/10101(9120)( 1970): background->idle(3004ms) R(broadcast start Intent { act=android.intent.action.BATTERY_CHANGED flg=0x60000010 (has extras) }) adj=905.
07-10 02:12:51.688 D/DisplayFeatureHal( 1329): SensorRecordCallbackFunction
07-10 02:12:51.689 D/DisplayFeatureHal( 1329): DataCallback enter mLightRun 1  mInteracted_bl 196 mDisplayState 1  kStateOn 1
07-10 02:12:51.689 D/DisplayFeatureHal( 1329): DataCallback enter  mInteracted_bl: 196 lux:  136.4125
07-10 02:12:51.920 D/MIUIInput( 1970): [MotionEvent] publisher action=0x0, 292135437, channel '8500e84 NavigationBar0 (server)'
07-10 02:12:51.920 D/MIUIInput( 1970): [MotionEvent] publisher action=0x0, 292135437, channel '[Gesture Monitor] miui-gesture (server)'
07-10 02:12:51.925 E/vendor.qti.hardware.perf@2.2-service( 1301): Unknown params
07-10 02:12:51.927 W/MIUIInput( 1970): Input event injection from pid 3500 action ACTION_DOWN keycode 82
07-10 02:12:51.927 W/MiuiInputKeyEventLog( 1970): keyCode:82 down:true eventTime:292135443 downTime:292135443 policyFlags:2b000002 flags:48 metaState:0 deviceId:-1 isScreenOn:true keyguardActive:false repeatCount:0
07-10 02:12:51.928 I/HapticFeedbackUtil( 1970): 5,2,true
07-10 02:12:51.928 D/VibratorManagerService( 1970): Starting vibrate for vibration  29213
07-10 02:12:51.928 W/libc    ( 1970): Access denied finding property "vendor.debug.camera.pkgname"
07-10 02:12:51.916 W/binder:1970_C( 1970): type=1400 audit(0.0:293210): avc: denied { read } for name="u:object_r:vendor_camera_prop:s0" dev="tmpfs" ino=2442 scontext=u:r:system_server:s0 tcontext=u:object_r:vendor_camera_prop:s0 tclass=file permissive=0
07-10 02:12:51.929 E/vendor.hardware.vibratorfeature( 1364): configStrengthForEffect id : 5 , strength: 1.000000
07-10 02:12:51.936 W/MiuiInputKeyEventLog( 1970): execute preloadRecentAppsInternal
07-10 02:12:51.938 W/ActivityManager( 1970): Sending non-protected broadcast com.miui.fullscreen_state_change from system 1970:system/1000 pkg android. Callers=com.android.server.am.ActivityManagerService.broadcastIntentLocked:14849 com.android.server.am.ActivityManagerService.broadcastIntentLocked:14234 com.android.server.am.ActivityManagerService.broadcastIntentWithFeature:15108 android.app.ContextImpl.sendBroadcastAsUser:1426 com.android.server.policy.BaseMiuiPhoneWindowManager$15.run:2913 
07-10 02:12:51.939 D/vendor.hardware.vibratorfeature( 1364): Vibrator perform effect 5
07-10 02:12:51.939 D/vendor.hardware.vibratorfeature( 1364): uses mCurrMagnitudeExt 0.313726
07-10 02:12:51.939 D/vendor.hardware.vibratorfeature( 1364): getAmplitudeFromEffectStrength 0.313726
07-10 02:12:51.939 D/vendor.hardware.vibratorfeature( 1364): return from driver is 20
