07-10 02:13:00.218 D/DisplayFeatureHal( 1329): DataCallback enter mLightRun 1  mInteracted_bl 196 mDisplayState 1  kStateOn 1
07-10 02:13:00.218 D/DisplayFeatureHal( 1329): DataCallback enter  mInteracted_bl: 196 lux:  136.7312
07-10 02:13:00.527 D/DisplayFeatureHal( 1329): SensorRecordCallbackFunction
07-10 02:13:00.528 D/DisplayFeatureHal( 1329): DataCallback enter mLightRun 1  mInteracted_bl 196 mDisplayState 1  kStateOn 1
07-10 02:13:00.528 D/DisplayFeatureHal( 1329): DataCallback enter  mInteracted_bl: 196 lux:  138.0075
07-10 02:13:01.146 D/BoundBrokerSvc(19252): onUnbind: Intent { act=com.google.android.gms.libs.gmscorelogger.service.START dat=chimera-action:/... cmp=com.google.android.gms/.chimera.PersistentDirectBootAwareApiService }
07-10 02:13:01.250 D/SLM-SRV-SLAService( 1970): checktemp temperature = 36147 temperature_average = 36350 isPerformanceMode = false thermal_enable_slm = true
07-10 02:13:01.369 D/LOWI-9.0.0.87( 1952): [LOWI-Scan] wait_event:Wait done with Cmd 103
07-10 02:13:01.369 D/LOWI-9.0.0.87( 1952): [LOWI-Scan] do_listen_events: Rcvd valid Netlink Cmd 0 Err 0
07-10 02:13:01.370 I/WifiHAL ( 1281): event received NL80211_CMD_VENDOR, vendor_id = 0x1374, subcmd = 0xd
07-10 02:13:01.370 I/cnss-daemon( 1917): nl80211 response handler invoked
07-10 02:13:01.370 I/cnss-daemon( 1917): nl80211_response_handler: cmd 103, vendorID 4980, subcmd 13  received
07-10 02:13:02.456 W/ThreadPoolForeg(13466): type=1400 audit(0.0:293214): avc: denied { write } for name="traced_producer" dev="tmpfs" ino=15226 scontext=u:r:gmscore_app:s0:c512,c768 tcontext=u:object_r:traced_producer_socket:s0 tclass=sock_file permissive=0 app=com.google.android.gms
07-10 02:13:03.373 D/LOWI-9.0.0.87( 1952): [LOWI-Scan] wait_event:Wait done with Cmd 103
07-10 02:13:03.373 I/WifiHAL ( 1281): event received NL80211_CMD_VENDOR, vendor_id = 0x1374, subcmd = 0xd
07-10 02:13:03.374 D/LOWI-9.0.0.87( 1952): [LOWI-Scan] do_listen_events: Rcvd valid Netlink Cmd 0 Err 0
07-10 02:13:03.375 I/cnss-daemon( 1917): nl80211 response handler invoked
07-10 02:13:03.375 I/cnss-daemon( 1917): nl80211_response_handler: cmd 103, vendorID 4980, subcmd 13  received
07-10 02:13:04.751 D/DisplayFeatureHal( 1329): SensorRecordCallbackFunction
07-10 02:13:04.751 D/DisplayFeatureHal( 1329): DataCallback enter mLightRun 1  mInteracted_bl 196 mDisplayState 1  kStateOn 1
07-10 02:13:04.751 D/DisplayFeatureHal( 1329): DataCallback enter  mInteracted_bl: 196 lux:  136.7312
07-10 02:13:04.957 D/DisplayFeatureHal( 1329): SensorRecordCallbackFunction
07-10 02:13:04.957 D/DisplayFeatureHal( 1329): DataCallback enter mLightRun 1  mInteracted_bl 196 mDisplayState 1  kStateOn 1
07-10 02:13:04.957 D/DisplayFeatureHal( 1329): DataCallback enter  mInteracted_bl: 196 lux:  138.0075
07-10 02:13:05.152 D/UiModeManager( 1970): updateConfigurationLocked: mDockState=0; mCarMode=false; mCar=false; mPowerSave=false; mComputedNightMode=true; mNightMode=2; uiMode=33
07-10 02:13:05.156 D/DynamicServiceK6( 3470): onEventReceive6 : USB plug = 2
07-10 02:13:05.157 D/DynamicService_WifiBt( 3470):  ACTION_BATTERY_CHANGED change,USB plug = 2
07-10 02:13:05.158 D/QtiCarrierConfigHelper( 3442): WARNING, no carrier configs on phone Id: 1
07-10 02:13:05.160 I/PowerUtils( 5771): getSurfaceTemprature temp: 36
07-10 02:13:05.162 I/PowerSaveService( 5771): onReceive: android.intent.action.BATTERY_CHANGED
07-10 02:13:05.162 D/PowerCheckerService( 7573): onBatteryChanged, mBatteryLevel = 66, status = 2, level = 66, plug = 2, scale = 100
07-10 02:13:05.163 I/PowerNoticeUI( 5771): handleBatteryChanged oldPlugType 2 mPlugType 2 oldBatteryLevel 66 mBatteryLevel 66 temperature 352
07-10 02:13:05.163 D/PowerKeeper.Thermal( 7573): mBatteryTemperature: 35
07-10 02:13:05.163 I/ChargerBatteryIntelligenceReceiver( 5771): onBatteryChanged temperature：35,plugType:2
07-10 02:13:05.164 D/PowerKeeper.FrozenApp( 7573): onBatteryChanged plug=true mBatteryPlugged=2
07-10 02:13:05.166 I/SmartPower.com.miui.gallery/10083(28827)( 1970): idle->background(7356ms) R(broadcast start Intent { act=android.intent.action.BATTERY_CHANGED flg=0x60000010 (has extras) }) adj=901.
07-10 02:13:05.167 I/SmartPower.com.whatsapp/10806(5173)( 1970): idle->background(7356ms) R(broadcast start Intent { act=android.intent.action.BATTERY_CHANGED flg=0x60000010 (has extras) }) adj=900.
07-10 02:13:05.168 I/SmartPower.com.xiaomi.discover/10103(25154)( 1970): idle->background(7358ms) R(broadcast start Intent { act=android.intent.action.BATTERY_CHANGED flg=0x60000010 (has extras) }) adj=500.
07-10 02:13:05.169 I/SmartPower.com.miui.global.packageinstaller/10101(9120)( 1970): idle->background(7357ms) R(broadcast start Intent { act=android.intent.action.BATTERY_CHANGED flg=0x60000010 (has extras) }) adj=905.
07-10 02:13:05.208 V/DeviceStatisticsService( 1500): chargerType=2 batteryLevel=66 totalBatteryCapacity=4150000
07-10 02:13:05.217 D/DynamicServiceK6( 3470): onEventReceive6 : USB plug = 2
07-10 02:13:05.218 D/DynamicService_WifiBt( 3470):  ACTION_BATTERY_CHANGED change,USB plug = 2
07-10 02:13:05.218 D/QtiCarrierConfigHelper( 3442): WARNING, no carrier configs on phone Id: 1
07-10 02:13:05.219 D/UiModeManager( 1970): updateConfigurationLocked: mDockState=0; mCarMode=false; mCar=false; mPowerSave=false; mComputedNightMode=true; mNightMode=2; uiMode=33
07-10 02:13:05.220 I/PowerUtils( 5771): getSurfaceTemprature temp: 36
07-10 02:13:05.221 I/PowerSaveService( 5771): onReceive: android.intent.action.BATTERY_CHANGED
07-10 02:13:05.223 D/PowerCheckerService( 7573): onBatteryChanged, mBatteryLevel = 66, status = 2, level = 66, plug = 2, scale = 100
07-10 02:13:05.224 D/PowerKeeper.Thermal( 7573): mBatteryTemperature: 35
07-10 02:13:05.224 D/PowerKeeper.FrozenApp( 7573): onBatteryChanged plug=true mBatteryPlugged=2
07-10 02:13:05.225 I/PowerNoticeUI( 5771): handleBatteryChanged oldPlugType 2 mPlugType 2 oldBatteryLevel 66 mBatteryLevel 66 temperature 352
07-10 02:13:05.225 I/ChargerBatteryIntelligenceReceiver( 5771): onBatteryChanged temperature：35,plugType:2
07-10 02:13:05.227 V/DeviceStatisticsService( 1500): chargerType=2 batteryLevel=66 totalBatteryCapacity=4150000
07-10 02:13:05.377 I/WifiHAL ( 1281): event received NL80211_CMD_VENDOR, vendor_id = 0x1374, subcmd = 0xd
07-10 02:13:05.378 D/LOWI-9.0.0.87( 1952): [LOWI-Scan] wait_event:Wait done with Cmd 103
07-10 02:13:05.378 D/LOWI-9.0.0.87( 1952): [LOWI-Scan] do_listen_events: Rcvd valid Netlink Cmd 0 Err 0
07-10 02:13:05.379 I/cnss-daemon( 1917): nl80211 response handler invoked
07-10 02:13:05.379 I/cnss-daemon( 1917): nl80211_response_handler: cmd 103, vendorID 4980, subcmd 13  received
07-10 02:13:06.193 D/DisplayFeatureHal( 1329): SensorRecordCallbackFunction
07-10 02:13:06.193 D/DisplayFeatureHal( 1329): DataCallback enter mLightRun 1  mInteracted_bl 196 mDisplayState 1  kStateOn 1
07-10 02:13:06.194 D/DisplayFeatureHal( 1329): DataCallback enter  mInteracted_bl: 196 lux:  136.4125
07-10 02:13:06.297 D/DisplayFeatureHal( 1329): SensorRecordCallbackFunction
07-10 02:13:06.297 D/DisplayFeatureHal( 1329): DataCallback enter mLightRun 1  mInteracted_bl 196 mDisplayState 1  kStateOn 1
07-10 02:13:06.297 D/DisplayFeatureHal( 1329): DataCallback enter  mInteracted_bl: 196 lux:  134.8175
07-10 02:13:06.607 D/DisplayFeatureHal( 1329): SensorRecordCallbackFunction
07-10 02:13:06.607 D/DisplayFeatureHal( 1329): DataCallback enter mLightRun 1  mInteracted_bl 196 mDisplayState 1  kStateOn 1
07-10 02:13:06.608 D/DisplayFeatureHal( 1329): DataCallback enter  mInteracted_bl: 196 lux:  136.4125
07-10 02:13:06.635 I/CNSS    ( 1781): /sys/wifi/dump_in_progress doesn't exist
07-10 02:13:07.022 D/DisplayFeatureHal( 1329): SensorRecordCallbackFunction
07-10 02:13:07.022 D/DisplayFeatureHal( 1329): DataCallback enter mLightRun 1  mInteracted_bl 196 mDisplayState 1  kStateOn 1
07-10 02:13:07.022 D/DisplayFeatureHal( 1329): DataCallback enter  mInteracted_bl: 196 lux:  138.6462
07-10 02:13:07.381 D/LOWI-9.0.0.87( 1952): [LOWI-Scan] wait_event:Wait done with Cmd 103
07-10 02:13:07.382 D/LOWI-9.0.0.87( 1952): [LOWI-Scan] do_listen_events: Rcvd valid Netlink Cmd 0 Err 0
07-10 02:13:07.382 I/WifiHAL ( 1281): event received NL80211_CMD_VENDOR, vendor_id = 0x1374, subcmd = 0xd
07-10 02:13:07.383 I/cnss-daemon( 1917): nl80211 response handler invoked
07-10 02:13:07.383 I/cnss-daemon( 1917): nl80211_response_handler: cmd 103, vendorID 4980, subcmd 13  received
07-10 02:13:08.169 I/SmartPower.com.miui.gallery/10083(28827)( 1970): background->idle(3003ms) R(broadcast start Intent { act=android.intent.action.BATTERY_CHANGED flg=0x60000010 (has extras) }) adj=901.
07-10 02:13:08.169 I/SmartPower.com.whatsapp/10806(5173)( 1970): background->idle(3003ms) R(broadcast start Intent { act=android.intent.action.BATTERY_CHANGED flg=0x60000010 (has extras) }) adj=900.
07-10 02:13:08.170 I/SmartPower.com.xiaomi.discover/10103(25154)( 1970): background->idle(3001ms) R(broadcast start Intent { act=android.intent.action.BATTERY_CHANGED flg=0x60000010 (has extras) }) adj=500.
07-10 02:13:08.171 I/SmartPower.com.miui.global.packageinstaller/10101(9120)( 1970): background->idle(3001ms) R(broadcast start Intent { act=android.intent.action.BATTERY_CHANGED flg=0x60000010 (has extras) }) adj=945.
07-10 02:13:08.238 D/BoundBrokerSvc(13466): onUnbind: Intent { act=com.google.android.gms.measurement.START pkg=com.google.android.gms }
07-10 02:13:09.183 D/DisplayFeatureHal( 1329): SensorRecordCallbackFunction
07-10 02:13:09.183 D/DisplayFeatureHal( 1329): DataCallback enter mLightRun 1  mInteracted_bl 196 mDisplayState 1  kStateOn 1
07-10 02:13:09.183 D/DisplayFeatureHal( 1329): DataCallback enter  mInteracted_bl: 196 lux:  140.2400
07-10 02:13:09.386 D/LOWI-9.0.0.87( 1952): [LOWI-Scan] wait_event:Wait done with Cmd 103
07-10 02:13:09.386 D/LOWI-9.0.0.87( 1952): [LOWI-Scan] do_listen_events: Rcvd valid Netlink Cmd 0 Err 0
07-10 02:13:09.387 I/cnss-daemon( 1917): nl80211 response handler invoked
07-10 02:13:09.387 I/cnss-daemon( 1917): nl80211_response_handler: cmd 103, vendorID 4980, subcmd 13  received
07-10 02:13:09.388 I/WifiHAL ( 1281): event received NL80211_CMD_VENDOR, vendor_id = 0x1374, subcmd = 0xd
07-10 02:13:09.596 D/DisplayFeatureHal( 1329): SensorRecordCallbackFunction
07-10 02:13:09.597 D/DisplayFeatureHal( 1329): DataCallback enter mLightRun 1  mInteracted_bl 196 mDisplayState 1  kStateOn 1
07-10 02:13:09.597 D/DisplayFeatureHal( 1329): DataCallback enter  mInteracted_bl: 196 lux:  138.6462
07-10 02:13:10.171 D/ProcessMemoryCleaner( 1970): Compact memory: com.whatsapp/10806(5173) state=hibernation adj=900 pri=311 usage=5 isKilled=false pss:113479 swap:93159
07-10 02:13:10.381 W/WindowManager( 1970): removeWindowToken: Attempted to remove non-existing token: android.os.Binder@9e6fa57
