07-10 02:11:56.965 D/DisplayFeatureHal( 1329): SensorRecordCallbackFunction
07-10 02:11:56.965 D/DisplayFeatureHal( 1329): DataCallback enter mLightRun 1  mInteracted_bl 196 mDisplayState 1  kStateOn 1
07-10 02:11:56.965 D/DisplayFeatureHal( 1329): DataCallback enter  mInteracted_bl: 196 lux:  138.0075
07-10 02:11:57.252 D/LOWI-9.0.0.87( 1952): [LOWI-Scan] wait_event:Wait done with Cmd 103
07-10 02:11:57.252 D/LOWI-9.0.0.87( 1952): [LOWI-Scan] do_listen_events: Rcvd valid Netlink Cmd 0 Err 0
07-10 02:11:57.252 I/WifiHAL ( 1281): event received NL80211_CMD_VENDOR, vendor_id = 0x1374, subcmd = 0xd
07-10 02:11:57.253 I/cnss-daemon( 1917): nl80211 response handler invoked
07-10 02:11:57.253 I/cnss-daemon( 1917): nl80211_response_handler: cmd 103, vendorID 4980, subcmd 13  received
07-10 02:11:57.274 D/DisplayFeatureHal( 1329): SensorRecordCallbackFunction
07-10 02:11:57.274 D/DisplayFeatureHal( 1329): DataCallback enter mLightRun 1  mInteracted_bl 196 mDisplayState 1  kStateOn 1
07-10 02:11:57.275 D/DisplayFeatureHal( 1329): DataCallback enter  mInteracted_bl: 196 lux:  140.5600
07-10 02:11:57.995 D/DisplayFeatureHal( 1329): SensorRecordCallbackFunction
07-10 02:11:57.995 D/DisplayFeatureHal( 1329): DataCallback enter mLightRun 1  mInteracted_bl 196 mDisplayState 1  kStateOn 1
07-10 02:11:57.995 D/DisplayFeatureHal( 1329): DataCallback enter  mInteracted_bl: 196 lux:  138.0075
07-10 02:11:58.717 D/DisplayFeatureHal( 1329): SensorRecordCallbackFunction
07-10 02:11:58.718 D/DisplayFeatureHal( 1329): DataCallback enter mLightRun 1  mInteracted_bl 196 mDisplayState 1  kStateOn 1
07-10 02:11:58.718 D/DisplayFeatureHal( 1329): DataCallback enter  mInteracted_bl: 196 lux:  140.2400
07-10 02:11:59.027 D/DisplayFeatureHal( 1329): SensorRecordCallbackFunction
07-10 02:11:59.027 D/DisplayFeatureHal( 1329): DataCallback enter mLightRun 1  mInteracted_bl 196 mDisplayState 1  kStateOn 1
07-10 02:11:59.027 D/DisplayFeatureHal( 1329): DataCallback enter  mInteracted_bl: 196 lux:  138.9650
07-10 02:11:59.233 D/DisplayFeatureHal( 1329): SensorRecordCallbackFunction
07-10 02:11:59.233 D/DisplayFeatureHal( 1329): DataCallback enter mLightRun 1  mInteracted_bl 196 mDisplayState 1  kStateOn 1
07-10 02:11:59.233 D/DisplayFeatureHal( 1329): DataCallback enter  mInteracted_bl: 196 lux:  140.5600
07-10 02:11:59.256 I/WifiHAL ( 1281): event received NL80211_CMD_VENDOR, vendor_id = 0x1374, subcmd = 0xd
07-10 02:11:59.257 D/LOWI-9.0.0.87( 1952): [LOWI-Scan] wait_event:Wait done with Cmd 103
07-10 02:11:59.257 D/LOWI-9.0.0.87( 1952): [LOWI-Scan] do_listen_events: Rcvd valid Netlink Cmd 0 Err 0
07-10 02:11:59.258 I/cnss-daemon( 1917): nl80211 response handler invoked
07-10 02:11:59.258 I/cnss-daemon( 1917): nl80211_response_handler: cmd 103, vendorID 4980, subcmd 13  received
07-10 02:11:59.672 D/UiModeManager( 1970): updateConfigurationLocked: mDockState=0; mCarMode=false; mCar=false; mPowerSave=false; mComputedNightMode=true; mNightMode=2; uiMode=33
07-10 02:11:59.675 D/DynamicServiceK6( 3470): onEventReceive6 : USB plug = 2
07-10 02:11:59.676 D/DynamicService_WifiBt( 3470):  ACTION_BATTERY_CHANGED change,USB plug = 2
07-10 02:11:59.678 D/QtiCarrierConfigHelper( 3442): WARNING, no carrier configs on phone Id: 1
07-10 02:11:59.679 I/PowerUtils( 5771): getSurfaceTemprature temp: 36
07-10 02:11:59.680 I/PowerSaveService( 5771): onReceive: android.intent.action.BATTERY_CHANGED
07-10 02:11:59.682 I/PowerNoticeUI( 5771): handleBatteryChanged oldPlugType 2 mPlugType 2 oldBatteryLevel 66 mBatteryLevel 66 temperature 355
07-10 02:11:59.683 I/SmartPower.com.miui.gallery/10083(28827)( 1970): idle->background(5161ms) R(broadcast start Intent { act=android.intent.action.BATTERY_CHANGED flg=0x60000010 (has extras) }) adj=901.
07-10 02:11:59.683 D/PowerCheckerService( 7573): onBatteryChanged, mBatteryLevel = 66, status = 2, level = 66, plug = 2, scale = 100
07-10 02:11:59.684 I/SmartPower.com.whatsapp/10806(5173)( 1970): idle->background(5161ms) R(broadcast start Intent { act=android.intent.action.BATTERY_CHANGED flg=0x60000010 (has extras) }) adj=900.
07-10 02:11:59.682 I/ChargerBatteryIntelligenceReceiver( 5771): onBatteryChanged temperature：35,plugType:2
07-10 02:11:59.685 I/SmartPower.com.xiaomi.discover/10103(25154)( 1970): idle->background(5161ms) R(broadcast start Intent { act=android.intent.action.BATTERY_CHANGED flg=0x60000010 (has extras) }) adj=500.
07-10 02:11:59.686 I/SmartPower.com.miui.global.packageinstaller/10101(9120)( 1970): idle->background(5161ms) R(broadcast start Intent { act=android.intent.action.BATTERY_CHANGED flg=0x60000010 (has extras) }) adj=915.
07-10 02:11:59.687 V/DeviceStatisticsService( 1500): chargerType=2 batteryLevel=66 totalBatteryCapacity=4142400
07-10 02:11:59.688 D/PowerKeeper.Thermal( 7573): mBatteryTemperature: 35
07-10 02:11:59.689 D/PowerKeeper.FrozenApp( 7573): onBatteryChanged plug=true mBatteryPlugged=2
07-10 02:12:00.004 D/AlarmManager( 1970): mBroadcastRefCount -> 1
07-10 02:12:00.010 D/AlarmManager( 1970): mBroadcastRefCount -> 0
07-10 02:12:00.011 D/AlarmManager( 1970): mPendingIntent -> null
07-10 02:12:00.017 E/ReflectUtils( 3500): invokeObject
07-10 02:12:00.017 E/ReflectUtils( 3500): java.lang.reflect.InvocationTargetException
07-10 02:12:00.017 E/ReflectUtils( 3500): 	at java.lang.reflect.Method.invoke(Native Method)
07-10 02:12:00.017 E/ReflectUtils( 3500): 	at com.miui.clock.utils.ReflectUtils.invokeObject(ReflectUtils.java:31)
07-10 02:12:00.017 E/ReflectUtils( 3500): 	at com.miui.clock.utils.DataUtils.isAppInstalledForUser(DataUtils.java:341)
07-10 02:12:00.017 E/ReflectUtils( 3500): 	at com.miui.clock.utils.DataUtils.isHealthAppInstalled(DataUtils.java:326)
07-10 02:12:00.017 E/ReflectUtils( 3500): 	at com.miui.clock.classic.ClassicClockView.filterClassicClockInfo(ClassicClockView.java:178)
07-10 02:12:00.017 E/ReflectUtils( 3500): 	at com.miui.clock.classic.ClassicClockView.updateTime(ClassicClockView.java:316)
07-10 02:12:00.017 E/ReflectUtils( 3500): 	at com.miui.clock.MiuiClockController$1.run(MiuiClockController.java:155)
07-10 02:12:00.017 E/ReflectUtils( 3500): 	at android.os.Handler.handleCallback(Handler.java:942)
07-10 02:12:00.017 E/ReflectUtils( 3500): 	at android.os.Handler.dispatchMessage(Handler.java:99)
07-10 02:12:00.017 E/ReflectUtils( 3500): 	at android.os.Looper.loopOnce(Looper.java:211)
07-10 02:12:00.017 E/ReflectUtils( 3500): 	at android.os.Looper.loop(Looper.java:300)
07-10 02:12:00.017 E/ReflectUtils( 3500): 	at android.app.ActivityThread.main(ActivityThread.java:8503)
07-10 02:12:00.017 E/ReflectUtils( 3500): 	at java.lang.reflect.Method.invoke(Native Method)
07-10 02:12:00.017 E/ReflectUtils( 3500): 	at com.android.internal.os.RuntimeInit$MethodAndArgsCaller.run(RuntimeInit.java:561)
07-10 02:12:00.017 E/ReflectUtils( 3500): 	at com.android.internal.os.ZygoteInit.main(ZygoteInit.java:954)
07-10 02:12:00.017 E/ReflectUtils( 3500): Caused by: android.content.pm.PackageManager$NameNotFoundException: com.mi.health
07-10 02:12:00.017 E/ReflectUtils( 3500): 	at android.app.ApplicationPackageManager.getPackageInfoAsUser(ApplicationPackageManager.java:254)
07-10 02:12:00.017 E/ReflectUtils( 3500): 	at android.app.ApplicationPackageManager.getPackageInfoAsUser(ApplicationPackageManager.java:242)
07-10 02:12:00.017 E/ReflectUtils( 3500): 	... 15 more
07-10 02:12:00.025 E/AnimationHelper( 3500): updateTime mToAod:false mHasNotification: false, mClockType: classic
07-10 02:12:00.025 D/KeyguardUpdateMonitor( 3500): received broadcast android.intent.action.TIME_TICK
07-10 02:12:00.028 D/KeyguardUpdateMonitor( 3500): handleTimeUpdate
07-10 02:12:00.029 D/MiuiStatusBarClock( 3500): updateTime: 2:12
07-10 02:12:00.675 D/DisplayFeatureHal( 1329): SensorRecordCallbackFunction
07-10 02:12:00.675 D/DisplayFeatureHal( 1329): DataCallback enter mLightRun 1  mInteracted_bl 196 mDisplayState 1  kStateOn 1
07-10 02:12:00.675 D/DisplayFeatureHal( 1329): DataCallback enter  mInteracted_bl: 196 lux:  138.9650
07-10 02:12:01.183 D/SLM-SRV-SLAService( 1970): checktemp temperature = 36800 temperature_average = 37363 isPerformanceMode = false thermal_enable_slm = true
07-10 02:12:01.260 D/LOWI-9.0.0.87( 1952): [LOWI-Scan] wait_event:Wait done with Cmd 103
07-10 02:12:01.260 D/LOWI-9.0.0.87( 1952): [LOWI-Scan] do_listen_events: Rcvd valid Netlink Cmd 0 Err 0
07-10 02:12:01.261 I/WifiHAL ( 1281): event received NL80211_CMD_VENDOR, vendor_id = 0x1374, subcmd = 0xd
07-10 02:12:01.261 I/cnss-daemon( 1917): nl80211 response handler invoked
07-10 02:12:01.261 I/cnss-daemon( 1917): nl80211_response_handler: cmd 103, vendorID 4980, subcmd 13  received
07-10 02:12:01.293 D/DisplayFeatureHal( 1329): SensorRecordCallbackFunction
07-10 02:12:01.294 D/DisplayFeatureHal( 1329): DataCallback enter mLightRun 1  mInteracted_bl 196 mDisplayState 1  kStateOn 1
07-10 02:12:01.294 D/DisplayFeatureHal( 1329): DataCallback enter  mInteracted_bl: 196 lux:  140.2400
07-10 02:12:02.016 D/DisplayFeatureHal( 1329): SensorRecordCallbackFunction
07-10 02:12:02.017 D/DisplayFeatureHal( 1329): DataCallback enter mLightRun 1  mInteracted_bl 196 mDisplayState 1  kStateOn 1
07-10 02:12:02.017 D/DisplayFeatureHal( 1329): DataCallback enter  mInteracted_bl: 196 lux:  138.0075
07-10 02:12:02.409 D/UiModeManager( 1970): updateConfigurationLocked: mDockState=0; mCarMode=false; mCar=false; mPowerSave=false; mComputedNightMode=true; mNightMode=2; uiMode=33
07-10 02:12:02.410 D/DynamicServiceK6( 3470): onEventReceive6 : USB plug = 2
07-10 02:12:02.411 D/DynamicService_WifiBt( 3470):  ACTION_BATTERY_CHANGED change,USB plug = 2
07-10 02:12:02.412 D/QtiCarrierConfigHelper( 3442): WARNING, no carrier configs on phone Id: 1
07-10 02:12:02.414 I/PowerUtils( 5771): getSurfaceTemprature temp: 36
07-10 02:12:02.415 I/PowerSaveService( 5771): onReceive: android.intent.action.BATTERY_CHANGED
07-10 02:12:02.416 I/PowerNoticeUI( 5771): handleBatteryChanged oldPlugType 2 mPlugType 2 oldBatteryLevel 66 mBatteryLevel 66 temperature 354
07-10 02:12:02.416 D/PowerCheckerService( 7573): onBatteryChanged, mBatteryLevel = 66, status = 2, level = 66, plug = 2, scale = 100
07-10 02:12:02.416 I/ChargerBatteryIntelligenceReceiver( 5771): onBatteryChanged temperature：35,plugType:2
07-10 02:12:02.417 D/PowerKeeper.Thermal( 7573): mBatteryTemperature: 35
07-10 02:12:02.418 D/PowerKeeper.FrozenApp( 7573): onBatteryChanged plug=true mBatteryPlugged=2
07-10 02:12:02.419 I/android_os_HwBinder( 1970): HwBinder: Starting thread pool for getting: vendor.xiaomi.hardware.micharge@1.0::IMiCharge/default
07-10 02:12:02.420 E/vendor.xiaomi.hardware.micharge@1.0-service( 1332): Failed to open node /sys/class/power_supply/wireless/reverse_chg_mode
07-10 02:12:02.420 I/vendor.xiaomi.hardware.micharge@1.0-service( 1332): ReadFilePathValue path = /sys/class/power_supply/wireless/reverse_chg_mode value = 
07-10 02:12:02.422 V/DeviceStatisticsService( 1500): chargerType=2 batteryLevel=66 totalBatteryCapacity=4143900
07-10 02:12:02.416 W/ThreadPoolForeg(13466): type=1400 audit(0.0:293203): avc: denied { write } for name="traced_producer" dev="tmpfs" ino=15226 scontext=u:r:gmscore_app:s0:c512,c768 tcontext=u:object_r:traced_producer_socket:s0 tclass=sock_file permissive=0 app=com.google.android.gms
07-10 02:12:02.428 I/vendor.xiaomi.hardware.micharge@1.0-service( 1332): ReadFilePathValue path = /sys/class/power_supply/bms/fastcharge_mode value = 0
07-10 02:12:02.686 I/SmartPower.com.miui.gallery/10083(28827)( 1970): background->idle(3003ms) R(broadcast start Intent { act=android.intent.action.BATTERY_CHANGED flg=0x60000010 (has extras) }) adj=901.
07-10 02:12:02.687 I/SmartPower.com.whatsapp/10806(5173)( 1970): background->idle(3003ms) R(broadcast start Intent { act=android.intent.action.BATTERY_CHANGED flg=0x60000010 (has extras) }) adj=900.
07-10 02:12:02.687 I/SmartPower.com.xiaomi.discover/10103(25154)( 1970): background->idle(3002ms) R(broadcast start Intent { act=android.intent.action.BATTERY_CHANGED flg=0x60000010 (has extras) }) adj=500.
07-10 02:12:02.688 I/SmartPower.com.miui.global.packageinstaller/10101(9120)( 1970): background->idle(3002ms) R(broadcast start Intent { act=android.intent.action.BATTERY_CHANGED flg=0x60000010 (has extras) }) adj=915.
07-10 02:12:02.840 D/DisplayFeatureHal( 1329): SensorRecordCallbackFunction
07-10 02:12:02.840 D/DisplayFeatureHal( 1329): DataCallback enter mLightRun 1  mInteracted_bl 196 mDisplayState 1  kStateOn 1
07-10 02:12:02.840 D/DisplayFeatureHal( 1329): DataCallback enter  mInteracted_bl: 196 lux:  140.2400
07-10 02:12:03.045 D/DisplayFeatureHal( 1329): SensorRecordCallbackFunction
07-10 02:12:03.045 D/DisplayFeatureHal( 1329): DataCallback enter mLightRun 1  mInteracted_bl 196 mDisplayState 1  kStateOn 1
07-10 02:12:03.046 D/DisplayFeatureHal( 1329): DataCallback enter  mInteracted_bl: 196 lux:  138.9650
07-10 02:12:03.263 D/LOWI-9.0.0.87( 1952): [LOWI-Scan] wait_event:Wait done with Cmd 103
07-10 02:12:03.263 D/LOWI-9.0.0.87( 1952): [LOWI-Scan] do_listen_events: Rcvd valid Netlink Cmd 0 Err 0
07-10 02:12:03.265 I/cnss-daemon( 1917): nl80211 response handler invoked
07-10 02:12:03.265 I/cnss-daemon( 1917): nl80211_response_handler: cmd 103, vendorID 4980, subcmd 13  received
07-10 02:12:03.266 I/WifiHAL ( 1281): event received NL80211_CMD_VENDOR, vendor_id = 0x1374, subcmd = 0xd
07-10 02:12:03.871 D/DisplayFeatureHal( 1329): SensorRecordCallbackFunction
07-10 02:12:03.872 D/DisplayFeatureHal( 1329): DataCallback enter mLightRun 1  mInteracted_bl 196 mDisplayState 1  kStateOn 1
07-10 02:12:03.872 D/DisplayFeatureHal( 1329): DataCallback enter  mInteracted_bl: 196 lux:  140.2400
07-10 02:12:04.180 D/DisplayFeatureHal( 1329): SensorRecordCallbackFunction
07-10 02:12:04.180 D/DisplayFeatureHal( 1329): DataCallback enter mLightRun 1  mInteracted_bl 196 mDisplayState 1  kStateOn 1
07-10 02:12:04.180 D/DisplayFeatureHal( 1329): DataCallback enter  mInteracted_bl: 196 lux:  138.9650
07-10 02:12:04.688 D/ProcessMemoryCleaner( 1970): Compact memory: com.whatsapp/10806(5173) state=hibernation adj=900 pri=311 usage=5 isKilled=false pss:113479 swap:93159
07-10 02:12:05.267 D/LOWI-9.0.0.87( 1952): [LOWI-Scan] wait_event:Wait done with Cmd 103
07-10 02:12:05.267 D/LOWI-9.0.0.87( 1952): [LOWI-Scan] do_listen_events: Rcvd valid Netlink Cmd 0 Err 0
07-10 02:12:05.268 I/cnss-daemon( 1917): nl80211 response handler invoked
07-10 02:12:05.268 I/cnss-daemon( 1917): nl80211_response_handler: cmd 103, vendorID 4980, subcmd 13  received
07-10 02:12:05.268 I/WifiHAL ( 1281): event received NL80211_CMD_VENDOR, vendor_id = 0x1374, subcmd = 0xd
07-10 02:12:05.624 D/DisplayFeatureHal( 1329): SensorRecordCallbackFunction
07-10 02:12:05.624 D/DisplayFeatureHal( 1329): DataCallback enter mLightRun 1  mInteracted_bl 196 mDisplayState 1  kStateOn 1
07-10 02:12:05.624 D/DisplayFeatureHal( 1329): DataCallback enter  mInteracted_bl: 196 lux:  140.2400
07-10 02:12:06.137 D/DisplayFeatureHal( 1329): SensorRecordCallbackFunction
07-10 02:12:06.137 D/DisplayFeatureHal( 1329): DataCallback enter mLightRun 1  mInteracted_bl 196 mDisplayState 1  kStateOn 1
07-10 02:12:06.137 D/DisplayFeatureHal( 1329): DataCallback enter  mInteracted_bl: 196 lux:  138.6462
07-10 02:12:06.155 I/CNSS    ( 1781): /sys/wifi/dump_in_progress doesn't exist
07-10 02:12:06.345 D/DisplayFeatureHal( 1329): SensorRecordCallbackFunction
07-10 02:12:06.345 D/DisplayFeatureHal( 1329): DataCallback enter mLightRun 1  mInteracted_bl 196 mDisplayState 1  kStateOn 1
07-10 02:12:06.345 D/DisplayFeatureHal( 1329): DataCallback enter  mInteracted_bl: 196 lux:  140.8788
07-10 02:12:06.654 D/DisplayFeatureHal( 1329): SensorRecordCallbackFunction
07-10 02:12:06.654 D/DisplayFeatureHal( 1329): DataCallback enter mLightRun 1  mInteracted_bl 196 mDisplayState 1  kStateOn 1
07-10 02:12:06.654 D/DisplayFeatureHal( 1329): DataCallback enter  mInteracted_bl: 196 lux:  138.0075
07-10 02:12:07.272 D/LOWI-9.0.0.87( 1952): [LOWI-Scan] wait_event:Wait done with Cmd 103
07-10 02:12:07.272 D/LOWI-9.0.0.87( 1952): [LOWI-Scan] do_listen_events: Rcvd valid Netlink Cmd 0 Err 0
07-10 02:12:07.273 I/WifiHAL ( 1281): event received NL80211_CMD_VENDOR, vendor_id = 0x1374, subcmd = 0xd
07-10 02:12:07.273 I/cnss-daemon( 1917): nl80211 response handler invoked
07-10 02:12:07.274 I/cnss-daemon( 1917): nl80211_response_handler: cmd 103, vendorID 4980, subcmd 13  received
07-10 02:12:07.848 D/UiModeManager( 1970): updateConfigurationLocked: mDockState=0; mCarMode=false; mCar=false; mPowerSave=false; mComputedNightMode=true; mNightMode=2; uiMode=33
07-10 02:12:07.850 D/DynamicServiceK6( 3470): onEventReceive6 : USB plug = 2
07-10 02:12:07.850 D/DynamicService_WifiBt( 3470):  ACTION_BATTERY_CHANGED change,USB plug = 2
07-10 02:12:07.851 D/QtiCarrierConfigHelper( 3442): WARNING, no carrier configs on phone Id: 1
07-10 02:12:07.854 I/PowerUtils( 5771): getSurfaceTemprature temp: 36
07-10 02:12:07.855 D/PowerCheckerService( 7573): onBatteryChanged, mBatteryLevel = 66, status = 2, level = 66, plug = 2, scale = 100
07-10 02:12:07.856 I/PowerSaveService( 5771): onReceive: android.intent.action.BATTERY_CHANGED
07-10 02:12:07.857 D/PowerKeeper.Thermal( 7573): mBatteryTemperature: 35
07-10 02:12:07.857 I/SmartPower.com.miui.gallery/10083(28827)( 1970): idle->background(5171ms) R(broadcast start Intent { act=android.intent.action.BATTERY_CHANGED flg=0x60000010 (has extras) }) adj=901.
07-10 02:12:07.857 I/PowerNoticeUI( 5771): handleBatteryChanged oldPlugType 2 mPlugType 2 oldBatteryLevel 66 mBatteryLevel 66 temperature 354
07-10 02:12:07.857 I/ChargerBatteryIntelligenceReceiver( 5771): onBatteryChanged temperature：35,plugType:2
07-10 02:12:07.858 I/SmartPower.com.whatsapp/10806(5173)( 1970): idle->background(5172ms) R(broadcast start Intent { act=android.intent.action.BATTERY_CHANGED flg=0x60000010 (has extras) }) adj=900.
07-10 02:12:07.859 I/SmartPower.com.xiaomi.discover/10103(25154)( 1970): idle->background(5173ms) R(broadcast start Intent { act=android.intent.action.BATTERY_CHANGED flg=0x60000010 (has extras) }) adj=500.
07-10 02:12:07.860 V/DeviceStatisticsService( 1500): chargerType=2 batteryLevel=66 totalBatteryCapacity=4143900
07-10 02:12:07.860 I/SmartPower.com.miui.global.packageinstaller/10101(9120)( 1970): idle->background(5173ms) R(broadcast start Intent { act=android.intent.action.BATTERY_CHANGED flg=0x60000010 (has extras) }) adj=915.
07-10 02:12:07.865 D/PowerKeeper.FrozenApp( 7573): onBatteryChanged plug=true mBatteryPlugged=2
07-10 02:12:07.895 D/DisplayFeatureHal( 1329): SensorRecordCallbackFunction
07-10 02:12:07.895 D/DisplayFeatureHal( 1329): DataCallback enter mLightRun 1  mInteracted_bl 196 mDisplayState 1  kStateOn 1
07-10 02:12:07.895 D/DisplayFeatureHal( 1329): DataCallback enter  mInteracted_bl: 196 lux:  140.2400
07-10 02:12:08.617 D/DisplayFeatureHal( 1329): SensorRecordCallbackFunction
07-10 02:12:08.617 D/DisplayFeatureHal( 1329): DataCallback enter mLightRun 1  mInteracted_bl 196 mDisplayState 1  kStateOn 1
07-10 02:12:08.617 D/DisplayFeatureHal( 1329): DataCallback enter  mInteracted_bl: 196 lux:  138.0075
07-10 02:12:09.274 D/LOWI-9.0.0.87( 1952): [LOWI-Scan] wait_event:Wait done with Cmd 103
07-10 02:12:09.275 D/LOWI-9.0.0.87( 1952): [LOWI-Scan] do_listen_events: Rcvd valid Netlink Cmd 0 Err 0
07-10 02:12:09.275 I/WifiHAL ( 1281): event received NL80211_CMD_VENDOR, vendor_id = 0x1374, subcmd = 0xd
07-10 02:12:09.276 I/cnss-daemon( 1917): nl80211 response handler invoked
07-10 02:12:09.276 I/cnss-daemon( 1917): nl80211_response_handler: cmd 103, vendorID 4980, subcmd 13  received
07-10 02:12:10.667 D/CompatibilityChangeReporter( 1970): Compat change id reported: 218533173; UID 10980; state: ENABLED
07-10 02:12:10.860 I/SmartPower.com.miui.gallery/10083(28827)( 1970): background->idle(3003ms) R(broadcast start Intent { act=android.intent.action.BATTERY_CHANGED flg=0x60000010 (has extras) }) adj=901.
07-10 02:12:10.861 I/SmartPower.com.whatsapp/10806(5173)( 1970): background->idle(3002ms) R(broadcast start Intent { act=android.intent.action.BATTERY_CHANGED flg=0x60000010 (has extras) }) adj=900.
07-10 02:12:10.862 I/SmartPower.com.xiaomi.discover/10103(25154)( 1970): background->idle(3002ms) R(broadcast start Intent { act=android.intent.action.BATTERY_CHANGED flg=0x60000010 (has extras) }) adj=500.
07-10 02:12:10.862 I/SmartPower.com.miui.global.packageinstaller/10101(9120)( 1970): background->idle(3001ms) R(broadcast start Intent { act=android.intent.action.BATTERY_CHANGED flg=0x60000010 (has extras) }) adj=915.
07-10 02:12:10.952 D/MiuiNetworkPolicy( 1970): updateLimit mLimitEnabled=true,enabled=false,mNetworkPriorityMode=255,mThermalForceMode=0
07-10 02:12:10.954 I/MiuiNetworkPolicy( 1970): getDisableLimitTimeout when thermal mode is:0
07-10 02:12:10.989 D/DisplayFeatureHal( 1329): SensorRecordCallbackFunction
07-10 02:12:10.989 D/DisplayFeatureHal( 1329): DataCallback enter mLightRun 1  mInteracted_bl 196 mDisplayState 1  kStateOn 1
07-10 02:12:10.989 D/DisplayFeatureHal( 1329): DataCallback enter  mInteracted_bl: 196 lux:  140.2400
07-10 02:12:11.195 D/DisplayFeatureHal( 1329): SensorRecordCallbackFunction
07-10 02:12:11.195 D/DisplayFeatureHal( 1329): DataCallback enter mLightRun 1  mInteracted_bl 196 mDisplayState 1  kStateOn 1
07-10 02:12:11.195 D/DisplayFeatureHal( 1329): DataCallback enter  mInteracted_bl: 196 lux:  138.9650
07-10 02:12:11.197 D/SLM-SRV-SLAService( 1970): checktemp temperature = 36620 temperature_average = 37106 isPerformanceMode = false thermal_enable_slm = true
07-10 02:12:11.278 I/WifiHAL ( 1281): event received NL80211_CMD_VENDOR, vendor_id = 0x1374, subcmd = 0xd
07-10 02:12:11.278 D/LOWI-9.0.0.87( 1952): [LOWI-Scan] wait_event:Wait done with Cmd 103
07-10 02:12:11.278 D/LOWI-9.0.0.87( 1952): [LOWI-Scan] do_listen_events: Rcvd valid Netlink Cmd 0 Err 0
07-10 02:12:11.279 I/cnss-daemon( 1917): nl80211 response handler invoked
07-10 02:12:11.279 I/cnss-daemon( 1917): nl80211_response_handler: cmd 103, vendorID 4980, subcmd 13  received
07-10 02:12:11.689 D/UiModeManager( 1970): updateConfigurationLocked: mDockState=0; mCarMode=false; mCar=false; mPowerSave=false; mComputedNightMode=true; mNightMode=2; uiMode=33
07-10 02:12:11.691 D/DynamicServiceK6( 3470): onEventReceive6 : USB plug = 2
07-10 02:12:11.692 D/DynamicService_WifiBt( 3470):  ACTION_BATTERY_CHANGED change,USB plug = 2
07-10 02:12:11.693 D/QtiCarrierConfigHelper( 3442): WARNING, no carrier configs on phone Id: 1
07-10 02:12:11.695 I/PowerUtils( 5771): getSurfaceTemprature temp: 36
07-10 02:12:11.696 I/PowerSaveService( 5771): onReceive: android.intent.action.BATTERY_CHANGED
07-10 02:12:11.696 D/PowerCheckerService( 7573): onBatteryChanged, mBatteryLevel = 66, status = 2, level = 66, plug = 2, scale = 100
07-10 02:12:11.697 I/PowerNoticeUI( 5771): handleBatteryChanged oldPlugType 2 mPlugType 2 oldBatteryLevel 66 mBatteryLevel 66 temperature 354
07-10 02:12:11.697 I/ChargerBatteryIntelligenceReceiver( 5771): onBatteryChanged temperature：35,plugType:2
07-10 02:12:11.698 D/PowerKeeper.Thermal( 7573): mBatteryTemperature: 35
07-10 02:12:11.701 D/PowerKeeper.FrozenApp( 7573): onBatteryChanged plug=true mBatteryPlugged=2
07-10 02:12:11.703 V/DeviceStatisticsService( 1500): chargerType=2 batteryLevel=66 totalBatteryCapacity=4143900
07-10 02:12:12.176 D/UidObserver( 7573): onUidIdle uid=10059 uidstate=100
07-10 02:12:12.492 D/libsensor-B2SNotifier( 2013): Backlight2SlpiNotifier brightness = 196
07-10 02:12:12.492 D/DisplayFeatureHal( 1329): HandleBrightnessInteract enter brightness 196
07-10 02:12:12.504 D/HeapUsage Monitor( 1970): HeapAllocSize : 147MB; monitorSize : 500MB
07-10 02:12:12.511 E/libsensor_ssccalapi( 2013): decode_events, Error decoding Event: callback failed
07-10 02:12:12.532 D/DisplayFeatureHal( 1329): SensorRecordCallbackFunction
07-10 02:12:12.533 D/DisplayFeatureHal( 1329): DataCallback enter mLightRun 1  mInteracted_bl 196 mDisplayState 1  kStateOn 1
07-10 02:12:12.533 D/DisplayFeatureHal( 1329): DataCallback enter  mInteracted_bl: 196 lux:  138.9650
07-10 02:12:12.627 D/BoundBrokerSvc(13466): onUnbind: Intent { act=com.google.android.gms.common.BIND_SHARED_PREFS pkg=com.google.android.gms }
07-10 02:12:12.736 D/DisplayFeatureHal( 1329): SensorRecordCallbackFunction
07-10 02:12:12.736 D/DisplayFeatureHal( 1329): DataCallback enter mLightRun 1  mInteracted_bl 196 mDisplayState 1  kStateOn 1
07-10 02:12:12.736 D/DisplayFeatureHal( 1329): DataCallback enter  mInteracted_bl: 196 lux:  136.7312
07-10 02:12:12.841 D/DisplayFeatureHal( 1329): SensorRecordCallbackFunction
07-10 02:12:12.841 D/DisplayFeatureHal( 1329): DataCallback enter mLightRun 1  mInteracted_bl 196 mDisplayState 1  kStateOn 1
07-10 02:12:12.841 D/DisplayFeatureHal( 1329): DataCallback enter  mInteracted_bl: 196 lux:  138.0075
07-10 02:12:12.863 D/ProcessMemoryCleaner( 1970): Compact memory: com.whatsapp/10806(5173) state=hibernation adj=900 pri=311 usage=5 isKilled=false pss:113479 swap:93159
07-10 02:12:13.282 D/LOWI-9.0.0.87( 1952): [LOWI-Scan] wait_event:Wait done with Cmd 103
07-10 02:12:13.283 D/LOWI-9.0.0.87( 1952): [LOWI-Scan] do_listen_events: Rcvd valid Netlink Cmd 0 Err 0
07-10 02:12:13.284 I/WifiHAL ( 1281): event received NL80211_CMD_VENDOR, vendor_id = 0x1374, subcmd = 0xd
07-10 02:12:13.284 I/cnss-daemon( 1917): nl80211 response handler invoked
07-10 02:12:13.284 I/cnss-daemon( 1917): nl80211_response_handler: cmd 103, vendorID 4980, subcmd 13  received
07-10 02:12:13.276 W/ThreadPoolForeg(30049): type=1400 audit(0.0:293204): avc: denied { write } for name="traced_producer" dev="tmpfs" ino=15226 scontext=u:r:gmscore_app:s0:c512,c768 tcontext=u:object_r:traced_producer_socket:s0 tclass=sock_file permissive=0 app=com.google.android.gms
07-10 02:12:13.870 D/DisplayFeatureHal( 1329): SensorRecordCallbackFunction
07-10 02:12:13.871 D/DisplayFeatureHal( 1329): DataCallback enter mLightRun 1  mInteracted_bl 196 mDisplayState 1  kStateOn 1
07-10 02:12:13.871 D/DisplayFeatureHal( 1329): DataCallback enter  mInteracted_bl: 196 lux:  140.2400
07-10 02:12:14.385 D/UiModeManager( 1970): updateConfigurationLocked: mDockState=0; mCarMode=false; mCar=false; mPowerSave=false; mComputedNightMode=true; mNightMode=2; uiMode=33
07-10 02:12:14.387 D/DynamicServiceK6( 3470): onEventReceive6 : USB plug = 2
07-10 02:12:14.387 D/DynamicService_WifiBt( 3470):  ACTION_BATTERY_CHANGED change,USB plug = 2
07-10 02:12:14.389 D/QtiCarrierConfigHelper( 3442): WARNING, no carrier configs on phone Id: 1
07-10 02:12:14.392 I/PowerUtils( 5771): getSurfaceTemprature temp: 36
07-10 02:12:14.393 I/PowerSaveService( 5771): onReceive: android.intent.action.BATTERY_CHANGED
07-10 02:12:14.394 I/PowerNoticeUI( 5771): handleBatteryChanged oldPlugType 2 mPlugType 2 oldBatteryLevel 66 mBatteryLevel 66 temperature 354
07-10 02:12:14.394 I/ChargerBatteryIntelligenceReceiver( 5771): onBatteryChanged temperature：35,plugType:2
07-10 02:12:14.395 D/PowerCheckerService( 7573): onBatteryChanged, mBatteryLevel = 66, status = 2, level = 66, plug = 2, scale = 100
07-10 02:12:14.396 I/SmartPower.com.miui.gallery/10083(28827)( 1970): idle->background(3536ms) R(broadcast start Intent { act=android.intent.action.BATTERY_CHANGED flg=0x60000010 (has extras) }) adj=901.
07-10 02:12:14.398 I/SmartPower.com.whatsapp/10806(5173)( 1970): idle->background(3537ms) R(broadcast start Intent { act=android.intent.action.BATTERY_CHANGED flg=0x60000010 (has extras) }) adj=900.
07-10 02:12:14.398 D/PowerKeeper.Thermal( 7573): mBatteryTemperature: 35
07-10 02:12:14.400 D/PowerKeeper.FrozenApp( 7573): onBatteryChanged plug=true mBatteryPlugged=2
07-10 02:12:14.400 I/SmartPower.com.xiaomi.discover/10103(25154)( 1970): idle->background(3538ms) R(broadcast start Intent { act=android.intent.action.BATTERY_CHANGED flg=0x60000010 (has extras) }) adj=500.
07-10 02:12:14.402 I/SmartPower.com.miui.global.packageinstaller/10101(9120)( 1970): idle->background(3540ms) R(broadcast start Intent { act=android.intent.action.BATTERY_CHANGED flg=0x60000010 (has extras) }) adj=915.
07-10 02:12:14.403 V/DeviceStatisticsService( 1500): chargerType=2 batteryLevel=66 totalBatteryCapacity=4145400
07-10 02:12:14.596 D/DisplayFeatureHal( 1329): SensorRecordCallbackFunction
07-10 02:12:14.596 D/DisplayFeatureHal( 1329): DataCallback enter mLightRun 1  mInteracted_bl 196 mDisplayState 1  kStateOn 1
07-10 02:12:14.596 D/DisplayFeatureHal( 1329): DataCallback enter  mInteracted_bl: 196 lux:  138.9650
07-10 02:12:15.288 D/LOWI-9.0.0.87( 1952): [LOWI-Scan] wait_event:Wait done with Cmd 103
07-10 02:12:15.288 D/LOWI-9.0.0.87( 1952): [LOWI-Scan] do_listen_events: Rcvd valid Netlink Cmd 0 Err 0
07-10 02:12:15.289 I/cnss-daemon( 1917): nl80211 response handler invoked
07-10 02:12:15.289 I/cnss-daemon( 1917): nl80211_response_handler: cmd 103, vendorID 4980, subcmd 13  received
07-10 02:12:15.289 I/WifiHAL ( 1281): event received NL80211_CMD_VENDOR, vendor_id = 0x1374, subcmd = 0xd
07-10 02:12:15.421 D/DisplayFeatureHal( 1329): SensorRecordCallbackFunction
07-10 02:12:15.421 D/DisplayFeatureHal( 1329): DataCallback enter mLightRun 1  mInteracted_bl 196 mDisplayState 1  kStateOn 1
07-10 02:12:15.421 D/DisplayFeatureHal( 1329): DataCallback enter  mInteracted_bl: 196 lux:  140.2400
07-10 02:12:15.732 D/DisplayFeatureHal( 1329): SensorRecordCallbackFunction
07-10 02:12:15.732 D/DisplayFeatureHal( 1329): DataCallback enter mLightRun 1  mInteracted_bl 196 mDisplayState 1  kStateOn 1
07-10 02:12:15.732 D/DisplayFeatureHal( 1329): DataCallback enter  mInteracted_bl: 196 lux:  138.6462
07-10 02:12:15.960 D/MiuiNetworkPolicy( 1970): updateLimit mLimitEnabled=false,enabled=true,mNetworkPriorityMode=255,mThermalForceMode=0
07-10 02:12:15.961 I/MiuiNetworkPolicy( 1970): getEnableLimitTimeout when thermal mode is:0
07-10 02:12:16.000 D/UiModeManager( 1970): updateConfigurationLocked: mDockState=0; mCarMode=false; mCar=false; mPowerSave=false; mComputedNightMode=true; mNightMode=2; uiMode=33
07-10 02:12:16.001 D/DynamicServiceK6( 3470): onEventReceive6 : USB plug = 2
07-10 02:12:16.001 D/DynamicService_WifiBt( 3470):  ACTION_BATTERY_CHANGED change,USB plug = 2
07-10 02:12:16.002 D/QtiCarrierConfigHelper( 3442): WARNING, no carrier configs on phone Id: 1
07-10 02:12:16.005 I/PowerUtils( 5771): getSurfaceTemprature temp: 36
07-10 02:12:16.006 I/PowerSaveService( 5771): onReceive: android.intent.action.BATTERY_CHANGED
07-10 02:12:16.006 I/PowerNoticeUI( 5771): handleBatteryChanged oldPlugType 2 mPlugType 2 oldBatteryLevel 66 mBatteryLevel 66 temperature 354
07-10 02:12:16.006 I/ChargerBatteryIntelligenceReceiver( 5771): onBatteryChanged temperature：35,plugType:2
07-10 02:12:16.007 D/PowerCheckerService( 7573): onBatteryChanged, mBatteryLevel = 66, status = 2, level = 66, plug = 2, scale = 100
07-10 02:12:16.010 V/DeviceStatisticsService( 1500): chargerType=2 batteryLevel=66 totalBatteryCapacity=4145400
07-10 02:12:16.010 D/PowerKeeper.Thermal( 7573): mBatteryTemperature: 35
07-10 02:12:16.012 D/PowerKeeper.FrozenApp( 7573): onBatteryChanged plug=true mBatteryPlugged=2
07-10 02:12:16.734 I/CNSS    ( 1781): /sys/wifi/dump_in_progress doesn't exist
07-10 02:12:17.292 D/LOWI-9.0.0.87( 1952): [LOWI-Scan] wait_event:Wait done with Cmd 103
07-10 02:12:17.293 D/LOWI-9.0.0.87( 1952): [LOWI-Scan] do_listen_events: Rcvd valid Netlink Cmd 0 Err 0
07-10 02:12:17.294 I/WifiHAL ( 1281): event received NL80211_CMD_VENDOR, vendor_id = 0x1374, subcmd = 0xd
07-10 02:12:17.294 I/cnss-daemon( 1917): nl80211 response handler invoked
07-10 02:12:17.294 I/cnss-daemon( 1917): nl80211_response_handler: cmd 103, vendorID 4980, subcmd 13  received
07-10 02:12:17.401 I/SmartPower.com.miui.gallery/10083(28827)( 1970): background->idle(3005ms) R(broadcast start Intent { act=android.intent.action.BATTERY_CHANGED flg=0x60000010 (has extras) }) adj=901.
07-10 02:12:17.402 I/SmartPower.com.whatsapp/10806(5173)( 1970): background->idle(3004ms) R(broadcast start Intent { act=android.intent.action.BATTERY_CHANGED flg=0x60000010 (has extras) }) adj=900.
07-10 02:12:17.402 I/SmartPower.com.xiaomi.discover/10103(25154)( 1970): background->idle(3003ms) R(broadcast start Intent { act=android.intent.action.BATTERY_CHANGED flg=0x60000010 (has extras) }) adj=500.
07-10 02:12:17.405 I/SmartPower.com.miui.global.packageinstaller/10101(9120)( 1970): background->idle(3003ms) R(broadcast start Intent { act=android.intent.action.BATTERY_CHANGED flg=0x60000010 (has extras) }) adj=915.
07-10 02:12:17.687 D/DisplayFeatureHal( 1329): SensorRecordCallbackFunction
07-10 02:12:17.688 D/DisplayFeatureHal( 1329): DataCallback enter mLightRun 1  mInteracted_bl 196 mDisplayState 1  kStateOn 1
07-10 02:12:17.688 D/DisplayFeatureHal( 1329): DataCallback enter  mInteracted_bl: 196 lux:  140.5600
07-10 02:12:18.617 D/DisplayFeatureHal( 1329): SensorRecordCallbackFunction
07-10 02:12:18.618 D/DisplayFeatureHal( 1329): DataCallback enter mLightRun 1  mInteracted_bl 196 mDisplayState 1  kStateOn 1
07-10 02:12:18.618 D/DisplayFeatureHal( 1329): DataCallback enter  mInteracted_bl: 196 lux:  138.9650
07-10 02:12:19.033 D/DisplayFeatureHal( 1329): SensorRecordCallbackFunction
07-10 02:12:19.033 D/DisplayFeatureHal( 1329): DataCallback enter mLightRun 1  mInteracted_bl 196 mDisplayState 1  kStateOn 1
07-10 02:12:19.033 D/DisplayFeatureHal( 1329): DataCallback enter  mInteracted_bl: 196 lux:  140.2400
07-10 02:12:19.236 D/DisplayFeatureHal( 1329): SensorRecordCallbackFunction
07-10 02:12:19.236 D/DisplayFeatureHal( 1329): DataCallback enter mLightRun 1  mInteracted_bl 196 mDisplayState 1  kStateOn 1
07-10 02:12:19.237 D/DisplayFeatureHal( 1329): DataCallback enter  mInteracted_bl: 196 lux:  138.0075
07-10 02:12:19.293 D/LOWI-9.0.0.87( 1952): [LOWI-Scan] wait_event:Wait done with Cmd 103
07-10 02:12:19.293 D/LOWI-9.0.0.87( 1952): [LOWI-Scan] do_listen_events: Rcvd valid Netlink Cmd 0 Err 0
07-10 02:12:19.294 I/WifiHAL ( 1281): event received NL80211_CMD_VENDOR, vendor_id = 0x1374, subcmd = 0xd
07-10 02:12:19.295 I/cnss-daemon( 1917): nl80211 response handler invoked
07-10 02:12:19.295 I/cnss-daemon( 1917): nl80211_response_handler: cmd 103, vendorID 4980, subcmd 13  received
07-10 02:12:19.403 D/ProcessMemoryCleaner( 1970): Compact memory: com.whatsapp/10806(5173) state=hibernation adj=900 pri=311 usage=5 isKilled=false pss:113479 swap:93159
07-10 02:12:19.545 D/DisplayFeatureHal( 1329): SensorRecordCallbackFunction
07-10 02:12:19.546 D/DisplayFeatureHal( 1329): DataCallback enter mLightRun 1  mInteracted_bl 196 mDisplayState 1  kStateOn 1
07-10 02:12:19.546 D/DisplayFeatureHal( 1329): DataCallback enter  mInteracted_bl: 196 lux:  140.2400
07-10 02:12:19.751 D/DisplayFeatureHal( 1329): SensorRecordCallbackFunction
07-10 02:12:19.751 D/DisplayFeatureHal( 1329): DataCallback enter mLightRun 1  mInteracted_bl 196 mDisplayState 1  kStateOn 1
07-10 02:12:19.751 D/DisplayFeatureHal( 1329): DataCallback enter  mInteracted_bl: 196 lux:  138.9650
07-10 02:12:21.201 D/SLM-SRV-SLAService( 1970): checktemp temperature = 36493 temperature_average = 36926 isPerformanceMode = false thermal_enable_slm = true
07-10 02:12:21.296 D/LOWI-9.0.0.87( 1952): [LOWI-Scan] wait_event:Wait done with Cmd 103
07-10 02:12:21.296 D/LOWI-9.0.0.87( 1952): [LOWI-Scan] do_listen_events: Rcvd valid Netlink Cmd 0 Err 0
07-10 02:12:21.297 I/cnss-daemon( 1917): nl80211 response handler invoked
07-10 02:12:21.297 I/cnss-daemon( 1917): nl80211_response_handler: cmd 103, vendorID 4980, subcmd 13  received
07-10 02:12:21.298 I/WifiHAL ( 1281): event received NL80211_CMD_VENDOR, vendor_id = 0x1374, subcmd = 0xd
07-10 02:12:21.626 W/PerfettoTrace(13466): type=1400 audit(0.0:293205): avc: denied { write } for name="traced_producer" dev="tmpfs" ino=15226 scontext=u:r:gmscore_app:s0:c512,c768 tcontext=u:object_r:traced_producer_socket:s0 tclass=sock_file permissive=0 app=com.google.android.gms
07-10 02:12:22.938 I/NetworkBoostStatusManager( 1970): handle: 106
07-10 02:12:23.302 D/LOWI-9.0.0.87( 1952): [LOWI-Scan] wait_event:Wait done with Cmd 103
07-10 02:12:23.302 I/cnss-daemon( 1917): nl80211 response handler invoked
07-10 02:12:23.302 I/cnss-daemon( 1917): nl80211_response_handler: cmd 103, vendorID 4980, subcmd 13  received
07-10 02:12:23.302 D/LOWI-9.0.0.87( 1952): [LOWI-Scan] do_listen_events: Rcvd valid Netlink Cmd 0 Err 0
07-10 02:12:23.303 I/WifiHAL ( 1281): event received NL80211_CMD_VENDOR, vendor_id = 0x1374, subcmd = 0xd
07-10 02:12:23.536 D/DynamicServiceK6( 3470): onEventReceive6 : USB plug = 2
07-10 02:12:23.536 D/UiModeManager( 1970): updateConfigurationLocked: mDockState=0; mCarMode=false; mCar=false; mPowerSave=false; mComputedNightMode=true; mNightMode=2; uiMode=33
07-10 02:12:23.537 D/DynamicService_WifiBt( 3470):  ACTION_BATTERY_CHANGED change,USB plug = 2
07-10 02:12:23.537 D/QtiCarrierConfigHelper( 3442): WARNING, no carrier configs on phone Id: 1
07-10 02:12:23.539 I/PowerUtils( 5771): getSurfaceTemprature temp: 36
07-10 02:12:23.540 I/PowerSaveService( 5771): onReceive: android.intent.action.BATTERY_CHANGED
07-10 02:12:23.541 D/PowerCheckerService( 7573): onBatteryChanged, mBatteryLevel = 66, status = 2, level = 66, plug = 2, scale = 100
07-10 02:12:23.541 I/PowerNoticeUI( 5771): handleBatteryChanged oldPlugType 2 mPlugType 2 oldBatteryLevel 66 mBatteryLevel 66 temperature 353
07-10 02:12:23.541 I/ChargerBatteryIntelligenceReceiver( 5771): onBatteryChanged temperature：35,plugType:2
07-10 02:12:23.544 D/PowerKeeper.Thermal( 7573): mBatteryTemperature: 35
07-10 02:12:23.544 I/SmartPower.com.miui.gallery/10083(28827)( 1970): idle->background(6143ms) R(broadcast start Intent { act=android.intent.action.BATTERY_CHANGED flg=0x60000010 (has extras) }) adj=901.
07-10 02:12:23.546 I/SmartPower.com.whatsapp/10806(5173)( 1970): idle->background(6144ms) R(broadcast start Intent { act=android.intent.action.BATTERY_CHANGED flg=0x60000010 (has extras) }) adj=900.
07-10 02:12:23.547 I/SmartPower.com.xiaomi.discover/10103(25154)( 1970): idle->background(6144ms) R(broadcast start Intent { act=android.intent.action.BATTERY_CHANGED flg=0x60000010 (has extras) }) adj=500.
07-10 02:12:23.548 V/DeviceStatisticsService( 1500): chargerType=2 batteryLevel=66 totalBatteryCapacity=4146900
07-10 02:12:23.548 I/SmartPower.com.miui.global.packageinstaller/10101(9120)( 1970): idle->background(6144ms) R(broadcast start Intent { act=android.intent.action.BATTERY_CHANGED flg=0x60000010 (has extras) }) adj=915.
07-10 02:12:23.550 D/PowerKeeper.FrozenApp( 7573): onBatteryChanged plug=true mBatteryPlugged=2
07-10 02:12:23.551 I/android_os_HwBinder( 1970): HwBinder: Starting thread pool for getting: vendor.xiaomi.hardware.micharge@1.0::IMiCharge/default
07-10 02:12:23.552 E/vendor.xiaomi.hardware.micharge@1.0-service( 1332): Failed to open node /sys/class/power_supply/wireless/reverse_chg_mode
07-10 02:12:23.552 I/vendor.xiaomi.hardware.micharge@1.0-service( 1332): ReadFilePathValue path = /sys/class/power_supply/wireless/reverse_chg_mode value = 
07-10 02:12:23.557 I/android_os_HwBinder( 1970): HwBinder: Starting thread pool for getting: vendor.xiaomi.hardware.micharge@1.0::IMiCharge/default
07-10 02:12:23.558 I/vendor.xiaomi.hardware.micharge@1.0-service( 1332): ReadFilePathValue path = /sys/class/power_supply/bms/fastcharge_mode value = 0
07-10 02:12:23.561 D/DisplayFeatureHal( 1329): SensorRecordCallbackFunction
07-10 02:12:23.561 D/DisplayFeatureHal( 1329): DataCallback enter mLightRun 1  mInteracted_bl 196 mDisplayState 1  kStateOn 1
07-10 02:12:23.561 D/DisplayFeatureHal( 1329): DataCallback enter  mInteracted_bl: 196 lux:  140.5600
07-10 02:12:25.212 D/DisplayFeatureHal( 1329): SensorRecordCallbackFunction
07-10 02:12:25.213 D/DisplayFeatureHal( 1329): DataCallback enter mLightRun 1  mInteracted_bl 196 mDisplayState 1  kStateOn 1
07-10 02:12:25.213 D/DisplayFeatureHal( 1329): DataCallback enter  mInteracted_bl: 196 lux:  138.3262
07-10 02:12:25.306 D/LOWI-9.0.0.87( 1952): [LOWI-Scan] wait_event:Wait done with Cmd 103
07-10 02:12:25.306 D/LOWI-9.0.0.87( 1952): [LOWI-Scan] do_listen_events: Rcvd valid Netlink Cmd 0 Err 0
07-10 02:12:25.307 I/cnss-daemon( 1917): nl80211 response handler invoked
07-10 02:12:25.307 I/cnss-daemon( 1917): nl80211_response_handler: cmd 103, vendorID 4980, subcmd 13  received
07-10 02:12:25.308 I/WifiHAL ( 1281): event received NL80211_CMD_VENDOR, vendor_id = 0x1374, subcmd = 0xd
07-10 02:12:25.722 D/collectorManager( 7573): ThermalScenarioValue setForegroundCounts: com.miui.home
07-10 02:12:25.722 D/collectorManager( 7573): ThermalScenarioValue setFloatCounts: NULL
07-10 02:12:25.722 D/collectorManager( 7573): ThermalScenarioValue setTemp: 36
07-10 02:12:25.906 W/ThreadPoolForeg(19252): type=1400 audit(0.0:293206): avc: denied { write } for name="traced_producer" dev="tmpfs" ino=15226 scontext=u:r:gmscore_app:s0:c512,c768 tcontext=u:object_r:traced_producer_socket:s0 tclass=sock_file permissive=0 app=com.google.android.gms
07-10 02:12:26.547 I/SmartPower.com.miui.gallery/10083(28827)( 1970): background->idle(3002ms) R(broadcast start Intent { act=android.intent.action.BATTERY_CHANGED flg=0x60000010 (has extras) }) adj=901.
07-10 02:12:26.547 I/SmartPower.com.whatsapp/10806(5173)( 1970): background->idle(3001ms) R(broadcast start Intent { act=android.intent.action.BATTERY_CHANGED flg=0x60000010 (has extras) }) adj=900.
07-10 02:12:26.550 I/SmartPower.com.xiaomi.discover/10103(25154)( 1970): background->idle(3003ms) R(broadcast start Intent { act=android.intent.action.BATTERY_CHANGED flg=0x60000010 (has extras) }) adj=500.
07-10 02:12:26.550 I/SmartPower.com.miui.global.packageinstaller/10101(9120)( 1970): background->idle(3002ms) R(broadcast start Intent { act=android.intent.action.BATTERY_CHANGED flg=0x60000010 (has extras) }) adj=915.
07-10 02:12:26.738 I/CNSS    ( 1781): /sys/wifi/dump_in_progress doesn't exist
07-10 02:12:27.304 D/LOWI-9.0.0.87( 1952): [LOWI-Scan] wait_event:Wait done with Cmd 103
07-10 02:12:27.304 D/LOWI-9.0.0.87( 1952): [LOWI-Scan] do_listen_events: Rcvd valid Netlink Cmd 0 Err 0
07-10 02:12:27.304 I/cnss-daemon( 1917): nl80211 response handler invoked
07-10 02:12:27.305 I/cnss-daemon( 1917): nl80211_response_handler: cmd 103, vendorID 4980, subcmd 13  received
07-10 02:12:27.305 I/WifiHAL ( 1281): event received NL80211_CMD_VENDOR, vendor_id = 0x1374, subcmd = 0xd
07-10 02:12:28.098 D/DisplayFeatureHal( 1329): SensorRecordCallbackFunction
07-10 02:12:28.098 D/DisplayFeatureHal( 1329): DataCallback enter mLightRun 1  mInteracted_bl 196 mDisplayState 1  kStateOn 1
07-10 02:12:28.098 D/DisplayFeatureHal( 1329): DataCallback enter  mInteracted_bl: 196 lux:  141.1975
07-10 02:12:28.304 D/DisplayFeatureHal( 1329): SensorRecordCallbackFunction
07-10 02:12:28.304 D/DisplayFeatureHal( 1329): DataCallback enter mLightRun 1  mInteracted_bl 196 mDisplayState 1  kStateOn 1
07-10 02:12:28.304 D/DisplayFeatureHal( 1329): DataCallback enter  mInteracted_bl: 196 lux:  138.9650
07-10 02:12:28.551 D/ProcessMemoryCleaner( 1970): Compact memory: com.whatsapp/10806(5173) state=hibernation adj=900 pri=311 usage=5 isKilled=false pss:113479 swap:93159
07-10 02:12:28.924 D/DisplayFeatureHal( 1329): SensorRecordCallbackFunction
07-10 02:12:28.924 D/DisplayFeatureHal( 1329): DataCallback enter mLightRun 1  mInteracted_bl 196 mDisplayState 1  kStateOn 1
07-10 02:12:28.924 D/DisplayFeatureHal( 1329): DataCallback enter  mInteracted_bl: 196 lux:  136.7312
07-10 02:12:29.028 D/DisplayFeatureHal( 1329): SensorRecordCallbackFunction
07-10 02:12:29.029 D/DisplayFeatureHal( 1329): DataCallback enter mLightRun 1  mInteracted_bl 196 mDisplayState 1  kStateOn 1
07-10 02:12:29.029 D/DisplayFeatureHal( 1329): DataCallback enter  mInteracted_bl: 196 lux:  138.0075
07-10 02:12:29.313 D/LOWI-9.0.0.87( 1952): [LOWI-Scan] wait_event:Wait done with Cmd 103
07-10 02:12:29.313 D/LOWI-9.0.0.87( 1952): [LOWI-Scan] do_listen_events: Rcvd valid Netlink Cmd 0 Err 0
07-10 02:12:29.314 I/WifiHAL ( 1281): event received NL80211_CMD_VENDOR, vendor_id = 0x1374, subcmd = 0xd
07-10 02:12:29.314 I/cnss-daemon( 1917): nl80211 response handler invoked
07-10 02:12:29.314 I/cnss-daemon( 1917): nl80211_response_handler: cmd 103, vendorID 4980, subcmd 13  received
07-10 02:12:31.215 D/SLM-SRV-SLAService( 1970): checktemp temperature = 36357 temperature_average = 36738 isPerformanceMode = false thermal_enable_slm = true
07-10 02:12:31.315 D/LOWI-9.0.0.87( 1952): [LOWI-Scan] wait_event:Wait done with Cmd 103
07-10 02:12:31.316 D/LOWI-9.0.0.87( 1952): [LOWI-Scan] do_listen_events: Rcvd valid Netlink Cmd 0 Err 0
07-10 02:12:31.317 I/WifiHAL ( 1281): event received NL80211_CMD_VENDOR, vendor_id = 0x1374, subcmd = 0xd
07-10 02:12:31.317 I/cnss-daemon( 1917): nl80211 response handler invoked
07-10 02:12:31.317 I/cnss-daemon( 1917): nl80211_response_handler: cmd 103, vendorID 4980, subcmd 13  received
07-10 02:12:31.398 D/DisplayFeatureHal( 1329): SensorRecordCallbackFunction
07-10 02:12:31.399 D/DisplayFeatureHal( 1329): DataCallback enter mLightRun 1  mInteracted_bl 196 mDisplayState 1  kStateOn 1
07-10 02:12:31.399 D/DisplayFeatureHal( 1329): DataCallback enter  mInteracted_bl: 196 lux:  136.7312
07-10 02:12:31.605 D/DisplayFeatureHal( 1329): SensorRecordCallbackFunction
07-10 02:12:31.606 D/DisplayFeatureHal( 1329): DataCallback enter mLightRun 1  mInteracted_bl 196 mDisplayState 1  kStateOn 1
07-10 02:12:31.606 D/DisplayFeatureHal( 1329): DataCallback enter  mInteracted_bl: 196 lux:  138.9650
07-10 02:12:32.343 D/UiModeManager( 1970): updateConfigurationLocked: mDockState=0; mCarMode=false; mCar=false; mPowerSave=false; mComputedNightMode=true; mNightMode=2; uiMode=33
07-10 02:12:32.343 D/DynamicServiceK6( 3470): onEventReceive6 : USB plug = 2
07-10 02:12:32.343 D/DynamicService_WifiBt( 3470):  ACTION_BATTERY_CHANGED change,USB plug = 2
07-10 02:12:32.345 D/QtiCarrierConfigHelper( 3442): WARNING, no carrier configs on phone Id: 1
07-10 02:12:32.347 I/PowerUtils( 5771): getSurfaceTemprature temp: 36
07-10 02:12:32.348 I/PowerSaveService( 5771): onReceive: android.intent.action.BATTERY_CHANGED
07-10 02:12:32.349 D/PowerCheckerService( 7573): onBatteryChanged, mBatteryLevel = 66, status = 2, level = 66, plug = 2, scale = 100
07-10 02:12:32.349 I/PowerNoticeUI( 5771): handleBatteryChanged oldPlugType 2 mPlugType 2 oldBatteryLevel 66 mBatteryLevel 66 temperature 353
07-10 02:12:32.349 I/ChargerBatteryIntelligenceReceiver( 5771): onBatteryChanged temperature：35,plugType:2
07-10 02:12:32.350 I/SmartPower.com.miui.gallery/10083(28827)( 1970): idle->background(5804ms) R(broadcast start Intent { act=android.intent.action.BATTERY_CHANGED flg=0x60000010 (has extras) }) adj=901.
07-10 02:12:32.352 I/SmartPower.com.whatsapp/10806(5173)( 1970): idle->background(5805ms) R(broadcast start Intent { act=android.intent.action.BATTERY_CHANGED flg=0x60000010 (has extras) }) adj=900.
07-10 02:12:32.352 D/PowerKeeper.Thermal( 7573): mBatteryTemperature: 35
07-10 02:12:32.353 I/SmartPower.com.xiaomi.discover/10103(25154)( 1970): idle->background(5804ms) R(broadcast start Intent { act=android.intent.action.BATTERY_CHANGED flg=0x60000010 (has extras) }) adj=500.
07-10 02:12:32.354 V/DeviceStatisticsService( 1500): chargerType=2 batteryLevel=66 totalBatteryCapacity=4146900
07-10 02:12:32.355 I/SmartPower.com.miui.global.packageinstaller/10101(9120)( 1970): idle->background(5804ms) R(broadcast start Intent { act=android.intent.action.BATTERY_CHANGED flg=0x60000010 (has extras) }) adj=915.
07-10 02:12:32.355 D/PowerKeeper.FrozenApp( 7573): onBatteryChanged plug=true mBatteryPlugged=2
07-10 02:12:32.426 W/ThreadPoolForeg(13466): type=1400 audit(0.0:293207): avc: denied { write } for name="traced_producer" dev="tmpfs" ino=15226 scontext=u:r:gmscore_app:s0:c512,c768 tcontext=u:object_r:traced_producer_socket:s0 tclass=sock_file permissive=0 app=com.google.android.gms
07-10 02:12:33.322 D/LOWI-9.0.0.87( 1952): [LOWI-Scan] wait_event:Wait done with Cmd 103
07-10 02:12:33.322 D/LOWI-9.0.0.87( 1952): [LOWI-Scan] do_listen_events: Rcvd valid Netlink Cmd 0 Err 0
07-10 02:12:33.322 I/cnss-daemon( 1917): nl80211 response handler invoked
07-10 02:12:33.323 I/cnss-daemon( 1917): nl80211_response_handler: cmd 103, vendorID 4980, subcmd 13  received
07-10 02:12:33.323 I/WifiHAL ( 1281): event received NL80211_CMD_VENDOR, vendor_id = 0x1374, subcmd = 0xd
07-10 02:12:33.769 D/DisplayFeatureHal( 1329): SensorRecordCallbackFunction
07-10 02:12:33.769 D/DisplayFeatureHal( 1329): DataCallback enter mLightRun 1  mInteracted_bl 196 mDisplayState 1  kStateOn 1
07-10 02:12:33.769 D/DisplayFeatureHal( 1329): DataCallback enter  mInteracted_bl: 196 lux:  140.2400
07-10 02:12:33.934 I/MiuiNetworkPolicy( 1970): updateUidState uid = 99887, uidState = 15
07-10 02:12:33.935 I/MiuiNetworkPolicy( 1970): updateUidState uid = 10205, uidState = 15
07-10 02:12:33.936 I/MiuiNetworkPolicy( 1970): updateUidState uid = 10160, uidState = 15
07-10 02:12:34.182 D/DisplayFeatureHal( 1329): SensorRecordCallbackFunction
07-10 02:12:34.182 D/DisplayFeatureHal( 1329): DataCallback enter mLightRun 1  mInteracted_bl 196 mDisplayState 1  kStateOn 1
07-10 02:12:34.182 D/DisplayFeatureHal( 1329): DataCallback enter  mInteracted_bl: 196 lux:  138.3262
07-10 02:12:35.131 I/DGW     ( 8350): I[sendRequest:90] StreamGroupConnectivityAwareNetworkLayer[notifgateway] processing request with connection state: 1
07-10 02:12:35.171 W/fbservices-stub:NotificationDeliveryStorePreferences( 8350): [AI] Failed to deserialize notification item
07-10 02:12:35.171 W/fbservices-stub:NotificationDeliveryStorePreferences( 8350): [AI] Failed to deserialize notification item
07-10 02:12:35.313 W/DGW     ( 8350): W[onSuccessfulResponse:942] StreamGroupTransport[notifgateway] on successful response. DGW is now connected.
07-10 02:12:35.320 I/WifiHAL ( 1281): event received NL80211_CMD_VENDOR, vendor_id = 0x1374, subcmd = 0xd
07-10 02:12:35.321 D/LOWI-9.0.0.87( 1952): [LOWI-Scan] wait_event:Wait done with Cmd 103
07-10 02:12:35.321 D/LOWI-9.0.0.87( 1952): [LOWI-Scan] do_listen_events: Rcvd valid Netlink Cmd 0 Err 0
