07-10 02:12:51.939 W/ActivityManager( 1970): Sending non-protected broadcast com.miui.fullscreen_state_change from system 1970:system/1000 pkg android. Callers=com.android.server.am.ActivityManagerService.broadcastIntentLocked:14948 com.android.server.am.ActivityManagerService.broadcastIntentLocked:14234 com.android.server.am.ActivityManagerService.broadcastIntentWithFeature:15108 android.app.ContextImpl.sendBroadcastAsUser:1426 com.android.server.policy.BaseMiuiPhoneWindowManager$15.run:2913 
07-10 02:12:51.939 D/vendor.hardware.vibratorfeature( 1364): playLengthMs is 100
07-10 02:12:51.940 D/vendor.hardware.vibratorfeature( 1364): Starting perform on another thread
07-10 02:12:51.940 D/CameraBlackCoveredManager( 1970): handleHomeGestureReceiver receive broadcast action is com.miui.fullscreen_state_change
07-10 02:12:51.940 D/MiuiFreeFormGestureController( 1970): handleFreeFormReceiver intent=Intent { act=com.miui.fullscreen_state_change flg=0x10 (has extras) }
07-10 02:12:51.997 D/MIUIInput( 1970): [MotionEvent] publisher action=0x1, 292135515, channel '8500e84 NavigationBar0 (server)'
07-10 02:12:51.997 D/MIUIInput( 1970): [MotionEvent] publisher action=0x1, 292135515, channel '[Gesture Monitor] miui-gesture (server)'
07-10 02:12:52.000 E/vendor.qti.hardware.perf@2.2-service( 1301): Unknown params
07-10 02:12:52.004 W/MIUIInput( 1970): Input event injection from pid 3500 action ACTION_UP keycode 82
07-10 02:12:52.004 W/MiuiInputKeyEventLog( 1970): keyCode:82 down:false eventTime:292135522 downTime:292135443 policyFlags:2b000002 flags:48 metaState:0 deviceId:-1 isScreenOn:true keyguardActive:false repeatCount:0
07-10 02:12:52.007 W/MiuiInputKeyEventLog( 1970): execute launchRecentPanelInternal
07-10 02:12:52.008 D/MiuiFreeFormGestureController( 1970): handleFreeFormReceiver intent=Intent { act=android.intent.action.CLOSE_SYSTEM_DIALOGS flg=0x50000010 (has extras) }
07-10 02:12:52.008 I/VideoToolBoxService( 5771): onReceive: android.intent.action.CLOSE_SYSTEM_DIALOGS
07-10 02:12:52.010 D/OverviewCommandHelper( 3534): onOverviewToggle
07-10 02:12:52.010 W/RecentsModel( 3534): getRunningTask
07-10 02:12:52.012 W/RecentsModel( 3534): getRunningTask   taskInfo=TaskInfo{userId=0 taskId=2 displayId=0 isRunning=true baseIntent=Intent { act=android.intent.action.MAIN cat=[android.intent.category.HOME] flg=0x10000100 cmp=com.miui.home/.launcher.Launcher } baseActivity=ComponentInfo{com.miui.home/com.miui.home.launcher.Launcher} topActivity=ComponentInfo{com.miui.home/com.miui.home.launcher.Launcher} origActivity=null realActivity=ComponentInfo{com.miui.home/com.miui.home.launcher.Launcher} numActivities=1 lastActiveTime=507511598 supportsSplitScreenMultiWindow=true supportsMultiWindow=true resizeMode=2 isResizeable=true minWidth=-1 minHeight=-1 defaultMinSize=200 token=WCT{android.window.IWindowContainerToken$Stub$Proxy@8fbeb56} topActivityType=2 pictureInPictureParams=null shouldDockBigOverlays=false launchIntoPipHostTaskId=0 displayCutoutSafeInsets=null topActivityInfo=ActivityInfo{f7b97d7 com.miui.home.launcher.Launcher} launchCookies=[] positionInParent=Point(0, 0) parentTaskId=-1 isFocused=true isVisible=true isSleeping=false topActivityInSizeCompat=false topActivityInMiuiSizeCompat=false topActivityEligibleForLetterboxEducation= false locusId=null displayAreaFeatureId=1 cameraCompatControlState=hidden mIsCastMode=false}
07-10 02:12:52.012 W/RecentsModel( 3534): getTaskInfoIgnoreHomeAndFreeform   taskInfo=ComponentInfo{com.miui.home/com.miui.home.launcher.Launcher}
07-10 02:12:52.013 D/EventBus( 3534): No subscribers registered for event class com.mi.globallauncher.messages.CommercialCloseAllOverLauncherWindowMessage
07-10 02:12:52.013 D/EventBus( 3534): No subscribers registered for event class org.greenrobot.eventbus.NoSubscriberEvent
07-10 02:12:52.013 D/StateManager( 3534): goToState  state=OverviewState   anim=true
07-10 02:12:52.013 E/StateManager( 3534): setWorkspaceProperty  state=OverviewState
07-10 02:12:52.013 E/StateManager( 3534): setShortcutMenuLayerProperty  state=OverviewState   alpha=0.0   scale=0.85
07-10 02:12:52.013 D/StateManager( 3534): setHotseatsProperty: hotseats.Visiblity = 4 ,hotseats.Alpha = 0.0 ,hotseats.TranslationY = -300.0 ,hotseats.TranslationX = 0.0 ,isInNormalEditing = false
07-10 02:12:52.013 E/RecentsViewStateController( 3534): setState: state=OverviewState   mIsIgnoreOverviewAnim=false
07-10 02:12:52.013 D/OnGlobalListenerError( 3534): RecentsContainer setVisibility :0
07-10 02:12:52.013 D/OnGlobalListenerError( 3534): RecentsContainer before requestLayout isParentLayoutRequested = false
07-10 02:12:52.013 D/OnGlobalListenerError( 3534): RecentsContainer after requestLayout
07-10 02:12:52.015 D/StateManager( 3534): LauncherState changed, from com.miui.home.launcher.uioverrides.AllAppsState@81f8667 to com.miui.home.recents.OverviewState@e216619
07-10 02:12:52.015 D/Launcher( 3534): notifyBackGestureStatus
07-10 02:12:52.015 E/OverviewState( 3534): onStateEnabled
07-10 02:12:52.015 D/RecentsModel( 3534): getSmartRecentsTaskLoadPlan runningTaskId -1
07-10 02:12:52.016 D/RecentsModel( 3534): getSmartRecentsTaskLoadPlan cost 1
07-10 02:12:52.017 D/OnGlobalListenerError( 3534): TaskStackView before requestLayout isParentLayoutRequested = false
07-10 02:12:52.017 D/OnGlobalListenerError( 3534): RecentsView before requestLayout isParentLayoutRequested = true
07-10 02:12:52.017 D/OnGlobalListenerError( 3534): RecentsView after requestLayout
07-10 02:12:52.017 D/OnGlobalListenerError( 3534): TaskStackView after requestLayout
07-10 02:12:52.017 D/TaskView( 3534): TaskView bind task, task=[TaskKey{id=24680, stackId=0, baseIntent=Intent { flg=0x10000000 cmp=com.whatsapp/.home.ui.HomeActivity }, userId=0, lastActiveTime=500957624, windowingMode=1, isThumbnailBlur=false, isScreening=false, topActivity=ComponentInfo{com.whatsapp/com.whatsapp.home.ui.HomeActivity}, mHashCode=736165432}, title=WhatsApp, titleDescription=WhatsApp, bounds=null, isLaunchTarget=false, isStackTask=true, isSystemApp=false, isDockable=true, baseActivity=ComponentInfo{com.whatsapp/com.whatsapp.home.ui.HomeActivity}, isLocked=false, isAccessLocked=false, mNeedHide=false] , isLock=false
07-10 02:12:52.017 D/TaskViewThumbnail( 3534): updateThumbnailScale, t=[TaskKey{id=24680, stackId=0, baseIntent=Intent { flg=0x10000000 cmp=com.whatsapp/.home.ui.HomeActivity }, userId=0, lastActiveTime=500957624, windowingMode=1, isThumbnailBlur=false, isScreening=false, topActivity=ComponentInfo{com.whatsapp/com.whatsapp.home.ui.HomeActivity}, mHashCode=736165432}, title=WhatsApp, titleDescription=WhatsApp, bounds=null, isLaunchTarget=false, isStackTask=true, isSystemApp=false, isDockable=true, baseActivity=ComponentInfo{com.whatsapp/com.whatsapp.home.ui.HomeActivity}, isLocked=false, isAccessLocked=false, mNeedHide=false] , mThumbnailBitmapSizeAfterScaled=(469, 985)
07-10 02:12:52.017 D/TaskViewThumbnail( 3534): updateThumbnailDrawInfo: 0, transY=0
07-10 02:12:52.018 D/TaskView( 3534): TaskView bind task, task=[TaskKey{id=24730, stackId=0, baseIntent=Intent { act=android.intent.action.MAIN cat=[android.intent.category.LAUNCHER] flg=0x10200000 cmp=com.google.android.apps.docs/.app.NewMainProxyActivity }, userId=0, lastActiveTime=507286059, windowingMode=1, isThumbnailBlur=false, isScreening=false, topActivity=ComponentInfo{com.google.android.apps.docs/com.google.android.apps.docs.drive.app.navigation.NavigationActivity}, mHashCode=737654982}, title=Drive, titleDescription=Drive, bounds=null, isLaunchTarget=false, isStackTask=true, isSystemApp=false, isDockable=true, baseActivity=ComponentInfo{com.google.android.apps.docs/com.google.android.apps.docs.drive.app.navigation.NavigationActivity}, isLocked=false, isAccessLocked=false, mNeedHide=false] , isLock=false
07-10 02:12:52.018 D/TaskViewThumbnail( 3534): updateThumbnailScale, t=[TaskKey{id=24730, stackId=0, baseIntent=Intent { act=android.intent.action.MAIN cat=[android.intent.category.LAUNCHER] flg=0x10200000 cmp=com.google.android.apps.docs/.app.NewMainProxyActivity }, userId=0, lastActiveTime=507286059, windowingMode=1, isThumbnailBlur=false, isScreening=false, topActivity=ComponentInfo{com.google.android.apps.docs/com.google.android.apps.docs.drive.app.navigation.NavigationActivity}, mHashCode=737654982}, title=Drive, titleDescription=Drive, bounds=null, isLaunchTarget=false, isStackTask=true, isSystemApp=false, isDockable=true, baseActivity=ComponentInfo{com.google.android.apps.docs/com.google.android.apps.docs.drive.app.navigation.NavigationActivity}, isLocked=false, isAccessLocked=false, mNeedHide=false] , mThumbnailBitmapSizeAfterScaled=(469, 985)
07-10 02:12:52.018 D/TaskViewThumbnail( 3534): updateThumbnailDrawInfo: 0, transY=0
07-10 02:12:52.018 D/TaskView( 3534): TaskView bind task, task=[TaskKey{id=24758, stackId=0, baseIntent=Intent { act=android.intent.action.MAIN cat=[android.intent.category.LAUNCHER] flg=0x10100000 pkg=com.example.better_bots cmp=com.example.better_bots/.DebugCrashLogActivity }, userId=0, lastActiveTime=507290188, windowingMode=1, isThumbnailBlur=false, isScreening=false, topActivity=ComponentInfo{com.example.better_bots/com.example.better_bots.DebugCrashLogActivity}, mHashCode=738489130}, title=Better Bots Crash Log, titleDescription=better_bots Better Bots Crash Log, bounds=null, isLaunchTarget=false, isStackTask=true, isSystemApp=false, isDockable=true, baseActivity=ComponentInfo{com.example.better_bots/com.example.better_bots.DebugCrashLogActivity}, isLocked=false, isAccessLocked=false, mNeedHide=false] , isLock=false
07-10 02:12:52.018 D/TaskViewThumbnail( 3534): updateThumbnailScale, t=[TaskKey{id=24758, stackId=0, baseIntent=Intent { act=android.intent.action.MAIN cat=[android.intent.category.LAUNCHER] flg=0x10100000 pkg=com.example.better_bots cmp=com.example.better_bots/.DebugCrashLogActivity }, userId=0, lastActiveTime=507290188, windowingMode=1, isThumbnailBlur=false, isScreening=false, topActivity=ComponentInfo{com.example.better_bots/com.example.better_bots.DebugCrashLogActivity}, mHashCode=738489130}, title=Better Bots Crash Log, titleDescription=better_bots Better Bots Crash Log, bounds=null, isLaunchTarget=false, isStackTask=true, isSystemApp=false, isDockable=true, baseActivity=ComponentInfo{com.example.better_bots/com.example.better_bots.DebugCrashLogActivity}, isLocked=false, isAccessLocked=false, mNeedHide=false] , mThumbnailBitmapSizeAfterScaled=(469, 985)
07-10 02:12:52.018 D/TaskViewThumbnail( 3534): updateThumbnailDrawInfo: 0, transY=0
07-10 02:12:52.019 D/TaskView( 3534): TaskView bind task, task=[TaskKey{id=24759, stackId=0, baseIntent=Intent { act=android.intent.action.MAIN cat=[android.intent.category.LAUNCHER] flg=0x10200000 cmp=com.openai.chatgpt/.MainActivity }, userId=0, lastActiveTime=507432827, windowingMode=1, isThumbnailBlur=false, isScreening=false, topActivity=ComponentInfo{com.openai.chatgpt/com.openai.chatgpt.MainActivity}, mHashCode=738518921}, title=ChatGPT, titleDescription=ChatGPT, bounds=null, isLaunchTarget=false, isStackTask=true, isSystemApp=false, isDockable=true, baseActivity=ComponentInfo{com.openai.chatgpt/com.openai.chatgpt.MainActivity}, isLocked=false, isAccessLocked=false, mNeedHide=false] , isLock=false
07-10 02:12:52.019 D/TaskViewThumbnail( 3534): updateThumbnailScale, t=[TaskKey{id=24759, stackId=0, baseIntent=Intent { act=android.intent.action.MAIN cat=[android.intent.category.LAUNCHER] flg=0x10200000 cmp=com.openai.chatgpt/.MainActivity }, userId=0, lastActiveTime=507432827, windowingMode=1, isThumbnailBlur=false, isScreening=false, topActivity=ComponentInfo{com.openai.chatgpt/com.openai.chatgpt.MainActivity}, mHashCode=738518921}, title=ChatGPT, titleDescription=ChatGPT, bounds=null, isLaunchTarget=false, isStackTask=true, isSystemApp=false, isDockable=true, baseActivity=ComponentInfo{com.openai.chatgpt/com.openai.chatgpt.MainActivity}, isLocked=false, isAccessLocked=false, mNeedHide=false] , mThumbnailBitmapSizeAfterScaled=(469, 985)
07-10 02:12:52.019 D/TaskViewThumbnail( 3534): updateThumbnailDrawInfo: 0, transY=0
07-10 02:12:52.019 D/TaskView( 3534): TaskView bind task, task=[TaskKey{id=24759, stackId=0, baseIntent=Intent { act=android.intent.action.MAIN cat=[android.intent.category.LAUNCHER] flg=0x10200000 cmp=com.openai.chatgpt/.MainActivity }, userId=0, lastActiveTime=507432827, windowingMode=1, isThumbnailBlur=false, isScreening=false, topActivity=ComponentInfo{com.openai.chatgpt/com.openai.chatgpt.MainActivity}, mHashCode=738518921}, title=ChatGPT, titleDescription=ChatGPT, bounds=null, isLaunchTarget=false, isStackTask=true, isSystemApp=false, isDockable=true, baseActivity=ComponentInfo{com.openai.chatgpt/com.openai.chatgpt.MainActivity}, isLocked=false, isAccessLocked=false, mNeedHide=false] , isLock=false
07-10 02:12:52.019 D/TaskViewThumbnail( 3534): updateThumbnailScale, t=[TaskKey{id=24759, stackId=0, baseIntent=Intent { act=android.intent.action.MAIN cat=[android.intent.category.LAUNCHER] flg=0x10200000 cmp=com.openai.chatgpt/.MainActivity }, userId=0, lastActiveTime=507432827, windowingMode=1, isThumbnailBlur=false, isScreening=false, topActivity=ComponentInfo{com.openai.chatgpt/com.openai.chatgpt.MainActivity}, mHashCode=738518921}, title=ChatGPT, titleDescription=ChatGPT, bounds=null, isLaunchTarget=false, isStackTask=true, isSystemApp=false, isDockable=true, baseActivity=ComponentInfo{com.openai.chatgpt/com.openai.chatgpt.MainActivity}, isLocked=false, isAccessLocked=false, mNeedHide=false] , mThumbnailBitmapSizeAfterScaled=(469, 985)
07-10 02:12:52.019 D/TaskViewThumbnail( 3534): updateThumbnailDrawInfo: 0, transY=0
07-10 02:12:52.020 D/TaskView( 3534): TaskView bind task, task=[TaskKey{id=24758, stackId=0, baseIntent=Intent { act=android.intent.action.MAIN cat=[android.intent.category.LAUNCHER] flg=0x10100000 pkg=com.example.better_bots cmp=com.example.better_bots/.DebugCrashLogActivity }, userId=0, lastActiveTime=507290188, windowingMode=1, isThumbnailBlur=false, isScreening=false, topActivity=ComponentInfo{com.example.better_bots/com.example.better_bots.DebugCrashLogActivity}, mHashCode=738489130}, title=Better Bots Crash Log, titleDescription=better_bots Better Bots Crash Log, bounds=null, isLaunchTarget=false, isStackTask=true, isSystemApp=false, isDockable=true, baseActivity=ComponentInfo{com.example.better_bots/com.example.better_bots.DebugCrashLogActivity}, isLocked=false, isAccessLocked=false, mNeedHide=false] , isLock=false
07-10 02:12:52.020 D/TaskViewThumbnail( 3534): updateThumbnailScale, t=[TaskKey{id=24758, stackId=0, baseIntent=Intent { act=android.intent.action.MAIN cat=[android.intent.category.LAUNCHER] flg=0x10100000 pkg=com.example.better_bots cmp=com.example.better_bots/.DebugCrashLogActivity }, userId=0, lastActiveTime=507290188, windowingMode=1, isThumbnailBlur=false, isScreening=false, topActivity=ComponentInfo{com.example.better_bots/com.example.better_bots.DebugCrashLogActivity}, mHashCode=738489130}, title=Better Bots Crash Log, titleDescription=better_bots Better Bots Crash Log, bounds=null, isLaunchTarget=false, isStackTask=true, isSystemApp=false, isDockable=true, baseActivity=ComponentInfo{com.example.better_bots/com.example.better_bots.DebugCrashLogActivity}, isLocked=false, isAccessLocked=false, mNeedHide=false] , mThumbnailBitmapSizeAfterScaled=(469, 985)
07-10 02:12:52.020 D/TaskViewThumbnail( 3534): updateThumbnailDrawInfo: 0, transY=0
07-10 02:12:52.020 E/StateBroadcastUtils( 3534): sendFsStateBroadCast state=toRecents   channel=navigation_bar   packageName=
07-10 02:12:52.020 D/TaskView( 3534): TaskView bind task, task=[TaskKey{id=24730, stackId=0, baseIntent=Intent { act=android.intent.action.MAIN cat=[android.intent.category.LAUNCHER] flg=0x10200000 cmp=com.google.android.apps.docs/.app.NewMainProxyActivity }, userId=0, lastActiveTime=507286059, windowingMode=1, isThumbnailBlur=false, isScreening=false, topActivity=ComponentInfo{com.google.android.apps.docs/com.google.android.apps.docs.drive.app.navigation.NavigationActivity}, mHashCode=737654982}, title=Drive, titleDescription=Drive, bounds=null, isLaunchTarget=false, isStackTask=true, isSystemApp=false, isDockable=true, baseActivity=ComponentInfo{com.google.android.apps.docs/com.google.android.apps.docs.drive.app.navigation.NavigationActivity}, isLocked=false, isAccessLocked=false, mNeedHide=false] , isLock=false
07-10 02:12:52.020 D/TaskViewThumbnail( 3534): updateThumbnailScale, t=[TaskKey{id=24730, stackId=0, baseIntent=Intent { act=android.intent.action.MAIN cat=[android.intent.category.LAUNCHER] flg=0x10200000 cmp=com.google.android.apps.docs/.app.NewMainProxyActivity }, userId=0, lastActiveTime=507286059, windowingMode=1, isThumbnailBlur=false, isScreening=false, topActivity=ComponentInfo{com.google.android.apps.docs/com.google.android.apps.docs.drive.app.navigation.NavigationActivity}, mHashCode=737654982}, title=Drive, titleDescription=Drive, bounds=null, isLaunchTarget=false, isStackTask=true, isSystemApp=false, isDockable=true, baseActivity=ComponentInfo{com.google.android.apps.docs/com.google.android.apps.docs.drive.app.navigation.NavigationActivity}, isLocked=false, isAccessLocked=false, mNeedHide=false] , mThumbnailBitmapSizeAfterScaled=(469, 985)
07-10 02:12:52.020 D/TaskViewThumbnail( 3534): updateThumbnailDrawInfo: 0, transY=0
07-10 02:12:52.020 D/TaskView( 3534): TaskView bind task, task=[TaskKey{id=24680, stackId=0, baseIntent=Intent { flg=0x10000000 cmp=com.whatsapp/.home.ui.HomeActivity }, userId=0, lastActiveTime=500957624, windowingMode=1, isThumbnailBlur=false, isScreening=false, topActivity=ComponentInfo{com.whatsapp/com.whatsapp.home.ui.HomeActivity}, mHashCode=736165432}, title=WhatsApp, titleDescription=WhatsApp, bounds=null, isLaunchTarget=false, isStackTask=true, isSystemApp=false, isDockable=true, baseActivity=ComponentInfo{com.whatsapp/com.whatsapp.home.ui.HomeActivity}, isLocked=false, isAccessLocked=false, mNeedHide=false] , isLock=false
07-10 02:12:52.020 D/TaskViewThumbnail( 3534): updateThumbnailScale, t=[TaskKey{id=24680, stackId=0, baseIntent=Intent { flg=0x10000000 cmp=com.whatsapp/.home.ui.HomeActivity }, userId=0, lastActiveTime=500957624, windowingMode=1, isThumbnailBlur=false, isScreening=false, topActivity=ComponentInfo{com.whatsapp/com.whatsapp.home.ui.HomeActivity}, mHashCode=736165432}, title=WhatsApp, titleDescription=WhatsApp, bounds=null, isLaunchTarget=false, isStackTask=true, isSystemApp=false, isDockable=true, baseActivity=ComponentInfo{com.whatsapp/com.whatsapp.home.ui.HomeActivity}, isLocked=false, isAccessLocked=false, mNeedHide=false] , mThumbnailBitmapSizeAfterScaled=(469, 985)
07-10 02:12:52.020 D/TaskViewThumbnail( 3534): updateThumbnailDrawInfo: 0, transY=0
07-10 02:12:52.020 D/OnGlobalListenerError( 3534): TaskStackView before requestLayout isParentLayoutRequested = true
07-10 02:12:52.020 D/OnGlobalListenerError( 3534): TaskStackView after requestLayout
07-10 02:12:52.020 D/OnGlobalListenerError( 3534): TaskStackView setVisibility :0
07-10 02:12:52.020 D/OnGlobalListenerError( 3534): RecentsView before requestLayout isParentLayoutRequested = true
07-10 02:12:52.020 D/OnGlobalListenerError( 3534): RecentsView after requestLayout
07-10 02:12:52.021 D/OnGlobalListenerError( 3534): RecentsContainer setVisibility :0
07-10 02:12:52.021 D/MiuiMultiWindowUtils( 3534): readFreeformTimestamps::str = ["{com.whatsapp=[1782422810317]}"]
07-10 02:12:52.022 E/Launcher( 3534): notifyBackGestureStatus:run usingFsGesture=false   show=true   focus=true   pause=false
07-10 02:12:52.022 D/MiuiMultiWindowUtils( 3534): readFreeformTimestamps::result = {com.whatsapp=[1782422810317]}
07-10 02:12:52.022 E/RotationHelper( 3534): setCurrentStateRequest: request=1
07-10 02:12:52.022 D/MiuiActivityHelper( 1970): MEMINFO_KRECLAIMABLE: 318836, MEMINFO_SLAB_RECLAIMABLE: 162704, MEMINFO_BUFFERS: 7808, MEMINFO_CACHED: 3365272, MEMINFO_FREE: 106840
07-10 02:12:52.022 E/RotationHelper( 3534): notifyChange activityFlags=1, mMultiWindowRotationRequest=3, mCurrentTransitionRequest=0, mCurrentStateRequest=1
07-10 02:12:52.022 D/LauncherAssistantCompatGoogle( 3534): onStateChanged com.google.android.libraries.gsa.launcherclient.LauncherClient@3be19af
07-10 02:12:52.022 W/ActivityHelper( 1970): Unable to access /d/ion/heaps/system: No such file or directory
07-10 02:12:52.022 D/MiuiFreeFormGestureController( 1970): handleFreeFormReceiver intent=Intent { act=com.miui.fullscreen_state_change flg=0x10 (has extras) }
07-10 02:12:52.022 W/ActivityHelper( 1970): Unable to access /d/ion/ion_mm_heap: No such file or directory
07-10 02:12:52.023 D/RecentsContainer( 3534): onMeasure, rotation=0
07-10 02:12:52.023 D/TaskStackChangeListeners( 3534): onTaskDescriptionChanged =  taskId = 2
07-10 02:12:52.023 D/RecentsContainer( 3534): rotateRecentsContainer, recentsRotation=0, widthAndHeight=[1080, 2400]
07-10 02:12:52.023 D/TaskStackLayoutAlgorithm( 3534): initialize: windowRect=Rect(0, 0 - 1080, 2400), mVisualRotationSystemInsets=Rect(0, 93 - 0, 130), mTaskStackViewRect=Rect(0, 93 - 1080, 2400), mTaskViewRect=RectF(305.64, 93.0, 774.36, 1188.1799)
07-10 02:12:52.023 D/TaskStackLayoutAlgorithm( 3534): initialize: windowRect=Rect(0, 0 - 1080, 2400), mVisualRotationSystemInsets=Rect(0, 93 - 0, 130), mTaskStackViewRect=Rect(0, 93 - 1080, 2400), mTaskViewRect=RectF(305.64, 93.0, 774.36, 1188.1799)
07-10 02:12:52.024 D/CameraBlackCoveredManager( 1970): handleHomeGestureReceiver receive broadcast action is com.miui.fullscreen_state_change
07-10 02:12:52.024 D/MiuiActivityHelper( 1970): cache: 3889926144, nativefree: 3786715136lostcache: 0
07-10 02:12:52.024 D/RecentsContainer( 3534): getFreeMemory:4680368128
07-10 02:12:52.025 D/MiuiFreeFormGestureController( 1970): handleFreeFormReceiver intent=Intent { act=android.intent.action.CLOSE_SYSTEM_DIALOGS flg=0x50000010 (has extras) }
07-10 02:12:52.025 D/RecentsContainer( 3534): notifyRecentTaskState: true
07-10 02:12:52.025 D/RecentsContainer( 3534): onApplyWindowInsets, insets=WindowInsets{
07-10 02:12:52.025 D/RecentsContainer( 3534):     statusBars=Insets{left=0, top=93, right=0, bottom=0} max=Insets{left=0, top=93, right=0, bottom=0} vis=true
07-10 02:12:52.025 D/RecentsContainer( 3534):     navigationBars=Insets{left=0, top=0, right=0, bottom=130} max=Insets{left=0, top=0, right=0, bottom=130} vis=true
07-10 02:12:52.025 D/RecentsContainer( 3534):     captionBar=Insets{left=0, top=0, right=0, bottom=0} max=null vis=false
07-10 02:12:52.025 D/RecentsContainer( 3534):     ime=Insets{left=0, top=0, right=0, bottom=0} max=null vis=false
07-10 02:12:52.025 D/RecentsContainer( 3534):     systemGestures=Insets{left=0, top=126, right=0, bottom=130} max=Insets{left=0, top=126, right=0, bottom=130} vis=true
07-10 02:12:52.025 D/RecentsContainer( 3534):     mandatorySystemGestures=Insets{left=0, top=126, right=0, bottom=130} max=Insets{left=0, top=126, right=0, bottom=130} vis=true
07-10 02:12:52.025 D/RecentsContainer( 3534):     tappableElement=Insets{left=0, top=93, right=0, bottom=130} max=Insets{left=0, top=93, right=0, bottom=130} vis=true
07-10 02:12:52.025 D/RecentsContainer( 3534):     displayCutout=Insets{left=0, top=93, right=0, bottom=0} max=Insets{left=0, top=93, right=0, bottom=0} vis=true
07-10 02:12:52.025 D/RecentsContainer( 3534):     windowDecor=null max=null vis=false
07-10 02:12:52.025 D/RecentsContainer( 3534):     cutout=DisplayCutout{insets=Rect(0, 93 - 0, 0) waterfall=Insets{left=0, top=0, right=0, bottom=0} boundingRect={Bounds=[Rect(0, 0 - 0, 0), Rect(503, 0 - 577, 93), Rect(0, 0 - 0, 0), Rect(0, 0 - 0, 0)]} cutoutPathParserInfo={CutoutPathParserInfo{displayWidth=1080 displayHeight=2400 physicalDisplayWidth=1080 physicalDisplayHeight=2400 density={2.75} cutoutSpec={M 0,0 H -37 V 93 H 37 V 0 H 0 Z} rotation={0} scale={1.0} physicalPixelDisplaySizeRatio={1.0}}}}
07-10 02:12:52.025 D/RecentsContainer( 3534):     roundedCorners=RoundedCorners{[RoundedCorner{position=TopLeft, radius=102, center=Point(102, 102)}, RoundedCorner{position=TopRight, radius=102, center=Point(978, 102)}, RoundedCorner{position=BottomRight, radius=102, center=Point(978, 2298)}, RoundedCorner{position=BottomLeft, radius=102, center=Point(102, 2298)}]}
07-10 02:12:52.025 D/RecentsContainer( 3534):     privacyIndicatorBounds=PrivacyIndicatorBounds {static bounds=Rect(34, 0 - 70, 93) rotation=0}
07-10 02:12:52.025 D/RecentsContainer( 3534):     compatInsetsTypes=135
07-10 02:12:52.025 D/RecentsContainer( 3534):     compatIgnoreVisibility=true
07-10 02:12:52.025 D/RecentsContainer( 3534):     systemWindowInsetsConsumed=false
07-10 02:12:52.025 D/RecentsContainer( 3534):     stableInsetsConsumed=false
07-10 02:12:52.025 D/RecentsContainer( 3534):     displayCutoutConsumed=false
07-10 02:12:52.025 D/RecentsContainer( 3534):     }, rotation=0
07-10 02:12:52.026 D/RecentsContainer( 3534): onMeasure, rotation=0
07-10 02:12:52.026 D/RecentsContainer( 3534): rotateRecentsContainer, recentsRotation=0, widthAndHeight=[1080, 2400]
07-10 02:12:52.026 D/TaskStackLayoutAlgorithm( 3534): initialize: windowRect=Rect(0, 0 - 1080, 2400), mVisualRotationSystemInsets=Rect(0, 93 - 0, 130), mTaskStackViewRect=Rect(0, 93 - 1080, 2400), mTaskViewRect=RectF(305.64, 93.0, 774.36, 1188.1799)
07-10 02:12:52.026 D/TaskStackLayoutAlgorithm( 3534): initialize: windowRect=Rect(0, 0 - 1080, 2400), mVisualRotationSystemInsets=Rect(0, 93 - 0, 130), mTaskStackViewRect=Rect(0, 93 - 1080, 2400), mTaskViewRect=RectF(305.64, 93.0, 774.36, 1188.1799)
07-10 02:12:52.027 D/TaskStackChangeListeners( 3534): onTaskDescriptionChanged =  taskId = 1
07-10 02:12:52.028 I/VideoToolBoxService( 5771): onReceive: android.intent.action.CLOSE_SYSTEM_DIALOGS
07-10 02:12:52.030 V/ShadeControllerImpl( 3500): NotificationShadeWindow: com.android.systemui.statusbar.phone.NotificationShadeWindowView{bf82d1e I.E...... ......ID 0,0-1080,2400} canPanelBeCollapsed(): false
07-10 02:12:52.030 D/IntervalStats( 1970): Unable to parse usage stats packages: [1414, 1527, 1858, 1865, 1866, 1867, 1870, 1871, 1874, 1875, 1879, 1881, 1882, 1883]
07-10 02:12:52.030 I/vol.MiuiVolumeDialogImp-plugin( 3500): dismissH mShowing:false dialog showing:false reason:2
07-10 02:12:52.033 I/vol.MiuiVolumeDialogImp-plugin( 3500): dismissH mShowing:false dialog showing:false reason:2
07-10 02:12:52.033 V/ShadeControllerImpl( 3500): NotificationShadeWindow: com.android.systemui.statusbar.phone.NotificationShadeWindowView{bf82d1e I.E...... ......ID 0,0-1080,2400} canPanelBeCollapsed(): false
07-10 02:12:52.036 D/MiuiFreeFormGestureController( 1970): handleFreeFormReceiver intent=Intent { act=android.intent.action.CLOSE_SYSTEM_DIALOGS flg=0x50000010 (has extras) }
07-10 02:12:52.038 I/VideoToolBoxService( 5771): onReceive: android.intent.action.CLOSE_SYSTEM_DIALOGS
07-10 02:12:52.040 D/vendor.hardware.vibratorfeature( 1364): Notifying perform complete
07-10 02:12:52.040 D/VibratorManagerService( 1970): Vibration 29213 finished with status FINISHED
07-10 02:12:52.040 D/VibratorManagerService( 1970): Reporting vibration 29213 finished with status FINISHED
07-10 02:12:52.040 D/VibratorManagerService( 1970): Vibration for uid=1000 and with attrs=VibrationAttributes: Usage=TOUCH Audio Usage= USAGE_UNKNOWN Flags=0 ended with status FINISHED
07-10 02:12:52.040 D/VibratorManagerService( 1970): Vibration 29213 on vibrator 0 complete, notifying thread
07-10 02:12:52.041 D/vendor.hardware.vibratorfeature( 1364): QTI Vibrator off
07-10 02:12:52.041 D/DynamicEffectDevice( 1364): FFDevice pause
07-10 02:12:52.042 D/VibratorManagerService( 1970): VibrationThread released after finished vibration
07-10 02:12:52.042 D/VibratorManagerService( 1970): Processing VibrationThread released callback
07-10 02:12:52.048 V/ShadeControllerImpl( 3500): NotificationShadeWindow: com.android.systemui.statusbar.phone.NotificationShadeWindowView{bf82d1e I.E...... ......ID 0,0-1080,2400} canPanelBeCollapsed(): false
07-10 02:12:52.048 I/vol.MiuiVolumeDialogImp-plugin( 3500): dismissH mShowing:false dialog showing:false reason:2
07-10 02:12:52.052 W/OpenGLRenderer(32608): Surface doesn't have any previously queued frames, nothing to readback from
07-10 02:12:52.052 W/OpenGLRenderer(32608): Surface doesn't have any previously queued frames, nothing to readback from
07-10 02:12:52.067 W/OpenGLRenderer(32608): Surface doesn't have any previously queued frames, nothing to readback from
07-10 02:12:52.067 W/OpenGLRenderer(32608): Surface doesn't have any previously queued frames, nothing to readback from
07-10 02:12:52.084 W/OpenGLRenderer(32608): Surface doesn't have any previously queued frames, nothing to readback from
07-10 02:12:52.084 W/OpenGLRenderer(32608): Surface doesn't have any previously queued frames, nothing to readback from
07-10 02:12:52.103 W/OpenGLRenderer(32608): Surface doesn't have any previously queued frames, nothing to readback from
07-10 02:12:52.104 W/OpenGLRenderer(32608): Surface doesn't have any previously queued frames, nothing to readback from
07-10 02:12:52.116 W/OpenGLRenderer(32608): Surface doesn't have any previously queued frames, nothing to readback from
07-10 02:12:52.117 W/OpenGLRenderer(32608): Surface doesn't have any previously queued frames, nothing to readback from
07-10 02:12:52.133 W/OpenGLRenderer(32608): Surface doesn't have any previously queued frames, nothing to readback from
07-10 02:12:52.134 W/OpenGLRenderer(32608): Surface doesn't have any previously queued frames, nothing to readback from
07-10 02:12:52.153 W/OpenGLRenderer(32608): Surface doesn't have any previously queued frames, nothing to readback from
07-10 02:12:52.154 W/OpenGLRenderer(32608): Surface doesn't have any previously queued frames, nothing to readback from
07-10 02:12:52.169 W/OpenGLRenderer(32608): Surface doesn't have any previously queued frames, nothing to readback from
07-10 02:12:52.169 W/OpenGLRenderer(32608): Surface doesn't have any previously queued frames, nothing to readback from
07-10 02:12:52.185 W/OpenGLRenderer(32608): Surface doesn't have any previously queued frames, nothing to readback from
07-10 02:12:52.186 W/OpenGLRenderer(32608): Surface doesn't have any previously queued frames, nothing to readback from
07-10 02:12:52.201 W/OpenGLRenderer(32608): Surface doesn't have any previously queued frames, nothing to readback from
07-10 02:12:52.201 W/OpenGLRenderer(32608): Surface doesn't have any previously queued frames, nothing to readback from
07-10 02:12:52.218 W/OpenGLRenderer(32608): Surface doesn't have any previously queued frames, nothing to readback from
07-10 02:12:52.219 W/OpenGLRenderer(32608): Surface doesn't have any previously queued frames, nothing to readback from
07-10 02:12:52.235 W/OpenGLRenderer(32608): Surface doesn't have any previously queued frames, nothing to readback from
07-10 02:12:52.235 W/OpenGLRenderer(32608): Surface doesn't have any previously queued frames, nothing to readback from
07-10 02:12:52.252 W/OpenGLRenderer(32608): Surface doesn't have any previously queued frames, nothing to readback from
07-10 02:12:52.252 W/OpenGLRenderer(32608): Surface doesn't have any previously queued frames, nothing to readback from
07-10 02:12:52.268 W/OpenGLRenderer(32608): Surface doesn't have any previously queued frames, nothing to readback from
07-10 02:12:52.269 W/OpenGLRenderer(32608): Surface doesn't have any previously queued frames, nothing to readback from
07-10 02:12:52.285 W/OpenGLRenderer(32608): Surface doesn't have any previously queued frames, nothing to readback from
07-10 02:12:52.285 W/OpenGLRenderer(32608): Surface doesn't have any previously queued frames, nothing to readback from
07-10 02:12:52.301 W/OpenGLRenderer(32608): Surface doesn't have any previously queued frames, nothing to readback from
07-10 02:12:52.302 W/OpenGLRenderer(32608): Surface doesn't have any previously queued frames, nothing to readback from
07-10 02:12:52.318 W/OpenGLRenderer(32608): Surface doesn't have any previously queued frames, nothing to readback from
07-10 02:12:52.319 W/OpenGLRenderer(32608): Surface doesn't have any previously queued frames, nothing to readback from
07-10 02:12:52.336 W/OpenGLRenderer(32608): Surface doesn't have any previously queued frames, nothing to readback from
07-10 02:12:52.336 W/OpenGLRenderer(32608): Surface doesn't have any previously queued frames, nothing to readback from
07-10 02:12:52.352 W/OpenGLRenderer(32608): Surface doesn't have any previously queued frames, nothing to readback from
07-10 02:12:52.352 W/OpenGLRenderer(32608): Surface doesn't have any previously queued frames, nothing to readback from
07-10 02:12:52.368 W/OpenGLRenderer(32608): Surface doesn't have any previously queued frames, nothing to readback from
07-10 02:12:52.368 W/OpenGLRenderer(32608): Surface doesn't have any previously queued frames, nothing to readback from
07-10 02:12:52.384 W/OpenGLRenderer(32608): Surface doesn't have any previously queued frames, nothing to readback from
07-10 02:12:52.385 W/OpenGLRenderer(32608): Surface doesn't have any previously queued frames, nothing to readback from
07-10 02:12:52.403 W/OpenGLRenderer(32608): Surface doesn't have any previously queued frames, nothing to readback from
07-10 02:12:52.403 W/OpenGLRenderer(32608): Surface doesn't have any previously queued frames, nothing to readback from
07-10 02:12:52.417 W/OpenGLRenderer(32608): Surface doesn't have any previously queued frames, nothing to readback from
07-10 02:12:52.418 W/OpenGLRenderer(32608): Surface doesn't have any previously queued frames, nothing to readback from
07-10 02:12:52.435 W/OpenGLRenderer(32608): Surface doesn't have any previously queued frames, nothing to readback from
07-10 02:12:52.436 W/OpenGLRenderer(32608): Surface doesn't have any previously queued frames, nothing to readback from
07-10 02:12:52.451 W/OpenGLRenderer(32608): Surface doesn't have any previously queued frames, nothing to readback from
07-10 02:12:52.453 W/OpenGLRenderer(32608): Surface doesn't have any previously queued frames, nothing to readback from
07-10 02:12:52.469 W/OpenGLRenderer(32608): Surface doesn't have any previously queued frames, nothing to readback from
07-10 02:12:52.470 W/OpenGLRenderer(32608): Surface doesn't have any previously queued frames, nothing to readback from
07-10 02:12:52.488 W/OpenGLRenderer(32608): Surface doesn't have any previously queued frames, nothing to readback from
07-10 02:12:52.488 W/OpenGLRenderer(32608): Surface doesn't have any previously queued frames, nothing to readback from
07-10 02:12:52.502 W/OpenGLRenderer(32608): Surface doesn't have any previously queued frames, nothing to readback from
07-10 02:12:52.503 W/OpenGLRenderer(32608): Surface doesn't have any previously queued frames, nothing to readback from
07-10 02:12:52.518 W/OpenGLRenderer(32608): Surface doesn't have any previously queued frames, nothing to readback from
07-10 02:12:52.519 W/OpenGLRenderer(32608): Surface doesn't have any previously queued frames, nothing to readback from
07-10 02:12:52.519 E/OverviewState( 3534): onStateTransitionEnd
07-10 02:12:52.519 E/RotationHelper( 3534): setCurrentStateRequest: request=1
07-10 02:12:52.537 W/OpenGLRenderer(32608): Surface doesn't have any previously queued frames, nothing to readback from
07-10 02:12:52.538 W/OpenGLRenderer(32608): Surface doesn't have any previously queued frames, nothing to readback from
07-10 02:12:52.551 W/OpenGLRenderer(32608): Surface doesn't have any previously queued frames, nothing to readback from
07-10 02:12:52.551 W/OpenGLRenderer(32608): Surface doesn't have any previously queued frames, nothing to readback from
07-10 02:12:52.569 W/OpenGLRenderer(32608): Surface doesn't have any previously queued frames, nothing to readback from
07-10 02:12:52.569 W/OpenGLRenderer(32608): Surface doesn't have any previously queued frames, nothing to readback from
07-10 02:12:52.588 W/OpenGLRenderer(32608): Surface doesn't have any previously queued frames, nothing to readback from
07-10 02:12:52.589 W/OpenGLRenderer(32608): Surface doesn't have any previously queued frames, nothing to readback from
07-10 02:12:52.606 W/OpenGLRenderer(32608): Surface doesn't have any previously queued frames, nothing to readback from
07-10 02:12:52.607 W/OpenGLRenderer(32608): Surface doesn't have any previously queued frames, nothing to readback from
07-10 02:12:52.620 D/StatusBarController( 3534): handleMessage: flag 800000  disable false
07-10 02:12:52.620 W/OpenGLRenderer(32608): Surface doesn't have any previously queued frames, nothing to readback from
07-10 02:12:52.620 W/OpenGLRenderer(32608): Surface doesn't have any previously queued frames, nothing to readback from
07-10 02:12:52.636 W/OpenGLRenderer(32608): Surface doesn't have any previously queued frames, nothing to readback from
07-10 02:12:52.636 W/OpenGLRenderer(32608): Surface doesn't have any previously queued frames, nothing to readback from
07-10 02:12:52.655 W/OpenGLRenderer(32608): Surface doesn't have any previously queued frames, nothing to readback from
07-10 02:12:52.656 W/OpenGLRenderer(32608): Surface doesn't have any previously queued frames, nothing to readback from
07-10 02:12:52.669 W/OpenGLRenderer(32608): Surface doesn't have any previously queued frames, nothing to readback from
07-10 02:12:52.670 W/OpenGLRenderer(32608): Surface doesn't have any previously queued frames, nothing to readback from
07-10 02:12:52.687 W/OpenGLRenderer(32608): Surface doesn't have any previously queued frames, nothing to readback from
07-10 02:12:52.688 W/OpenGLRenderer(32608): Surface doesn't have any previously queued frames, nothing to readback from
07-10 02:12:52.703 W/OpenGLRenderer(32608): Surface doesn't have any previously queued frames, nothing to readback from
07-10 02:12:52.704 W/OpenGLRenderer(32608): Surface doesn't have any previously queued frames, nothing to readback from
07-10 02:12:52.720 W/OpenGLRenderer(32608): Surface doesn't have any previously queued frames, nothing to readback from
07-10 02:12:52.721 W/OpenGLRenderer(32608): Surface doesn't have any previously queued frames, nothing to readback from
07-10 02:12:52.736 W/OpenGLRenderer(32608): Surface doesn't have any previously queued frames, nothing to readback from
07-10 02:12:52.736 W/OpenGLRenderer(32608): Surface doesn't have any previously queued frames, nothing to readback from
07-10 02:12:52.751 W/OpenGLRenderer(32608): Surface doesn't have any previously queued frames, nothing to readback from
07-10 02:12:52.752 W/OpenGLRenderer(32608): Surface doesn't have any previously queued frames, nothing to readback from
07-10 02:12:52.770 W/OpenGLRenderer(32608): Surface doesn't have any previously queued frames, nothing to readback from
07-10 02:12:52.771 W/OpenGLRenderer(32608): Surface doesn't have any previously queued frames, nothing to readback from
07-10 02:12:52.786 W/OpenGLRenderer(32608): Surface doesn't have any previously queued frames, nothing to readback from
07-10 02:12:52.786 W/OpenGLRenderer(32608): Surface doesn't have any previously queued frames, nothing to readback from
07-10 02:12:52.793 D/MIUIInput( 1970): [MotionEvent] publisher action=0x4, 292136311, channel '8500e84 NavigationBar0 (server)'
07-10 02:12:52.793 D/MIUIInput( 1970): [MotionEvent] publisher action=0x4, 292136311, channel '1453ccc GoogleDiscoverWindow (server)'
07-10 02:12:52.793 D/MIUIInput( 1970): [MotionEvent] publisher action=0x0, 292136311, channel '59d95de com.miui.home/com.miui.home.launcher.Launcher (server)'
07-10 02:12:52.793 D/MIUIInput( 1970): [MotionEvent] publisher action=0x0, 292136311, channel '[Gesture Monitor] miui-gesture (server)'
07-10 02:12:52.794 D/EventBus( 3534): No subscribers registered for event class com.miui.home.launcher.common.messages.EndSpringAnimatorMessage
07-10 02:12:52.794 D/EventBus( 3534): No subscribers registered for event class org.greenrobot.eventbus.NoSubscriberEvent
07-10 02:12:52.794 D/TaskStackViewTouchHandler( 3534): handleTouchEvent, mActiveTaskView=com.miui.home.recents.views.TaskView{17af80 VFE...CL. ........ 563,723-1032,1818}
07-10 02:12:52.803 W/OpenGLRenderer(32608): Surface doesn't have any previously queued frames, nothing to readback from
07-10 02:12:52.804 E/vendor.qti.hardware.perf@2.2-service( 1301): Unknown params
07-10 02:12:52.806 W/OpenGLRenderer(32608): Surface doesn't have any previously queued frames, nothing to readback from
07-10 02:12:52.819 W/OpenGLRenderer(32608): Surface doesn't have any previously queued frames, nothing to readback from
07-10 02:12:52.819 W/OpenGLRenderer(32608): Surface doesn't have any previously queued frames, nothing to readback from
07-10 02:12:52.834 D/MIUIInput( 1970): [MotionEvent] publisher action=0x1, 292136352, channel '59d95de com.miui.home/com.miui.home.launcher.Launcher (server)'
07-10 02:12:52.834 D/MIUIInput( 1970): [MotionEvent] publisher action=0x1, 292136352, channel '[Gesture Monitor] miui-gesture (server)'
07-10 02:12:52.834 D/TaskStackViewTouchHandler( 3534): reset by scroll up
07-10 02:12:52.835 D/TaskView( 3534): launchTask,animate=true   freezeTaskList=false   isInBackground=true   isUserClick=true
07-10 02:12:52.835 D/RecentsView( 3534): confirmSplitSelect: is not in split select state, return false
07-10 02:12:52.835 E/QuickstepAppTransitionManagerImpl( 3534): getActivityLaunchOptions iconLoc=Rect(0, 0 - 0, 0)
07-10 02:12:52.836 W/OpenGLRenderer(32608): Surface doesn't have any previously queued frames, nothing to readback from
07-10 02:12:52.837 W/OpenGLRenderer(32608): Surface doesn't have any previously queued frames, nothing to readback from
07-10 02:12:52.837 E/vendor.qti.hardware.perf@2.2-service( 1301): Unknown params
07-10 02:12:52.841 I/TransitionController( 1970): requestTransitionIfNeeded mTransitionPlayer is null
07-10 02:12:52.844 D/WindowManager( 1970): wms.Input focus has changed to null display=0 updateInputWindows = true
07-10 02:12:52.844 I/MultiSenceManagerInternalStub( 1970): getInstance
07-10 02:12:52.845 E/vendor.qti.hardware.perf@2.2-service( 1301): Unknown params
07-10 02:12:52.845 D/PerfStubImpl( 1970): perfWarmLaunchBoost: com.example.better_bots, -1, 1
07-10 02:12:52.845 E/vendor.qti.hardware.perf@2.2-service( 1301): Unknown params
07-10 02:12:52.846 D/ActivityTrigger( 1970): ActivityTrigger activityPauseTrigger 
07-10 02:12:52.846 E/vendor.qti.hardware.perf@2.2-service( 1301): Unknown params
07-10 02:12:52.854 D/CompatibilityChangeReporter( 1970): Compat change id reported: 194833441; UID 10980; state: ENABLED
07-10 02:12:52.858 D/ActivityManagerWrapper( 3534): startActivityFromRecents,taskId=24758
07-10 02:12:52.859 D/Launcher.Lifecycle( 3534): onPause:UserHandle{0},f9ddfe1,true
07-10 02:12:52.859 D/Launcher_UnlockAnimationStateMachine( 3534): onPause = IDLE
07-10 02:12:52.859 D/Launcher_UnlockAnimationStateMachine( 3534): setState:PAUSE_WAIT
07-10 02:12:52.859 D/LauncherAssistantCompatGoogle( 3534): onPause com.google.android.libraries.gsa.launcherclient.LauncherClient@3be19af
07-10 02:12:52.860 I/cbfe    (21469): onPause
07-10 02:12:52.861 W/drep    (21469): measuring already stopped.
07-10 02:12:52.862 I/cbfe    (21469): onStop
07-10 02:12:52.862 D/PerfStubImpl( 1970): perfWarmLaunchBoost: com.example.better_bots, -1, 1
07-10 02:12:52.862 E/vendor.qti.hardware.perf@2.2-service( 1301): Unknown params
07-10 02:12:52.863 E/vendor.qti.hardware.perf@2.2-service( 1301): Unknown params
07-10 02:12:52.873 D/CompatibilityChangeReporter( 1970): Compat change id reported: 181136395; UID 10980; state: DISABLED
07-10 02:12:52.873 D/CompatibilityChangeReporter( 1970): Compat change id reported: 174042936; UID 10980; state: DISABLED
07-10 02:12:52.874 I/ForceDarkHelperStubImpl( 9536): setViewRootImplForceDark: false for com.example.better_bots.DebugCrashLogActivity@c6f88e1, reason: AppDarkModeEnable
07-10 02:12:52.874 I/SmartPower.com.example.better_bots:crashlog/10980(9536)( 1970): idle->invisible(219142ms) R(become foreground) adj=702.
07-10 02:12:52.879 I/SurfaceFlinger( 1389): sf.setTransactionState focusRequest transactionId:8461086023663 frontWin:<null>
07-10 02:12:52.881 I/SurfaceFlinger( 1389): sf.transactionIsReadyToBeApplied focusRequest transactionId:8461086023663
07-10 02:12:52.882 D/SurfaceFlinger( 1389): updateInputFlinger::setFocusedWindow: windowName=<null> focusRequests.size=1
07-10 02:12:52.884 D/Launcher.Lifecycle( 3534): onWindowFocusChanged:false,UserHandle{0},f9ddfe1,true
07-10 02:12:52.884 D/DecorView[Launcher]( 3534): onWindowFocusChanged hasWindowFocus false
07-10 02:12:52.887 D/CameraBlackCoveredManager( 1970): mForegroundPackage = com.example.better_bots mOccupiedPackage = com.snapchat.android
07-10 02:12:52.887 I/GST     (16095): forePkg: com.example.better_bots, preForePkg: com.miui.home
07-10 02:12:52.888 E/MiuiActivityController( 1970): MiuiLog-ActivityObserver: There was something wrong : null
07-10 02:12:52.888 W/OpenGLRenderer(32608): Surface doesn't have any previously queued frames, nothing to readback from
07-10 02:12:52.889 D/x1      ( 5771): myUserId = 0	currentUserId0
07-10 02:12:52.890 D/VENUS_GAMEAI_START_GameAiStartManager(16095): 高能时刻未安装
07-10 02:12:52.890 I/OneHandedController( 3500): stopOneHanded mState = 0, uiEvent = 5
07-10 02:12:52.890 D/OneHandedController( 3500): stopOneHanded state isTransitioning or STATE_NONE
07-10 02:12:52.890 D/KeyguardEditorHelper( 3500): onTopActivityMayChanged, topActivity=ComponentInfo{com.example.better_bots/com.example.better_bots.DebugCrashLogActivity}; mState=IDEL
07-10 02:12:52.890 I/FocusedNotifPromptContr( 3500): onTopActivityMayChanged: topActivity=com.example.better_bots
07-10 02:12:52.890 I/FocusedNotifPromptContr( 3500): topActivityMayChanged: topActivity=com.example.better_bots
07-10 02:12:52.891 W/OpenGLRenderer(32608): Surface doesn't have any previously queued frames, nothing to readback from
07-10 02:12:52.892 D/SchedBoost( 1970): com.miui.home boosting, skip reset priority
07-10 02:12:52.892 D/SchedBoost( 1970): com.miui.home boosting, skip reset priority
07-10 02:12:52.893 D/SchedBoost( 1970): com.google.android.webview:sandboxed_process0:org.chromium.content.app.SandboxedProcessService0:9 boosting, skip reset priority
07-10 02:12:52.895 I/NetworkBoostStatusManager( 1970): onForegroundInfoChanged uid:10980, isColdStart:false
07-10 02:12:52.895 I/SLM-SRV-SLAToast( 1970): foreground uid:10980, isColdStart:false, isLinkTurboEnable:false
07-10 02:12:52.895 D/NetworkSDKService( 1970): handleMultiAppsDualWifi isSet = false isEverOpened = false
07-10 02:12:52.895 I/AutoInstallService(24129): onForegroundInfoChanged: com.example.better_bots, needPromptRestore: false
07-10 02:12:52.896 I/ProcessMonitor( 5771): onForegroundInfoChanged: ForegroundInfo{mForegroundPackageName='com.example.better_bots', mForegroundUid=10980, mForegroundPid=9536, mLastForegroundPackageName='com.miui.home', mLastForegroundUid=10088, mLastForegroundPid=3534, mMultiWindowForegroundPackageName='com.example.better_bots', mMultiWindowForegroundUid=10980, mFlags=0}
07-10 02:12:52.896 I/VideoBoxUtils( 5771): isSupportVideoBox: false
07-10 02:12:52.896 D/PerfEngineController( 7573): ForegroundInfo{mForegroundPackageName='com.example.better_bots', mForegroundUid=10980, mForegroundPid=9536, mLastForegroundPackageName='com.miui.home', mLastForegroundUid=10088, mLastForegroundPid=3534, mMultiWindowForegroundPackageName='com.example.better_bots', mMultiWindowForegroundUid=10980, mFlags=0}
07-10 02:12:52.896 I/VideoToolBoxService( 5771): vtb is closed!!!
07-10 02:12:52.896 D/AppObserver( 3534): ForegroundInfo{mForegroundPackageName='com.example.better_bots', mForegroundUid=10980, mForegroundPid=9536, mLastForegroundPackageName='com.miui.home', mLastForegroundUid=10088, mLastForegroundPid=3534, mMultiWindowForegroundPackageName='com.example.better_bots', mMultiWindowForegroundUid=10980, mFlags=0}
07-10 02:12:52.899 W/OpenGLRenderer(32608): Surface doesn't have any previously queued frames, nothing to readback from
07-10 02:12:52.904 D/CompatibilityInfo( 1970): mCompatibilityFlags - 0
07-10 02:12:52.905 D/CompatibilityInfo( 1970): applicationDensity - 440
07-10 02:12:52.906 D/CompatibilityInfo( 1970): applicationScale - 1.0
07-10 02:12:52.907 D/BoundBrokerSvc(13466): onBind: Intent { act=com.google.android.gms.measurement.START pkg=com.google.android.gms }
07-10 02:12:52.907 D/BoundBrokerSvc(13466): Loading bound service for intent: Intent { act=com.google.android.gms.measurement.START pkg=com.google.android.gms }
07-10 02:12:52.910 W/OpenGLRenderer(32608): Surface doesn't have any previously queued frames, nothing to readback from
07-10 02:12:52.912 W/OpenGLRenderer(32608): Surface doesn't have any previously queued frames, nothing to readback from
07-10 02:12:52.915 D/RecentsImpl( 3534): mActivityStateObserver com.example.better_bots.DebugCrashLogActivity
07-10 02:12:52.916 W/RecentsImpl( 3534): onResumed className=com.example.better_bots.DebugCrashLogActivity   mIsInAnotherPro=false   isKeyguardLocked=false   mSecuritySpaceGuideShown=false
07-10 02:12:52.916 D/Aurogon ( 1970):  uid = 10980 switch to FG
07-10 02:12:52.917 I/MiuiNetworkPolicy( 1970): updateUidState uid = 10980, uidState = 2
07-10 02:12:52.918 D/DisplayFeatureHal( 1329): SensorRecordCallbackFunction
07-10 02:12:52.918 D/ProcessObserverV10( 6863): onForegroundActivitiesChanged:pid = 9536,activity-uid=10980,foregroundActivities=true
07-10 02:12:52.918 D/DisplayFeatureHal( 1329): DataCallback enter mLightRun 1  mInteracted_bl 196 mDisplayState 1  kStateOn 1
07-10 02:12:52.918 D/DisplayFeatureHal( 1329): DataCallback enter  mInteracted_bl: 196 lux:  134.8175
07-10 02:12:52.920 W/OpenGLRenderer(32608): Surface doesn't have any previously queued frames, nothing to readback from
07-10 02:12:52.921 W/OpenGLRenderer(32608): Surface doesn't have any previously queued frames, nothing to readback from
07-10 02:12:52.922 I/ActivityManager( 1970): Killing 8196:com.android.keychain/1000 (adj 975): empty #17
07-10 02:12:52.923 D/MI-SF   ( 1389): [FpsStat] construct...
